Archive member included to satisfy reference by file (symbol)

/usr/lib/gcc/arm-none-eabi/14.2.1/../../../arm-none-eabi/lib/thumb/v7-m/nofp/libg_nano.a(libc_a-init.o)
                              /usr/lib/gcc/arm-none-eabi/14.2.1/../../../arm-none-eabi/lib/thumb/v7-m/nofp/crt0.o (__libc_init_array)
/usr/lib/gcc/arm-none-eabi/14.2.1/../../../arm-none-eabi/lib/thumb/v7-m/nofp/libg_nano.a(libc_a-memset.o)
                              /usr/lib/gcc/arm-none-eabi/14.2.1/../../../arm-none-eabi/lib/thumb/v7-m/nofp/crt0.o (memset)
/usr/lib/gcc/arm-none-eabi/14.2.1/../../../arm-none-eabi/lib/thumb/v7-m/nofp/libg_nano.a(libc_a-exit.o)
                              /usr/lib/gcc/arm-none-eabi/14.2.1/../../../arm-none-eabi/lib/thumb/v7-m/nofp/crt0.o (exit)
/usr/lib/gcc/arm-none-eabi/14.2.1/../../../arm-none-eabi/lib/thumb/v7-m/nofp/libg_nano.a(libc_a-atexit.o)
                              /usr/lib/gcc/arm-none-eabi/14.2.1/../../../arm-none-eabi/lib/thumb/v7-m/nofp/crt0.o (atexit)
/usr/lib/gcc/arm-none-eabi/14.2.1/../../../arm-none-eabi/lib/thumb/v7-m/nofp/libg_nano.a(libc_a-fini.o)
                              /usr/lib/gcc/arm-none-eabi/14.2.1/../../../arm-none-eabi/lib/thumb/v7-m/nofp/crt0.o (__libc_fini_array)
/usr/lib/gcc/arm-none-eabi/14.2.1/../../../arm-none-eabi/lib/thumb/v7-m/nofp/libg_nano.a(libc_a-findfp.o)
                              /usr/lib/gcc/arm-none-eabi/14.2.1/../../../arm-none-eabi/lib/thumb/v7-m/nofp/libg_nano.a(libc_a-exit.o) (__stdio_exit_handler)
/usr/lib/gcc/arm-none-eabi/14.2.1/../../../arm-none-eabi/lib/thumb/v7-m/nofp/libg_nano.a(libc_a-fflush.o)
                              /usr/lib/gcc/arm-none-eabi/14.2.1/../../../arm-none-eabi/lib/thumb/v7-m/nofp/libg_nano.a(libc_a-findfp.o) (_fflush_r)
/usr/lib/gcc/arm-none-eabi/14.2.1/../../../arm-none-eabi/lib/thumb/v7-m/nofp/libg_nano.a(libc_a-mallocr.o)
                              /usr/lib/gcc/arm-none-eabi/14.2.1/../../../arm-none-eabi/lib/thumb/v7-m/nofp/libg_nano.a(libc_a-findfp.o) (_malloc_r)
/usr/lib/gcc/arm-none-eabi/14.2.1/../../../arm-none-eabi/lib/thumb/v7-m/nofp/libg_nano.a(libc_a-freer.o)
                              /usr/lib/gcc/arm-none-eabi/14.2.1/../../../arm-none-eabi/lib/thumb/v7-m/nofp/libg_nano.a(libc_a-fflush.o) (_free_r)
/usr/lib/gcc/arm-none-eabi/14.2.1/../../../arm-none-eabi/lib/thumb/v7-m/nofp/libg_nano.a(libc_a-fwalk.o)
                              /usr/lib/gcc/arm-none-eabi/14.2.1/../../../arm-none-eabi/lib/thumb/v7-m/nofp/libg_nano.a(libc_a-findfp.o) (_fwalk_sglue)
/usr/lib/gcc/arm-none-eabi/14.2.1/../../../arm-none-eabi/lib/thumb/v7-m/nofp/libg_nano.a(libc_a-__atexit.o)
                              /usr/lib/gcc/arm-none-eabi/14.2.1/../../../arm-none-eabi/lib/thumb/v7-m/nofp/libg_nano.a(libc_a-atexit.o) (__register_exitproc)
/usr/lib/gcc/arm-none-eabi/14.2.1/../../../arm-none-eabi/lib/thumb/v7-m/nofp/libg_nano.a(libc_a-impure.o)
                              /usr/lib/gcc/arm-none-eabi/14.2.1/../../../arm-none-eabi/lib/thumb/v7-m/nofp/libg_nano.a(libc_a-fflush.o) (_impure_ptr)
/usr/lib/gcc/arm-none-eabi/14.2.1/../../../arm-none-eabi/lib/thumb/v7-m/nofp/libg_nano.a(libc_a-mlock.o)
                              /usr/lib/gcc/arm-none-eabi/14.2.1/../../../arm-none-eabi/lib/thumb/v7-m/nofp/libg_nano.a(libc_a-mallocr.o) (__malloc_lock)
/usr/lib/gcc/arm-none-eabi/14.2.1/../../../arm-none-eabi/lib/thumb/v7-m/nofp/libg_nano.a(libc_a-sbrkr.o)
                              /usr/lib/gcc/arm-none-eabi/14.2.1/../../../arm-none-eabi/lib/thumb/v7-m/nofp/libg_nano.a(libc_a-mallocr.o) (_sbrk_r)
/usr/lib/gcc/arm-none-eabi/14.2.1/../../../arm-none-eabi/lib/thumb/v7-m/nofp/libg_nano.a(libc_a-stdio.o)
                              /usr/lib/gcc/arm-none-eabi/14.2.1/../../../arm-none-eabi/lib/thumb/v7-m/nofp/libg_nano.a(libc_a-findfp.o) (__sread)
/usr/lib/gcc/arm-none-eabi/14.2.1/../../../arm-none-eabi/lib/thumb/v7-m/nofp/libg_nano.a(libc_a-readr.o)
                              /usr/lib/gcc/arm-none-eabi/14.2.1/../../../arm-none-eabi/lib/thumb/v7-m/nofp/libg_nano.a(libc_a-stdio.o) (_read_r)
/usr/lib/gcc/arm-none-eabi/14.2.1/../../../arm-none-eabi/lib/thumb/v7-m/nofp/libg_nano.a(libc_a-writer.o)
                              /usr/lib/gcc/arm-none-eabi/14.2.1/../../../arm-none-eabi/lib/thumb/v7-m/nofp/libg_nano.a(libc_a-stdio.o) (_write_r)
/usr/lib/gcc/arm-none-eabi/14.2.1/../../../arm-none-eabi/lib/thumb/v7-m/nofp/libg_nano.a(libc_a-closer.o)
                              /usr/lib/gcc/arm-none-eabi/14.2.1/../../../arm-none-eabi/lib/thumb/v7-m/nofp/libg_nano.a(libc_a-stdio.o) (_close_r)
/usr/lib/gcc/arm-none-eabi/14.2.1/../../../arm-none-eabi/lib/thumb/v7-m/nofp/libg_nano.a(libc_a-lseekr.o)
                              /usr/lib/gcc/arm-none-eabi/14.2.1/../../../arm-none-eabi/lib/thumb/v7-m/nofp/libg_nano.a(libc_a-stdio.o) (_lseek_r)
/usr/lib/gcc/arm-none-eabi/14.2.1/../../../arm-none-eabi/lib/thumb/v7-m/nofp/libg_nano.a(libc_a-__call_atexit.o)
                              /usr/lib/gcc/arm-none-eabi/14.2.1/../../../arm-none-eabi/lib/thumb/v7-m/nofp/libg_nano.a(libc_a-__atexit.o) (__call_exitprocs)
/usr/lib/gcc/arm-none-eabi/14.2.1/../../../arm-none-eabi/lib/thumb/v7-m/nofp/libg_nano.a(libc_a-reent.o)
                              /usr/lib/gcc/arm-none-eabi/14.2.1/../../../arm-none-eabi/lib/thumb/v7-m/nofp/libg_nano.a(libc_a-sbrkr.o) (errno)

Discarded input sections

 .text          0x00000000        0x0 /usr/lib/gcc/arm-none-eabi/14.2.1/thumb/v7-m/nofp/crti.o
 .data          0x00000000        0x0 /usr/lib/gcc/arm-none-eabi/14.2.1/thumb/v7-m/nofp/crti.o
 .bss           0x00000000        0x0 /usr/lib/gcc/arm-none-eabi/14.2.1/thumb/v7-m/nofp/crti.o
 .text          0x00000000       0x88 /usr/lib/gcc/arm-none-eabi/14.2.1/thumb/v7-m/nofp/crtbegin.o
 .data          0x00000000        0x4 /usr/lib/gcc/arm-none-eabi/14.2.1/thumb/v7-m/nofp/crtbegin.o
 .bss           0x00000000       0x1c /usr/lib/gcc/arm-none-eabi/14.2.1/thumb/v7-m/nofp/crtbegin.o
 .rodata        0x00000000       0x24 /usr/lib/gcc/arm-none-eabi/14.2.1/thumb/v7-m/nofp/crtbegin.o
 .init_array    0x00000000        0x4 /usr/lib/gcc/arm-none-eabi/14.2.1/thumb/v7-m/nofp/crtbegin.o
 .fini_array    0x00000000        0x4 /usr/lib/gcc/arm-none-eabi/14.2.1/thumb/v7-m/nofp/crtbegin.o
 .eh_frame      0x00000000        0x0 /usr/lib/gcc/arm-none-eabi/14.2.1/thumb/v7-m/nofp/crtbegin.o
 .tm_clone_table
                0x00000000        0x0 /usr/lib/gcc/arm-none-eabi/14.2.1/thumb/v7-m/nofp/crtbegin.o
 .comment       0x00000000       0x27 /usr/lib/gcc/arm-none-eabi/14.2.1/thumb/v7-m/nofp/crtbegin.o
 .ARM.attributes
                0x00000000       0x2d /usr/lib/gcc/arm-none-eabi/14.2.1/thumb/v7-m/nofp/crtbegin.o
 .text          0x00000000       0x70 /usr/lib/gcc/arm-none-eabi/14.2.1/../../../arm-none-eabi/lib/thumb/v7-m/nofp/crt0.o
 .data          0x00000000        0x0 /usr/lib/gcc/arm-none-eabi/14.2.1/../../../arm-none-eabi/lib/thumb/v7-m/nofp/crt0.o
 .bss           0x00000000        0x0 /usr/lib/gcc/arm-none-eabi/14.2.1/../../../arm-none-eabi/lib/thumb/v7-m/nofp/crt0.o
 .ARM.extab     0x00000000        0x0 /usr/lib/gcc/arm-none-eabi/14.2.1/../../../arm-none-eabi/lib/thumb/v7-m/nofp/crt0.o
 .ARM.exidx     0x00000000       0x10 /usr/lib/gcc/arm-none-eabi/14.2.1/../../../arm-none-eabi/lib/thumb/v7-m/nofp/crt0.o
 .debug_line    0x00000000       0x75 /usr/lib/gcc/arm-none-eabi/14.2.1/../../../arm-none-eabi/lib/thumb/v7-m/nofp/crt0.o
 .debug_line_str
                0x00000000       0x82 /usr/lib/gcc/arm-none-eabi/14.2.1/../../../arm-none-eabi/lib/thumb/v7-m/nofp/crt0.o
 .debug_info    0x00000000       0x24 /usr/lib/gcc/arm-none-eabi/14.2.1/../../../arm-none-eabi/lib/thumb/v7-m/nofp/crt0.o
 .debug_abbrev  0x00000000       0x14 /usr/lib/gcc/arm-none-eabi/14.2.1/../../../arm-none-eabi/lib/thumb/v7-m/nofp/crt0.o
 .debug_aranges
                0x00000000       0x20 /usr/lib/gcc/arm-none-eabi/14.2.1/../../../arm-none-eabi/lib/thumb/v7-m/nofp/crt0.o
 .debug_str     0x00000000       0x91 /usr/lib/gcc/arm-none-eabi/14.2.1/../../../arm-none-eabi/lib/thumb/v7-m/nofp/crt0.o
 .ARM.attributes
                0x00000000       0x1b /usr/lib/gcc/arm-none-eabi/14.2.1/../../../arm-none-eabi/lib/thumb/v7-m/nofp/crt0.o
 .text          0x00000000       0xa4 /tmp/ccWnUp4L.o
 .data          0x00000000        0x0 /tmp/ccWnUp4L.o
 .bss           0x00000000        0x0 /tmp/ccWnUp4L.o
 .debug_info    0x00000000      0x56a /tmp/ccWnUp4L.o
 .debug_abbrev  0x00000000       0xd6 /tmp/ccWnUp4L.o
 .debug_loclists
                0x00000000      0x27e /tmp/ccWnUp4L.o
 .debug_aranges
                0x00000000       0x20 /tmp/ccWnUp4L.o
 .debug_rnglists
                0x00000000       0x14 /tmp/ccWnUp4L.o
 .debug_line    0x00000000      0x1af /tmp/ccWnUp4L.o
 .debug_str     0x00000000      0x26a /tmp/ccWnUp4L.o
 .comment       0x00000000       0x27 /tmp/ccWnUp4L.o
 .debug_frame   0x00000000      0x170 /tmp/ccWnUp4L.o
 .ARM.attributes
                0x00000000       0x2d /tmp/ccWnUp4L.o
 .bss           0x00000000        0x0 /tmp/cc6E4NM9.o
 .text          0x00000000       0xb4 /tmp/cc4r1qm3.o
 .data          0x00000000        0x0 /tmp/cc4r1qm3.o
 .bss           0x00000000        0x0 /tmp/cc4r1qm3.o
 .debug_info    0x00000000      0x4d6 /tmp/cc4r1qm3.o
 .debug_abbrev  0x00000000      0x1a4 /tmp/cc4r1qm3.o
 .debug_loclists
                0x00000000      0x103 /tmp/cc4r1qm3.o
 .debug_aranges
                0x00000000       0x20 /tmp/cc4r1qm3.o
 .debug_line    0x00000000      0x1b2 /tmp/cc4r1qm3.o
 .debug_str     0x00000000      0x356 /tmp/cc4r1qm3.o
 .comment       0x00000000       0x27 /tmp/cc4r1qm3.o
 .debug_frame   0x00000000       0x6c /tmp/cc4r1qm3.o
 .ARM.attributes
                0x00000000       0x2d /tmp/cc4r1qm3.o
 .text          0x00000000      0x3b4 /tmp/ccOwLWk7.o
 .data          0x00000000        0x0 /tmp/ccOwLWk7.o
 .bss           0x00000000        0x0 /tmp/ccOwLWk7.o
 .debug_info    0x00000000      0xc78 /tmp/ccOwLWk7.o
 .debug_abbrev  0x00000000      0x237 /tmp/ccOwLWk7.o
 .debug_loclists
                0x00000000      0x7c0 /tmp/ccOwLWk7.o
 .debug_aranges
                0x00000000       0x20 /tmp/ccOwLWk7.o
 .debug_line    0x00000000      0x7b8 /tmp/ccOwLWk7.o
 .debug_str     0x00000000      0x6a5 /tmp/ccOwLWk7.o
 .comment       0x00000000       0x27 /tmp/ccOwLWk7.o
 .debug_frame   0x00000000      0x298 /tmp/ccOwLWk7.o
 .ARM.attributes
                0x00000000       0x2d /tmp/ccOwLWk7.o
 .text          0x00000000       0xec /tmp/ccS2lnla.o
 .data          0x00000000        0x0 /tmp/ccS2lnla.o
 .bss           0x00000000        0x0 /tmp/ccS2lnla.o
 .debug_info    0x00000000      0x78d /tmp/ccS2lnla.o
 .debug_abbrev  0x00000000      0x1d6 /tmp/ccS2lnla.o
 .debug_loclists
                0x00000000       0x8e /tmp/ccS2lnla.o
 .debug_aranges
                0x00000000       0x20 /tmp/ccS2lnla.o
 .debug_line    0x00000000      0x200 /tmp/ccS2lnla.o
 .debug_str     0x00000000      0x55b /tmp/ccS2lnla.o
 .comment       0x00000000       0x27 /tmp/ccS2lnla.o
 .debug_frame   0x00000000       0xec /tmp/ccS2lnla.o
 .ARM.attributes
                0x00000000       0x2d /tmp/ccS2lnla.o
 .text          0x00000000      0x824 /tmp/ccSv1haM.o
 .data          0x00000000        0x0 /tmp/ccSv1haM.o
 .bss           0x00000000        0x0 /tmp/ccSv1haM.o
 .debug_info    0x00000000      0xfb0 /tmp/ccSv1haM.o
 .debug_abbrev  0x00000000      0x300 /tmp/ccSv1haM.o
 .debug_loclists
                0x00000000      0x8d7 /tmp/ccSv1haM.o
 .debug_aranges
                0x00000000       0x20 /tmp/ccSv1haM.o
 .debug_rnglists
                0x00000000       0x17 /tmp/ccSv1haM.o
 .debug_line    0x00000000      0xc64 /tmp/ccSv1haM.o
 .debug_str     0x00000000      0x6d8 /tmp/ccSv1haM.o
 .comment       0x00000000       0x27 /tmp/ccSv1haM.o
 .debug_frame   0x00000000      0x1d4 /tmp/ccSv1haM.o
 .ARM.attributes
                0x00000000       0x2d /tmp/ccSv1haM.o
 .text          0x00000000      0x120 /tmp/ccppRgTX.o
 .data          0x00000000        0x0 /tmp/ccppRgTX.o
 .bss           0x00000000        0x0 /tmp/ccppRgTX.o
 .debug_info    0x00000000      0x445 /tmp/ccppRgTX.o
 .debug_abbrev  0x00000000      0x246 /tmp/ccppRgTX.o
 .debug_loclists
                0x00000000      0x131 /tmp/ccppRgTX.o
 .debug_aranges
                0x00000000       0x20 /tmp/ccppRgTX.o
 .debug_line    0x00000000      0x281 /tmp/ccppRgTX.o
 .debug_str     0x00000000      0x320 /tmp/ccppRgTX.o
 .comment       0x00000000       0x27 /tmp/ccppRgTX.o
 .debug_frame   0x00000000      0x114 /tmp/ccppRgTX.o
 .ARM.attributes
                0x00000000       0x2d /tmp/ccppRgTX.o
 .text          0x00000000       0x5c /tmp/ccHShR4T.o
 .data          0x00000000        0x0 /tmp/ccHShR4T.o
 .bss           0x00000000        0x0 /tmp/ccHShR4T.o
 .debug_info    0x00000000      0x1d0 /tmp/ccHShR4T.o
 .debug_abbrev  0x00000000      0x137 /tmp/ccHShR4T.o
 .debug_loclists
                0x00000000       0x5e /tmp/ccHShR4T.o
 .debug_aranges
                0x00000000       0x20 /tmp/ccHShR4T.o
 .debug_line    0x00000000      0x11b /tmp/ccHShR4T.o
 .debug_str     0x00000000      0x1ce /tmp/ccHShR4T.o
 .comment       0x00000000       0x27 /tmp/ccHShR4T.o
 .debug_frame   0x00000000       0x70 /tmp/ccHShR4T.o
 .ARM.attributes
                0x00000000       0x2d /tmp/ccHShR4T.o
 .text          0x00000000      0x174 /tmp/ccfuSeGq.o
 .data          0x00000000        0x0 /tmp/ccfuSeGq.o
 .bss           0x00000000        0x0 /tmp/ccfuSeGq.o
 .debug_info    0x00000000      0x4d8 /tmp/ccfuSeGq.o
 .debug_abbrev  0x00000000      0x214 /tmp/ccfuSeGq.o
 .debug_loclists
                0x00000000      0x202 /tmp/ccfuSeGq.o
 .debug_aranges
                0x00000000       0x20 /tmp/ccfuSeGq.o
 .debug_line    0x00000000      0x301 /tmp/ccfuSeGq.o
 .debug_str     0x00000000      0x359 /tmp/ccfuSeGq.o
 .comment       0x00000000       0x27 /tmp/ccfuSeGq.o
 .debug_frame   0x00000000      0x100 /tmp/ccfuSeGq.o
 .ARM.attributes
                0x00000000       0x2d /tmp/ccfuSeGq.o
 .text          0x00000000       0x34 /tmp/ccTDQ6F0.o
 .data          0x00000000        0x0 /tmp/ccTDQ6F0.o
 .bss           0x00000000        0x0 /tmp/ccTDQ6F0.o
 .debug_info    0x00000000      0x131 /tmp/ccTDQ6F0.o
 .debug_abbrev  0x00000000       0xe7 /tmp/ccTDQ6F0.o
 .debug_aranges
                0x00000000       0x20 /tmp/ccTDQ6F0.o
 .debug_line    0x00000000       0xd7 /tmp/ccTDQ6F0.o
 .debug_str     0x00000000      0x19a /tmp/ccTDQ6F0.o
 .comment       0x00000000       0x27 /tmp/ccTDQ6F0.o
 .debug_frame   0x00000000       0x40 /tmp/ccTDQ6F0.o
 .ARM.attributes
                0x00000000       0x2d /tmp/ccTDQ6F0.o
 .text          0x00000000      0x218 /tmp/cc8IGs5S.o
 .data          0x00000000        0x0 /tmp/cc8IGs5S.o
 .bss           0x00000000        0x0 /tmp/cc8IGs5S.o
 .debug_info    0x00000000      0x439 /tmp/cc8IGs5S.o
 .debug_abbrev  0x00000000      0x235 /tmp/cc8IGs5S.o
 .debug_loclists
                0x00000000       0xb1 /tmp/cc8IGs5S.o
 .debug_aranges
                0x00000000       0x20 /tmp/cc8IGs5S.o
 .debug_line    0x00000000      0x390 /tmp/cc8IGs5S.o
 .debug_str     0x00000000      0x354 /tmp/cc8IGs5S.o
 .comment       0x00000000       0x27 /tmp/cc8IGs5S.o
 .debug_frame   0x00000000       0xcc /tmp/cc8IGs5S.o
 .ARM.attributes
                0x00000000       0x2d /tmp/cc8IGs5S.o
 .text          0x00000000       0xf4 /tmp/ccQRVUvc.o
 .data          0x00000000        0x0 /tmp/ccQRVUvc.o
 .bss           0x00000000        0x0 /tmp/ccQRVUvc.o
 .debug_info    0x00000000      0x32f /tmp/ccQRVUvc.o
 .debug_abbrev  0x00000000      0x1e3 /tmp/ccQRVUvc.o
 .debug_loclists
                0x00000000      0x167 /tmp/ccQRVUvc.o
 .debug_aranges
                0x00000000       0x20 /tmp/ccQRVUvc.o
 .debug_line    0x00000000      0x248 /tmp/ccQRVUvc.o
 .debug_str     0x00000000      0x2f1 /tmp/ccQRVUvc.o
 .comment       0x00000000       0x27 /tmp/ccQRVUvc.o
 .debug_frame   0x00000000       0xac /tmp/ccQRVUvc.o
 .ARM.attributes
                0x00000000       0x2d /tmp/ccQRVUvc.o
 .text          0x00000000      0xbdc /tmp/ccnQ9rzF.o
 .data          0x00000000        0x0 /tmp/ccnQ9rzF.o
 .bss           0x00000000        0x0 /tmp/ccnQ9rzF.o
 .debug_info    0x00000000     0x1aaf /tmp/ccnQ9rzF.o
 .debug_abbrev  0x00000000      0x2bd /tmp/ccnQ9rzF.o
 .debug_loclists
                0x00000000     0x2775 /tmp/ccnQ9rzF.o
 .debug_aranges
                0x00000000       0x20 /tmp/ccnQ9rzF.o
 .debug_rnglists
                0x00000000      0x760 /tmp/ccnQ9rzF.o
 .debug_line    0x00000000     0x1dc8 /tmp/ccnQ9rzF.o
 .debug_str     0x00000000      0x57b /tmp/ccnQ9rzF.o
 .comment       0x00000000       0x27 /tmp/ccnQ9rzF.o
 .debug_frame   0x00000000      0x270 /tmp/ccnQ9rzF.o
 .ARM.attributes
                0x00000000       0x2d /tmp/ccnQ9rzF.o
 .text          0x00000000      0x4c4 /tmp/cca0WXVy.o
 .data          0x00000000        0x0 /tmp/cca0WXVy.o
 .bss           0x00000000        0x0 /tmp/cca0WXVy.o
 .debug_info    0x00000000      0x90c /tmp/cca0WXVy.o
 .debug_abbrev  0x00000000      0x1ca /tmp/cca0WXVy.o
 .debug_loclists
                0x00000000      0x370 /tmp/cca0WXVy.o
 .debug_aranges
                0x00000000       0x20 /tmp/cca0WXVy.o
 .debug_line    0x00000000      0x819 /tmp/cca0WXVy.o
 .debug_str     0x00000000      0x717 /tmp/cca0WXVy.o
 .comment       0x00000000       0x27 /tmp/cca0WXVy.o
 .debug_frame   0x00000000      0x1a0 /tmp/cca0WXVy.o
 .ARM.attributes
                0x00000000       0x2d /tmp/cca0WXVy.o
 .text          0x00000000      0x2e0 /tmp/ccFPJcc4.o
 .data          0x00000000        0x0 /tmp/ccFPJcc4.o
 .bss           0x00000000        0x0 /tmp/ccFPJcc4.o
 .debug_info    0x00000000      0x8a6 /tmp/ccFPJcc4.o
 .debug_abbrev  0x00000000      0x261 /tmp/ccFPJcc4.o
 .debug_loclists
                0x00000000      0x552 /tmp/ccFPJcc4.o
 .debug_aranges
                0x00000000       0x20 /tmp/ccFPJcc4.o
 .debug_line    0x00000000      0x585 /tmp/ccFPJcc4.o
 .debug_str     0x00000000      0x4c3 /tmp/ccFPJcc4.o
 .comment       0x00000000       0x27 /tmp/ccFPJcc4.o
 .debug_frame   0x00000000      0x194 /tmp/ccFPJcc4.o
 .ARM.attributes
                0x00000000       0x2d /tmp/ccFPJcc4.o
 .text          0x00000000      0x41c /tmp/ccSzEx5k.o
 .data          0x00000000        0x0 /tmp/ccSzEx5k.o
 .bss           0x00000000        0x0 /tmp/ccSzEx5k.o
 .debug_info    0x00000000      0xbb2 /tmp/ccSzEx5k.o
 .debug_abbrev  0x00000000      0x2b1 /tmp/ccSzEx5k.o
 .debug_loclists
                0x00000000      0x541 /tmp/ccSzEx5k.o
 .debug_aranges
                0x00000000       0x20 /tmp/ccSzEx5k.o
 .debug_line    0x00000000      0x6ff /tmp/ccSzEx5k.o
 .debug_str     0x00000000      0x622 /tmp/ccSzEx5k.o
 .comment       0x00000000       0x27 /tmp/ccSzEx5k.o
 .debug_frame   0x00000000      0x26c /tmp/ccSzEx5k.o
 .ARM.attributes
                0x00000000       0x2d /tmp/ccSzEx5k.o
 .text          0x00000000       0x58 /tmp/cc8so5aW.o
 .data          0x00000000        0x0 /tmp/cc8so5aW.o
 .bss           0x00000000        0x0 /tmp/cc8so5aW.o
 .debug_info    0x00000000      0x1c6 /tmp/cc8so5aW.o
 .debug_abbrev  0x00000000      0x140 /tmp/cc8so5aW.o
 .debug_loclists
                0x00000000       0x42 /tmp/cc8so5aW.o
 .debug_aranges
                0x00000000       0x20 /tmp/cc8so5aW.o
 .debug_line    0x00000000       0xfd /tmp/cc8so5aW.o
 .debug_str     0x00000000      0x1ef /tmp/cc8so5aW.o
 .comment       0x00000000       0x27 /tmp/cc8so5aW.o
 .debug_frame   0x00000000       0x70 /tmp/cc8so5aW.o
 .ARM.attributes
                0x00000000       0x2d /tmp/cc8so5aW.o
 .text          0x00000000       0xdc /tmp/ccubbJWE.o
 .data          0x00000000        0x0 /tmp/ccubbJWE.o
 .bss           0x00000000        0x0 /tmp/ccubbJWE.o
 .debug_info    0x00000000      0x464 /tmp/ccubbJWE.o
 .debug_abbrev  0x00000000      0x204 /tmp/ccubbJWE.o
 .debug_loclists
                0x00000000       0x82 /tmp/ccubbJWE.o
 .debug_aranges
                0x00000000       0x20 /tmp/ccubbJWE.o
 .debug_line    0x00000000      0x243 /tmp/ccubbJWE.o
 .debug_str     0x00000000      0x2bc /tmp/ccubbJWE.o
 .comment       0x00000000       0x27 /tmp/ccubbJWE.o
 .debug_frame   0x00000000       0xb8 /tmp/ccubbJWE.o
 .ARM.attributes
                0x00000000       0x2d /tmp/ccubbJWE.o
 .text          0x00000000      0x35c /tmp/cctAFxz4.o
 .data          0x00000000        0x0 /tmp/cctAFxz4.o
 .bss           0x00000000        0x0 /tmp/cctAFxz4.o
 .rodata        0x00000000       0x14 /tmp/cctAFxz4.o
 .debug_info    0x00000000      0x92b /tmp/cctAFxz4.o
 .debug_abbrev  0x00000000      0x29e /tmp/cctAFxz4.o
 .debug_loclists
                0x00000000      0x3b3 /tmp/cctAFxz4.o
 .debug_aranges
                0x00000000       0x20 /tmp/cctAFxz4.o
 .debug_rnglists
                0x00000000       0x1f /tmp/cctAFxz4.o
 .debug_line    0x00000000      0x697 /tmp/cctAFxz4.o
 .debug_str     0x00000000      0x5ad /tmp/cctAFxz4.o
 .comment       0x00000000       0x27 /tmp/cctAFxz4.o
 .debug_frame   0x00000000      0x228 /tmp/cctAFxz4.o
 .ARM.attributes
                0x00000000       0x2d /tmp/cctAFxz4.o
 .text          0x00000000      0x170 /tmp/ccJU2boC.o
 .data          0x00000000        0x0 /tmp/ccJU2boC.o
 .bss           0x00000000        0x0 /tmp/ccJU2boC.o
 .debug_info    0x00000000      0x48e /tmp/ccJU2boC.o
 .debug_abbrev  0x00000000      0x227 /tmp/ccJU2boC.o
 .debug_loclists
                0x00000000      0x14c /tmp/ccJU2boC.o
 .debug_aranges
                0x00000000       0x20 /tmp/ccJU2boC.o
 .debug_line    0x00000000      0x2a1 /tmp/ccJU2boC.o
 .debug_str     0x00000000      0x335 /tmp/ccJU2boC.o
 .comment       0x00000000       0x27 /tmp/ccJU2boC.o
 .debug_frame   0x00000000       0xf0 /tmp/ccJU2boC.o
 .ARM.attributes
                0x00000000       0x2d /tmp/ccJU2boC.o
 .text          0x00000000      0x230 /tmp/ccj4N9xH.o
 .data          0x00000000        0x0 /tmp/ccj4N9xH.o
 .bss           0x00000000        0x0 /tmp/ccj4N9xH.o
 .debug_info    0x00000000      0x7c2 /tmp/ccj4N9xH.o
 .debug_abbrev  0x00000000      0x2a7 /tmp/ccj4N9xH.o
 .debug_loclists
                0x00000000      0x164 /tmp/ccj4N9xH.o
 .debug_aranges
                0x00000000       0x20 /tmp/ccj4N9xH.o
 .debug_line    0x00000000      0x3d6 /tmp/ccj4N9xH.o
 .debug_str     0x00000000      0x5ce /tmp/ccj4N9xH.o
 .comment       0x00000000       0x27 /tmp/ccj4N9xH.o
 .debug_frame   0x00000000      0x21c /tmp/ccj4N9xH.o
 .ARM.attributes
                0x00000000       0x2d /tmp/ccj4N9xH.o
 .text          0x00000000      0x2f4 /tmp/ccLEB8Hj.o
 .data          0x00000000        0x0 /tmp/ccLEB8Hj.o
 .bss           0x00000000        0x0 /tmp/ccLEB8Hj.o
 .debug_info    0x00000000      0x9ff /tmp/ccLEB8Hj.o
 .debug_abbrev  0x00000000      0x23c /tmp/ccLEB8Hj.o
 .debug_loclists
                0x00000000      0x590 /tmp/ccLEB8Hj.o
 .debug_aranges
                0x00000000       0x20 /tmp/ccLEB8Hj.o
 .debug_line    0x00000000      0x546 /tmp/ccLEB8Hj.o
 .debug_str     0x00000000      0x5d0 /tmp/ccLEB8Hj.o
 .comment       0x00000000       0x27 /tmp/ccLEB8Hj.o
 .debug_frame   0x00000000      0x1bc /tmp/ccLEB8Hj.o
 .ARM.attributes
                0x00000000       0x2d /tmp/ccLEB8Hj.o
 .text          0x00000000      0xf40 /tmp/ccPCPh2c.o
 .data          0x00000000        0x0 /tmp/ccPCPh2c.o
 .bss           0x00000000        0x0 /tmp/ccPCPh2c.o
 .debug_info    0x00000000     0x25bd /tmp/ccPCPh2c.o
 .debug_abbrev  0x00000000      0x332 /tmp/ccPCPh2c.o
 .debug_loclists
                0x00000000     0x1478 /tmp/ccPCPh2c.o
 .debug_aranges
                0x00000000       0x20 /tmp/ccPCPh2c.o
 .debug_rnglists
                0x00000000       0x62 /tmp/ccPCPh2c.o
 .debug_line    0x00000000     0x18f5 /tmp/ccPCPh2c.o
 .debug_str     0x00000000      0xd9e /tmp/ccPCPh2c.o
 .comment       0x00000000       0x27 /tmp/ccPCPh2c.o
 .debug_frame   0x00000000      0x6c8 /tmp/ccPCPh2c.o
 .ARM.attributes
                0x00000000       0x2d /tmp/ccPCPh2c.o
 .text          0x00000000      0x3f8 /tmp/ccH6nHa0.o
 .data          0x00000000        0x0 /tmp/ccH6nHa0.o
 .bss           0x00000000        0x0 /tmp/ccH6nHa0.o
 .debug_info    0x00000000      0xb5e /tmp/ccH6nHa0.o
 .debug_abbrev  0x00000000      0x223 /tmp/ccH6nHa0.o
 .debug_loclists
                0x00000000      0x690 /tmp/ccH6nHa0.o
 .debug_aranges
                0x00000000       0x20 /tmp/ccH6nHa0.o
 .debug_line    0x00000000      0x6a4 /tmp/ccH6nHa0.o
 .debug_str     0x00000000      0x663 /tmp/ccH6nHa0.o
 .comment       0x00000000       0x27 /tmp/ccH6nHa0.o
 .debug_frame   0x00000000      0x224 /tmp/ccH6nHa0.o
 .ARM.attributes
                0x00000000       0x2d /tmp/ccH6nHa0.o
 .text          0x00000000       0xa0 /tmp/cci4kknw.o
 .data          0x00000000        0x0 /tmp/cci4kknw.o
 .bss           0x00000000        0x0 /tmp/cci4kknw.o
 .debug_info    0x00000000      0x258 /tmp/cci4kknw.o
 .debug_abbrev  0x00000000      0x18f /tmp/cci4kknw.o
 .debug_loclists
                0x00000000       0x65 /tmp/cci4kknw.o
 .debug_aranges
                0x00000000       0x20 /tmp/cci4kknw.o
 .debug_line    0x00000000      0x18c /tmp/cci4kknw.o
 .debug_str     0x00000000      0x222 /tmp/cci4kknw.o
 .comment       0x00000000       0x27 /tmp/cci4kknw.o
 .debug_frame   0x00000000       0xa4 /tmp/cci4kknw.o
 .ARM.attributes
                0x00000000       0x2d /tmp/cci4kknw.o
 .data          0x00000000        0x0 /tmp/ccjjZ702.o
 .bss           0x00000000        0x0 /tmp/ccjjZ702.o
 .text          0x00000000       0xc4 /tmp/cc9VSZjH.o
 .data          0x00000000        0x0 /tmp/cc9VSZjH.o
 .bss           0x00000000        0x0 /tmp/cc9VSZjH.o
 .debug_info    0x00000000      0x518 /tmp/cc9VSZjH.o
 .debug_abbrev  0x00000000      0x200 /tmp/cc9VSZjH.o
 .debug_loclists
                0x00000000      0x224 /tmp/cc9VSZjH.o
 .debug_aranges
                0x00000000       0x20 /tmp/cc9VSZjH.o
 .debug_line    0x00000000      0x2c4 /tmp/cc9VSZjH.o
 .debug_str     0x00000000      0x23c /tmp/cc9VSZjH.o
 .comment       0x00000000       0x27 /tmp/cc9VSZjH.o
 .debug_frame   0x00000000       0x3c /tmp/cc9VSZjH.o
 .ARM.attributes
                0x00000000       0x2d /tmp/cc9VSZjH.o
 .text          0x00000000       0x98 /tmp/ccJ6C5vc.o
 .data          0x00000000        0x0 /tmp/ccJ6C5vc.o
 .bss           0x00000000        0x0 /tmp/ccJ6C5vc.o
 .debug_info    0x00000000      0x43d /tmp/ccJ6C5vc.o
 .debug_abbrev  0x00000000      0x1df /tmp/ccJ6C5vc.o
 .debug_loclists
                0x00000000      0x1ba /tmp/ccJ6C5vc.o
 .debug_aranges
                0x00000000       0x20 /tmp/ccJ6C5vc.o
 .debug_rnglists
                0x00000000       0x3b /tmp/ccJ6C5vc.o
 .debug_line    0x00000000      0x266 /tmp/ccJ6C5vc.o
 .debug_str     0x00000000      0x1df /tmp/ccJ6C5vc.o
 .comment       0x00000000       0x27 /tmp/ccJ6C5vc.o
 .debug_frame   0x00000000       0x94 /tmp/ccJ6C5vc.o
 .ARM.attributes
                0x00000000       0x2d /tmp/ccJ6C5vc.o
 .bss           0x00000000        0x0 /tmp/ccxaxFAx.o
 .data          0x00000000        0x0 /tmp/ccFm5nq5.o
 .bss           0x00000000        0x0 /tmp/ccFm5nq5.o
 .data          0x00000000        0x0 /tmp/ccpE0LjT.o
 .bss           0x00000000        0x0 /tmp/ccpE0LjT.o
 .text          0x00000000       0x14 /tmp/cccxhfwY.o
 .data          0x00000000        0x0 /tmp/cccxhfwY.o
 .bss           0x00000000        0x0 /tmp/cccxhfwY.o
 .data          0x00000000        0x0 /usr/lib/gcc/arm-none-eabi/14.2.1/../../../arm-none-eabi/lib/thumb/v7-m/nofp/libg_nano.a(libc_a-init.o)
 .bss           0x00000000        0x0 /usr/lib/gcc/arm-none-eabi/14.2.1/../../../arm-none-eabi/lib/thumb/v7-m/nofp/libg_nano.a(libc_a-init.o)
 .text          0x00000000       0xa0 /usr/lib/gcc/arm-none-eabi/14.2.1/../../../arm-none-eabi/lib/thumb/v7-m/nofp/libg_nano.a(libc_a-memset.o)
 .data          0x00000000        0x0 /usr/lib/gcc/arm-none-eabi/14.2.1/../../../arm-none-eabi/lib/thumb/v7-m/nofp/libg_nano.a(libc_a-memset.o)
 .bss           0x00000000        0x0 /usr/lib/gcc/arm-none-eabi/14.2.1/../../../arm-none-eabi/lib/thumb/v7-m/nofp/libg_nano.a(libc_a-memset.o)
 .debug_info    0x00000000      0x135 /usr/lib/gcc/arm-none-eabi/14.2.1/../../../arm-none-eabi/lib/thumb/v7-m/nofp/libg_nano.a(libc_a-memset.o)
 .debug_abbrev  0x00000000       0xb7 /usr/lib/gcc/arm-none-eabi/14.2.1/../../../arm-none-eabi/lib/thumb/v7-m/nofp/libg_nano.a(libc_a-memset.o)
 .debug_loclists
                0x00000000      0x1d7 /usr/lib/gcc/arm-none-eabi/14.2.1/../../../arm-none-eabi/lib/thumb/v7-m/nofp/libg_nano.a(libc_a-memset.o)
 .debug_aranges
                0x00000000       0x20 /usr/lib/gcc/arm-none-eabi/14.2.1/../../../arm-none-eabi/lib/thumb/v7-m/nofp/libg_nano.a(libc_a-memset.o)
 .debug_line    0x00000000      0x1b5 /usr/lib/gcc/arm-none-eabi/14.2.1/../../../arm-none-eabi/lib/thumb/v7-m/nofp/libg_nano.a(libc_a-memset.o)
 .debug_str     0x00000000      0x1a9 /usr/lib/gcc/arm-none-eabi/14.2.1/../../../arm-none-eabi/lib/thumb/v7-m/nofp/libg_nano.a(libc_a-memset.o)
 .comment       0x00000000       0x27 /usr/lib/gcc/arm-none-eabi/14.2.1/../../../arm-none-eabi/lib/thumb/v7-m/nofp/libg_nano.a(libc_a-memset.o)
 .debug_frame   0x00000000       0x2c /usr/lib/gcc/arm-none-eabi/14.2.1/../../../arm-none-eabi/lib/thumb/v7-m/nofp/libg_nano.a(libc_a-memset.o)
 .ARM.attributes
                0x00000000       0x2d /usr/lib/gcc/arm-none-eabi/14.2.1/../../../arm-none-eabi/lib/thumb/v7-m/nofp/libg_nano.a(libc_a-memset.o)
 .text          0x00000000       0x24 /usr/lib/gcc/arm-none-eabi/14.2.1/../../../arm-none-eabi/lib/thumb/v7-m/nofp/libg_nano.a(libc_a-exit.o)
 .data          0x00000000        0x0 /usr/lib/gcc/arm-none-eabi/14.2.1/../../../arm-none-eabi/lib/thumb/v7-m/nofp/libg_nano.a(libc_a-exit.o)
 .bss           0x00000000        0x0 /usr/lib/gcc/arm-none-eabi/14.2.1/../../../arm-none-eabi/lib/thumb/v7-m/nofp/libg_nano.a(libc_a-exit.o)
 .debug_info    0x00000000      0x11b /usr/lib/gcc/arm-none-eabi/14.2.1/../../../arm-none-eabi/lib/thumb/v7-m/nofp/libg_nano.a(libc_a-exit.o)
 .debug_abbrev  0x00000000       0xd8 /usr/lib/gcc/arm-none-eabi/14.2.1/../../../arm-none-eabi/lib/thumb/v7-m/nofp/libg_nano.a(libc_a-exit.o)
 .debug_loclists
                0x00000000       0x1b /usr/lib/gcc/arm-none-eabi/14.2.1/../../../arm-none-eabi/lib/thumb/v7-m/nofp/libg_nano.a(libc_a-exit.o)
 .debug_aranges
                0x00000000       0x20 /usr/lib/gcc/arm-none-eabi/14.2.1/../../../arm-none-eabi/lib/thumb/v7-m/nofp/libg_nano.a(libc_a-exit.o)
 .debug_line    0x00000000      0x135 /usr/lib/gcc/arm-none-eabi/14.2.1/../../../arm-none-eabi/lib/thumb/v7-m/nofp/libg_nano.a(libc_a-exit.o)
 .debug_str     0x00000000      0x1bb /usr/lib/gcc/arm-none-eabi/14.2.1/../../../arm-none-eabi/lib/thumb/v7-m/nofp/libg_nano.a(libc_a-exit.o)
 .comment       0x00000000       0x27 /usr/lib/gcc/arm-none-eabi/14.2.1/../../../arm-none-eabi/lib/thumb/v7-m/nofp/libg_nano.a(libc_a-exit.o)
 .debug_frame   0x00000000       0x28 /usr/lib/gcc/arm-none-eabi/14.2.1/../../../arm-none-eabi/lib/thumb/v7-m/nofp/libg_nano.a(libc_a-exit.o)
 .ARM.attributes
                0x00000000       0x2d /usr/lib/gcc/arm-none-eabi/14.2.1/../../../arm-none-eabi/lib/thumb/v7-m/nofp/libg_nano.a(libc_a-exit.o)
 .text          0x00000000        0xc /usr/lib/gcc/arm-none-eabi/14.2.1/../../../arm-none-eabi/lib/thumb/v7-m/nofp/libg_nano.a(libc_a-atexit.o)
 .data          0x00000000        0x0 /usr/lib/gcc/arm-none-eabi/14.2.1/../../../arm-none-eabi/lib/thumb/v7-m/nofp/libg_nano.a(libc_a-atexit.o)
 .bss           0x00000000        0x0 /usr/lib/gcc/arm-none-eabi/14.2.1/../../../arm-none-eabi/lib/thumb/v7-m/nofp/libg_nano.a(libc_a-atexit.o)
 .debug_info    0x00000000      0x11e /usr/lib/gcc/arm-none-eabi/14.2.1/../../../arm-none-eabi/lib/thumb/v7-m/nofp/libg_nano.a(libc_a-atexit.o)
 .debug_abbrev  0x00000000       0xc1 /usr/lib/gcc/arm-none-eabi/14.2.1/../../../arm-none-eabi/lib/thumb/v7-m/nofp/libg_nano.a(libc_a-atexit.o)
 .debug_loclists
                0x00000000       0x2b /usr/lib/gcc/arm-none-eabi/14.2.1/../../../arm-none-eabi/lib/thumb/v7-m/nofp/libg_nano.a(libc_a-atexit.o)
 .debug_aranges
                0x00000000       0x20 /usr/lib/gcc/arm-none-eabi/14.2.1/../../../arm-none-eabi/lib/thumb/v7-m/nofp/libg_nano.a(libc_a-atexit.o)
 .debug_line    0x00000000       0xc7 /usr/lib/gcc/arm-none-eabi/14.2.1/../../../arm-none-eabi/lib/thumb/v7-m/nofp/libg_nano.a(libc_a-atexit.o)
 .debug_str     0x00000000      0x1d2 /usr/lib/gcc/arm-none-eabi/14.2.1/../../../arm-none-eabi/lib/thumb/v7-m/nofp/libg_nano.a(libc_a-atexit.o)
 .comment       0x00000000       0x27 /usr/lib/gcc/arm-none-eabi/14.2.1/../../../arm-none-eabi/lib/thumb/v7-m/nofp/libg_nano.a(libc_a-atexit.o)
 .debug_frame   0x00000000       0x20 /usr/lib/gcc/arm-none-eabi/14.2.1/../../../arm-none-eabi/lib/thumb/v7-m/nofp/libg_nano.a(libc_a-atexit.o)
 .ARM.attributes
                0x00000000       0x2d /usr/lib/gcc/arm-none-eabi/14.2.1/../../../arm-none-eabi/lib/thumb/v7-m/nofp/libg_nano.a(libc_a-atexit.o)
 .text          0x00000000       0x28 /usr/lib/gcc/arm-none-eabi/14.2.1/../../../arm-none-eabi/lib/thumb/v7-m/nofp/libg_nano.a(libc_a-fini.o)
 .data          0x00000000        0x0 /usr/lib/gcc/arm-none-eabi/14.2.1/../../../arm-none-eabi/lib/thumb/v7-m/nofp/libg_nano.a(libc_a-fini.o)
 .bss           0x00000000        0x0 /usr/lib/gcc/arm-none-eabi/14.2.1/../../../arm-none-eabi/lib/thumb/v7-m/nofp/libg_nano.a(libc_a-fini.o)
 .debug_info    0x00000000       0xf7 /usr/lib/gcc/arm-none-eabi/14.2.1/../../../arm-none-eabi/lib/thumb/v7-m/nofp/libg_nano.a(libc_a-fini.o)
 .debug_abbrev  0x00000000       0xcc /usr/lib/gcc/arm-none-eabi/14.2.1/../../../arm-none-eabi/lib/thumb/v7-m/nofp/libg_nano.a(libc_a-fini.o)
 .debug_loclists
                0x00000000       0x42 /usr/lib/gcc/arm-none-eabi/14.2.1/../../../arm-none-eabi/lib/thumb/v7-m/nofp/libg_nano.a(libc_a-fini.o)
 .debug_aranges
                0x00000000       0x20 /usr/lib/gcc/arm-none-eabi/14.2.1/../../../arm-none-eabi/lib/thumb/v7-m/nofp/libg_nano.a(libc_a-fini.o)
 .debug_line    0x00000000       0xd2 /usr/lib/gcc/arm-none-eabi/14.2.1/../../../arm-none-eabi/lib/thumb/v7-m/nofp/libg_nano.a(libc_a-fini.o)
 .debug_str     0x00000000      0x1cc /usr/lib/gcc/arm-none-eabi/14.2.1/../../../arm-none-eabi/lib/thumb/v7-m/nofp/libg_nano.a(libc_a-fini.o)
 .comment       0x00000000       0x27 /usr/lib/gcc/arm-none-eabi/14.2.1/../../../arm-none-eabi/lib/thumb/v7-m/nofp/libg_nano.a(libc_a-fini.o)
 .debug_frame   0x00000000       0x34 /usr/lib/gcc/arm-none-eabi/14.2.1/../../../arm-none-eabi/lib/thumb/v7-m/nofp/libg_nano.a(libc_a-fini.o)
 .ARM.attributes
                0x00000000       0x2d /usr/lib/gcc/arm-none-eabi/14.2.1/../../../arm-none-eabi/lib/thumb/v7-m/nofp/libg_nano.a(libc_a-fini.o)
 .text          0x00000000      0x224 /usr/lib/gcc/arm-none-eabi/14.2.1/../../../arm-none-eabi/lib/thumb/v7-m/nofp/libg_nano.a(libc_a-findfp.o)
 .data          0x00000000        0xc /usr/lib/gcc/arm-none-eabi/14.2.1/../../../arm-none-eabi/lib/thumb/v7-m/nofp/libg_nano.a(libc_a-findfp.o)
 .bss           0x00000000      0x13c /usr/lib/gcc/arm-none-eabi/14.2.1/../../../arm-none-eabi/lib/thumb/v7-m/nofp/libg_nano.a(libc_a-findfp.o)
 .debug_info    0x00000000      0xe8c /usr/lib/gcc/arm-none-eabi/14.2.1/../../../arm-none-eabi/lib/thumb/v7-m/nofp/libg_nano.a(libc_a-findfp.o)
 .debug_abbrev  0x00000000      0x408 /usr/lib/gcc/arm-none-eabi/14.2.1/../../../arm-none-eabi/lib/thumb/v7-m/nofp/libg_nano.a(libc_a-findfp.o)
 .debug_loclists
                0x00000000      0x1d0 /usr/lib/gcc/arm-none-eabi/14.2.1/../../../arm-none-eabi/lib/thumb/v7-m/nofp/libg_nano.a(libc_a-findfp.o)
 .debug_aranges
                0x00000000       0x20 /usr/lib/gcc/arm-none-eabi/14.2.1/../../../arm-none-eabi/lib/thumb/v7-m/nofp/libg_nano.a(libc_a-findfp.o)
 .debug_rnglists
                0x00000000       0x7a /usr/lib/gcc/arm-none-eabi/14.2.1/../../../arm-none-eabi/lib/thumb/v7-m/nofp/libg_nano.a(libc_a-findfp.o)
 .debug_line    0x00000000      0x527 /usr/lib/gcc/arm-none-eabi/14.2.1/../../../arm-none-eabi/lib/thumb/v7-m/nofp/libg_nano.a(libc_a-findfp.o)
 .debug_str     0x00000000      0x6bb /usr/lib/gcc/arm-none-eabi/14.2.1/../../../arm-none-eabi/lib/thumb/v7-m/nofp/libg_nano.a(libc_a-findfp.o)
 .comment       0x00000000       0x27 /usr/lib/gcc/arm-none-eabi/14.2.1/../../../arm-none-eabi/lib/thumb/v7-m/nofp/libg_nano.a(libc_a-findfp.o)
 .debug_frame   0x00000000       0xf4 /usr/lib/gcc/arm-none-eabi/14.2.1/../../../arm-none-eabi/lib/thumb/v7-m/nofp/libg_nano.a(libc_a-findfp.o)
 .ARM.attributes
                0x00000000       0x2d /usr/lib/gcc/arm-none-eabi/14.2.1/../../../arm-none-eabi/lib/thumb/v7-m/nofp/libg_nano.a(libc_a-findfp.o)
 .text          0x00000000      0x198 /usr/lib/gcc/arm-none-eabi/14.2.1/../../../arm-none-eabi/lib/thumb/v7-m/nofp/libg_nano.a(libc_a-fflush.o)
 .data          0x00000000        0x0 /usr/lib/gcc/arm-none-eabi/14.2.1/../../../arm-none-eabi/lib/thumb/v7-m/nofp/libg_nano.a(libc_a-fflush.o)
 .bss           0x00000000        0x0 /usr/lib/gcc/arm-none-eabi/14.2.1/../../../arm-none-eabi/lib/thumb/v7-m/nofp/libg_nano.a(libc_a-fflush.o)
 .debug_info    0x00000000      0xa30 /usr/lib/gcc/arm-none-eabi/14.2.1/../../../arm-none-eabi/lib/thumb/v7-m/nofp/libg_nano.a(libc_a-fflush.o)
 .debug_abbrev  0x00000000      0x2e1 /usr/lib/gcc/arm-none-eabi/14.2.1/../../../arm-none-eabi/lib/thumb/v7-m/nofp/libg_nano.a(libc_a-fflush.o)
 .debug_loclists
                0x00000000      0x2f2 /usr/lib/gcc/arm-none-eabi/14.2.1/../../../arm-none-eabi/lib/thumb/v7-m/nofp/libg_nano.a(libc_a-fflush.o)
 .debug_aranges
                0x00000000       0x20 /usr/lib/gcc/arm-none-eabi/14.2.1/../../../arm-none-eabi/lib/thumb/v7-m/nofp/libg_nano.a(libc_a-fflush.o)
 .debug_rnglists
                0x00000000       0x58 /usr/lib/gcc/arm-none-eabi/14.2.1/../../../arm-none-eabi/lib/thumb/v7-m/nofp/libg_nano.a(libc_a-fflush.o)
 .debug_line    0x00000000      0x45e /usr/lib/gcc/arm-none-eabi/14.2.1/../../../arm-none-eabi/lib/thumb/v7-m/nofp/libg_nano.a(libc_a-fflush.o)
 .debug_str     0x00000000      0x53f /usr/lib/gcc/arm-none-eabi/14.2.1/../../../arm-none-eabi/lib/thumb/v7-m/nofp/libg_nano.a(libc_a-fflush.o)
 .comment       0x00000000       0x27 /usr/lib/gcc/arm-none-eabi/14.2.1/../../../arm-none-eabi/lib/thumb/v7-m/nofp/libg_nano.a(libc_a-fflush.o)
 .debug_frame   0x00000000       0x8c /usr/lib/gcc/arm-none-eabi/14.2.1/../../../arm-none-eabi/lib/thumb/v7-m/nofp/libg_nano.a(libc_a-fflush.o)
 .ARM.attributes
                0x00000000       0x2d /usr/lib/gcc/arm-none-eabi/14.2.1/../../../arm-none-eabi/lib/thumb/v7-m/nofp/libg_nano.a(libc_a-fflush.o)
 .text          0x00000000      0x14c /usr/lib/gcc/arm-none-eabi/14.2.1/../../../arm-none-eabi/lib/thumb/v7-m/nofp/libg_nano.a(libc_a-mallocr.o)
 .data          0x00000000        0x0 /usr/lib/gcc/arm-none-eabi/14.2.1/../../../arm-none-eabi/lib/thumb/v7-m/nofp/libg_nano.a(libc_a-mallocr.o)
 .bss           0x00000000        0x8 /usr/lib/gcc/arm-none-eabi/14.2.1/../../../arm-none-eabi/lib/thumb/v7-m/nofp/libg_nano.a(libc_a-mallocr.o)
 .debug_info    0x00000000      0x9b6 /usr/lib/gcc/arm-none-eabi/14.2.1/../../../arm-none-eabi/lib/thumb/v7-m/nofp/libg_nano.a(libc_a-mallocr.o)
 .debug_abbrev  0x00000000      0x24a /usr/lib/gcc/arm-none-eabi/14.2.1/../../../arm-none-eabi/lib/thumb/v7-m/nofp/libg_nano.a(libc_a-mallocr.o)
 .debug_loclists
                0x00000000      0x273 /usr/lib/gcc/arm-none-eabi/14.2.1/../../../arm-none-eabi/lib/thumb/v7-m/nofp/libg_nano.a(libc_a-mallocr.o)
 .debug_aranges
                0x00000000       0x20 /usr/lib/gcc/arm-none-eabi/14.2.1/../../../arm-none-eabi/lib/thumb/v7-m/nofp/libg_nano.a(libc_a-mallocr.o)
 .debug_rnglists
                0x00000000       0x1f /usr/lib/gcc/arm-none-eabi/14.2.1/../../../arm-none-eabi/lib/thumb/v7-m/nofp/libg_nano.a(libc_a-mallocr.o)
 .debug_line    0x00000000      0x468 /usr/lib/gcc/arm-none-eabi/14.2.1/../../../arm-none-eabi/lib/thumb/v7-m/nofp/libg_nano.a(libc_a-mallocr.o)
 .debug_str     0x00000000      0x599 /usr/lib/gcc/arm-none-eabi/14.2.1/../../../arm-none-eabi/lib/thumb/v7-m/nofp/libg_nano.a(libc_a-mallocr.o)
 .comment       0x00000000       0x27 /usr/lib/gcc/arm-none-eabi/14.2.1/../../../arm-none-eabi/lib/thumb/v7-m/nofp/libg_nano.a(libc_a-mallocr.o)
 .debug_frame   0x00000000       0x50 /usr/lib/gcc/arm-none-eabi/14.2.1/../../../arm-none-eabi/lib/thumb/v7-m/nofp/libg_nano.a(libc_a-mallocr.o)
 .ARM.attributes
                0x00000000       0x2d /usr/lib/gcc/arm-none-eabi/14.2.1/../../../arm-none-eabi/lib/thumb/v7-m/nofp/libg_nano.a(libc_a-mallocr.o)
 .text          0x00000000       0xbc /usr/lib/gcc/arm-none-eabi/14.2.1/../../../arm-none-eabi/lib/thumb/v7-m/nofp/libg_nano.a(libc_a-freer.o)
 .data          0x00000000        0x0 /usr/lib/gcc/arm-none-eabi/14.2.1/../../../arm-none-eabi/lib/thumb/v7-m/nofp/libg_nano.a(libc_a-freer.o)
 .bss           0x00000000        0x0 /usr/lib/gcc/arm-none-eabi/14.2.1/../../../arm-none-eabi/lib/thumb/v7-m/nofp/libg_nano.a(libc_a-freer.o)
 .debug_info    0x00000000      0x87f /usr/lib/gcc/arm-none-eabi/14.2.1/../../../arm-none-eabi/lib/thumb/v7-m/nofp/libg_nano.a(libc_a-freer.o)
 .debug_abbrev  0x00000000      0x249 /usr/lib/gcc/arm-none-eabi/14.2.1/../../../arm-none-eabi/lib/thumb/v7-m/nofp/libg_nano.a(libc_a-freer.o)
 .debug_loclists
                0x00000000      0x164 /usr/lib/gcc/arm-none-eabi/14.2.1/../../../arm-none-eabi/lib/thumb/v7-m/nofp/libg_nano.a(libc_a-freer.o)
 .debug_aranges
                0x00000000       0x20 /usr/lib/gcc/arm-none-eabi/14.2.1/../../../arm-none-eabi/lib/thumb/v7-m/nofp/libg_nano.a(libc_a-freer.o)
 .debug_rnglists
                0x00000000       0x13 /usr/lib/gcc/arm-none-eabi/14.2.1/../../../arm-none-eabi/lib/thumb/v7-m/nofp/libg_nano.a(libc_a-freer.o)
 .debug_line    0x00000000      0x2d0 /usr/lib/gcc/arm-none-eabi/14.2.1/../../../arm-none-eabi/lib/thumb/v7-m/nofp/libg_nano.a(libc_a-freer.o)
 .debug_str     0x00000000      0x538 /usr/lib/gcc/arm-none-eabi/14.2.1/../../../arm-none-eabi/lib/thumb/v7-m/nofp/libg_nano.a(libc_a-freer.o)
 .comment       0x00000000       0x27 /usr/lib/gcc/arm-none-eabi/14.2.1/../../../arm-none-eabi/lib/thumb/v7-m/nofp/libg_nano.a(libc_a-freer.o)
 .debug_frame   0x00000000       0x58 /usr/lib/gcc/arm-none-eabi/14.2.1/../../../arm-none-eabi/lib/thumb/v7-m/nofp/libg_nano.a(libc_a-freer.o)
 .ARM.attributes
                0x00000000       0x2d /usr/lib/gcc/arm-none-eabi/14.2.1/../../../arm-none-eabi/lib/thumb/v7-m/nofp/libg_nano.a(libc_a-freer.o)
 .text          0x00000000       0x44 /usr/lib/gcc/arm-none-eabi/14.2.1/../../../arm-none-eabi/lib/thumb/v7-m/nofp/libg_nano.a(libc_a-fwalk.o)
 .data          0x00000000        0x0 /usr/lib/gcc/arm-none-eabi/14.2.1/../../../arm-none-eabi/lib/thumb/v7-m/nofp/libg_nano.a(libc_a-fwalk.o)
 .bss           0x00000000        0x0 /usr/lib/gcc/arm-none-eabi/14.2.1/../../../arm-none-eabi/lib/thumb/v7-m/nofp/libg_nano.a(libc_a-fwalk.o)
 .debug_info    0x00000000      0x7c8 /usr/lib/gcc/arm-none-eabi/14.2.1/../../../arm-none-eabi/lib/thumb/v7-m/nofp/libg_nano.a(libc_a-fwalk.o)
 .debug_abbrev  0x00000000      0x19b /usr/lib/gcc/arm-none-eabi/14.2.1/../../../arm-none-eabi/lib/thumb/v7-m/nofp/libg_nano.a(libc_a-fwalk.o)
 .debug_loclists
                0x00000000       0x79 /usr/lib/gcc/arm-none-eabi/14.2.1/../../../arm-none-eabi/lib/thumb/v7-m/nofp/libg_nano.a(libc_a-fwalk.o)
 .debug_aranges
                0x00000000       0x20 /usr/lib/gcc/arm-none-eabi/14.2.1/../../../arm-none-eabi/lib/thumb/v7-m/nofp/libg_nano.a(libc_a-fwalk.o)
 .debug_line    0x00000000      0x1d1 /usr/lib/gcc/arm-none-eabi/14.2.1/../../../arm-none-eabi/lib/thumb/v7-m/nofp/libg_nano.a(libc_a-fwalk.o)
 .debug_str     0x00000000      0x4c8 /usr/lib/gcc/arm-none-eabi/14.2.1/../../../arm-none-eabi/lib/thumb/v7-m/nofp/libg_nano.a(libc_a-fwalk.o)
 .comment       0x00000000       0x27 /usr/lib/gcc/arm-none-eabi/14.2.1/../../../arm-none-eabi/lib/thumb/v7-m/nofp/libg_nano.a(libc_a-fwalk.o)
 .debug_frame   0x00000000       0x34 /usr/lib/gcc/arm-none-eabi/14.2.1/../../../arm-none-eabi/lib/thumb/v7-m/nofp/libg_nano.a(libc_a-fwalk.o)
 .ARM.attributes
                0x00000000       0x2d /usr/lib/gcc/arm-none-eabi/14.2.1/../../../arm-none-eabi/lib/thumb/v7-m/nofp/libg_nano.a(libc_a-fwalk.o)
 .text          0x00000000       0xa4 /usr/lib/gcc/arm-none-eabi/14.2.1/../../../arm-none-eabi/lib/thumb/v7-m/nofp/libg_nano.a(libc_a-__atexit.o)
 .data          0x00000000        0x4 /usr/lib/gcc/arm-none-eabi/14.2.1/../../../arm-none-eabi/lib/thumb/v7-m/nofp/libg_nano.a(libc_a-__atexit.o)
 .bss           0x00000000       0x8c /usr/lib/gcc/arm-none-eabi/14.2.1/../../../arm-none-eabi/lib/thumb/v7-m/nofp/libg_nano.a(libc_a-__atexit.o)
 .debug_info    0x00000000      0x284 /usr/lib/gcc/arm-none-eabi/14.2.1/../../../arm-none-eabi/lib/thumb/v7-m/nofp/libg_nano.a(libc_a-__atexit.o)
 .debug_abbrev  0x00000000      0x1d4 /usr/lib/gcc/arm-none-eabi/14.2.1/../../../arm-none-eabi/lib/thumb/v7-m/nofp/libg_nano.a(libc_a-__atexit.o)
 .debug_loclists
                0x00000000       0xf3 /usr/lib/gcc/arm-none-eabi/14.2.1/../../../arm-none-eabi/lib/thumb/v7-m/nofp/libg_nano.a(libc_a-__atexit.o)
 .debug_aranges
                0x00000000       0x20 /usr/lib/gcc/arm-none-eabi/14.2.1/../../../arm-none-eabi/lib/thumb/v7-m/nofp/libg_nano.a(libc_a-__atexit.o)
 .debug_line    0x00000000      0x24a /usr/lib/gcc/arm-none-eabi/14.2.1/../../../arm-none-eabi/lib/thumb/v7-m/nofp/libg_nano.a(libc_a-__atexit.o)
 .debug_str     0x00000000      0x28c /usr/lib/gcc/arm-none-eabi/14.2.1/../../../arm-none-eabi/lib/thumb/v7-m/nofp/libg_nano.a(libc_a-__atexit.o)
 .comment       0x00000000       0x27 /usr/lib/gcc/arm-none-eabi/14.2.1/../../../arm-none-eabi/lib/thumb/v7-m/nofp/libg_nano.a(libc_a-__atexit.o)
 .debug_frame   0x00000000       0x38 /usr/lib/gcc/arm-none-eabi/14.2.1/../../../arm-none-eabi/lib/thumb/v7-m/nofp/libg_nano.a(libc_a-__atexit.o)
 .ARM.attributes
                0x00000000       0x2d /usr/lib/gcc/arm-none-eabi/14.2.1/../../../arm-none-eabi/lib/thumb/v7-m/nofp/libg_nano.a(libc_a-__atexit.o)
 .text          0x00000000        0x0 /usr/lib/gcc/arm-none-eabi/14.2.1/../../../arm-none-eabi/lib/thumb/v7-m/nofp/libg_nano.a(libc_a-impure.o)
 .data          0x00000000       0x50 /usr/lib/gcc/arm-none-eabi/14.2.1/../../../arm-none-eabi/lib/thumb/v7-m/nofp/libg_nano.a(libc_a-impure.o)
 .bss           0x00000000        0x0 /usr/lib/gcc/arm-none-eabi/14.2.1/../../../arm-none-eabi/lib/thumb/v7-m/nofp/libg_nano.a(libc_a-impure.o)
 .debug_info    0x00000000      0x70b /usr/lib/gcc/arm-none-eabi/14.2.1/../../../arm-none-eabi/lib/thumb/v7-m/nofp/libg_nano.a(libc_a-impure.o)
 .debug_abbrev  0x00000000      0x149 /usr/lib/gcc/arm-none-eabi/14.2.1/../../../arm-none-eabi/lib/thumb/v7-m/nofp/libg_nano.a(libc_a-impure.o)
 .debug_aranges
                0x00000000       0x18 /usr/lib/gcc/arm-none-eabi/14.2.1/../../../arm-none-eabi/lib/thumb/v7-m/nofp/libg_nano.a(libc_a-impure.o)
 .debug_line    0x00000000       0xeb /usr/lib/gcc/arm-none-eabi/14.2.1/../../../arm-none-eabi/lib/thumb/v7-m/nofp/libg_nano.a(libc_a-impure.o)
 .debug_str     0x00000000      0x4b8 /usr/lib/gcc/arm-none-eabi/14.2.1/../../../arm-none-eabi/lib/thumb/v7-m/nofp/libg_nano.a(libc_a-impure.o)
 .comment       0x00000000       0x27 /usr/lib/gcc/arm-none-eabi/14.2.1/../../../arm-none-eabi/lib/thumb/v7-m/nofp/libg_nano.a(libc_a-impure.o)
 .ARM.attributes
                0x00000000       0x2d /usr/lib/gcc/arm-none-eabi/14.2.1/../../../arm-none-eabi/lib/thumb/v7-m/nofp/libg_nano.a(libc_a-impure.o)
 .text          0x00000000        0x8 /usr/lib/gcc/arm-none-eabi/14.2.1/../../../arm-none-eabi/lib/thumb/v7-m/nofp/libg_nano.a(libc_a-mlock.o)
 .data          0x00000000        0x0 /usr/lib/gcc/arm-none-eabi/14.2.1/../../../arm-none-eabi/lib/thumb/v7-m/nofp/libg_nano.a(libc_a-mlock.o)
 .bss           0x00000000        0x0 /usr/lib/gcc/arm-none-eabi/14.2.1/../../../arm-none-eabi/lib/thumb/v7-m/nofp/libg_nano.a(libc_a-mlock.o)
 .debug_info    0x00000000      0x71c /usr/lib/gcc/arm-none-eabi/14.2.1/../../../arm-none-eabi/lib/thumb/v7-m/nofp/libg_nano.a(libc_a-mlock.o)
 .debug_abbrev  0x00000000      0x192 /usr/lib/gcc/arm-none-eabi/14.2.1/../../../arm-none-eabi/lib/thumb/v7-m/nofp/libg_nano.a(libc_a-mlock.o)
 .debug_aranges
                0x00000000       0x20 /usr/lib/gcc/arm-none-eabi/14.2.1/../../../arm-none-eabi/lib/thumb/v7-m/nofp/libg_nano.a(libc_a-mlock.o)
 .debug_line    0x00000000      0x15b /usr/lib/gcc/arm-none-eabi/14.2.1/../../../arm-none-eabi/lib/thumb/v7-m/nofp/libg_nano.a(libc_a-mlock.o)
 .debug_str     0x00000000      0x4d6 /usr/lib/gcc/arm-none-eabi/14.2.1/../../../arm-none-eabi/lib/thumb/v7-m/nofp/libg_nano.a(libc_a-mlock.o)
 .comment       0x00000000       0x27 /usr/lib/gcc/arm-none-eabi/14.2.1/../../../arm-none-eabi/lib/thumb/v7-m/nofp/libg_nano.a(libc_a-mlock.o)
 .debug_frame   0x00000000       0x30 /usr/lib/gcc/arm-none-eabi/14.2.1/../../../arm-none-eabi/lib/thumb/v7-m/nofp/libg_nano.a(libc_a-mlock.o)
 .ARM.attributes
                0x00000000       0x2d /usr/lib/gcc/arm-none-eabi/14.2.1/../../../arm-none-eabi/lib/thumb/v7-m/nofp/libg_nano.a(libc_a-mlock.o)
 .text          0x00000000       0x24 /usr/lib/gcc/arm-none-eabi/14.2.1/../../../arm-none-eabi/lib/thumb/v7-m/nofp/libg_nano.a(libc_a-sbrkr.o)
 .data          0x00000000        0x0 /usr/lib/gcc/arm-none-eabi/14.2.1/../../../arm-none-eabi/lib/thumb/v7-m/nofp/libg_nano.a(libc_a-sbrkr.o)
 .bss           0x00000000        0x0 /usr/lib/gcc/arm-none-eabi/14.2.1/../../../arm-none-eabi/lib/thumb/v7-m/nofp/libg_nano.a(libc_a-sbrkr.o)
 .debug_info    0x00000000      0x778 /usr/lib/gcc/arm-none-eabi/14.2.1/../../../arm-none-eabi/lib/thumb/v7-m/nofp/libg_nano.a(libc_a-sbrkr.o)
 .debug_abbrev  0x00000000      0x1da /usr/lib/gcc/arm-none-eabi/14.2.1/../../../arm-none-eabi/lib/thumb/v7-m/nofp/libg_nano.a(libc_a-sbrkr.o)
 .debug_loclists
                0x00000000       0x4b /usr/lib/gcc/arm-none-eabi/14.2.1/../../../arm-none-eabi/lib/thumb/v7-m/nofp/libg_nano.a(libc_a-sbrkr.o)
 .debug_aranges
                0x00000000       0x20 /usr/lib/gcc/arm-none-eabi/14.2.1/../../../arm-none-eabi/lib/thumb/v7-m/nofp/libg_nano.a(libc_a-sbrkr.o)
 .debug_line    0x00000000      0x19e /usr/lib/gcc/arm-none-eabi/14.2.1/../../../arm-none-eabi/lib/thumb/v7-m/nofp/libg_nano.a(libc_a-sbrkr.o)
 .debug_str     0x00000000      0x4c1 /usr/lib/gcc/arm-none-eabi/14.2.1/../../../arm-none-eabi/lib/thumb/v7-m/nofp/libg_nano.a(libc_a-sbrkr.o)
 .comment       0x00000000       0x27 /usr/lib/gcc/arm-none-eabi/14.2.1/../../../arm-none-eabi/lib/thumb/v7-m/nofp/libg_nano.a(libc_a-sbrkr.o)
 .debug_frame   0x00000000       0x2c /usr/lib/gcc/arm-none-eabi/14.2.1/../../../arm-none-eabi/lib/thumb/v7-m/nofp/libg_nano.a(libc_a-sbrkr.o)
 .ARM.attributes
                0x00000000       0x2d /usr/lib/gcc/arm-none-eabi/14.2.1/../../../arm-none-eabi/lib/thumb/v7-m/nofp/libg_nano.a(libc_a-sbrkr.o)
 .text          0x00000000       0x94 /usr/lib/gcc/arm-none-eabi/14.2.1/../../../arm-none-eabi/lib/thumb/v7-m/nofp/libg_nano.a(libc_a-stdio.o)
 .data          0x00000000        0x0 /usr/lib/gcc/arm-none-eabi/14.2.1/../../../arm-none-eabi/lib/thumb/v7-m/nofp/libg_nano.a(libc_a-stdio.o)
 .bss           0x00000000        0x0 /usr/lib/gcc/arm-none-eabi/14.2.1/../../../arm-none-eabi/lib/thumb/v7-m/nofp/libg_nano.a(libc_a-stdio.o)
 .debug_info    0x00000000      0xa80 /usr/lib/gcc/arm-none-eabi/14.2.1/../../../arm-none-eabi/lib/thumb/v7-m/nofp/libg_nano.a(libc_a-stdio.o)
 .debug_abbrev  0x00000000      0x224 /usr/lib/gcc/arm-none-eabi/14.2.1/../../../arm-none-eabi/lib/thumb/v7-m/nofp/libg_nano.a(libc_a-stdio.o)
 .debug_loclists
                0x00000000      0x23b /usr/lib/gcc/arm-none-eabi/14.2.1/../../../arm-none-eabi/lib/thumb/v7-m/nofp/libg_nano.a(libc_a-stdio.o)
 .debug_aranges
                0x00000000       0x20 /usr/lib/gcc/arm-none-eabi/14.2.1/../../../arm-none-eabi/lib/thumb/v7-m/nofp/libg_nano.a(libc_a-stdio.o)
 .debug_line    0x00000000      0x233 /usr/lib/gcc/arm-none-eabi/14.2.1/../../../arm-none-eabi/lib/thumb/v7-m/nofp/libg_nano.a(libc_a-stdio.o)
 .debug_str     0x00000000      0x525 /usr/lib/gcc/arm-none-eabi/14.2.1/../../../arm-none-eabi/lib/thumb/v7-m/nofp/libg_nano.a(libc_a-stdio.o)
 .comment       0x00000000       0x27 /usr/lib/gcc/arm-none-eabi/14.2.1/../../../arm-none-eabi/lib/thumb/v7-m/nofp/libg_nano.a(libc_a-stdio.o)
 .debug_frame   0x00000000       0x8c /usr/lib/gcc/arm-none-eabi/14.2.1/../../../arm-none-eabi/lib/thumb/v7-m/nofp/libg_nano.a(libc_a-stdio.o)
 .ARM.attributes
                0x00000000       0x2d /usr/lib/gcc/arm-none-eabi/14.2.1/../../../arm-none-eabi/lib/thumb/v7-m/nofp/libg_nano.a(libc_a-stdio.o)
 .text          0x00000000       0x2c /usr/lib/gcc/arm-none-eabi/14.2.1/../../../arm-none-eabi/lib/thumb/v7-m/nofp/libg_nano.a(libc_a-readr.o)
 .data          0x00000000        0x0 /usr/lib/gcc/arm-none-eabi/14.2.1/../../../arm-none-eabi/lib/thumb/v7-m/nofp/libg_nano.a(libc_a-readr.o)
 .bss           0x00000000        0x0 /usr/lib/gcc/arm-none-eabi/14.2.1/../../../arm-none-eabi/lib/thumb/v7-m/nofp/libg_nano.a(libc_a-readr.o)
 .debug_info    0x00000000      0x7b5 /usr/lib/gcc/arm-none-eabi/14.2.1/../../../arm-none-eabi/lib/thumb/v7-m/nofp/libg_nano.a(libc_a-readr.o)
 .debug_abbrev  0x00000000      0x1b0 /usr/lib/gcc/arm-none-eabi/14.2.1/../../../arm-none-eabi/lib/thumb/v7-m/nofp/libg_nano.a(libc_a-readr.o)
 .debug_loclists
                0x00000000       0x97 /usr/lib/gcc/arm-none-eabi/14.2.1/../../../arm-none-eabi/lib/thumb/v7-m/nofp/libg_nano.a(libc_a-readr.o)
 .debug_aranges
                0x00000000       0x20 /usr/lib/gcc/arm-none-eabi/14.2.1/../../../arm-none-eabi/lib/thumb/v7-m/nofp/libg_nano.a(libc_a-readr.o)
 .debug_line    0x00000000      0x1a4 /usr/lib/gcc/arm-none-eabi/14.2.1/../../../arm-none-eabi/lib/thumb/v7-m/nofp/libg_nano.a(libc_a-readr.o)
 .debug_str     0x00000000      0x4bc /usr/lib/gcc/arm-none-eabi/14.2.1/../../../arm-none-eabi/lib/thumb/v7-m/nofp/libg_nano.a(libc_a-readr.o)
 .comment       0x00000000       0x27 /usr/lib/gcc/arm-none-eabi/14.2.1/../../../arm-none-eabi/lib/thumb/v7-m/nofp/libg_nano.a(libc_a-readr.o)
 .debug_frame   0x00000000       0x2c /usr/lib/gcc/arm-none-eabi/14.2.1/../../../arm-none-eabi/lib/thumb/v7-m/nofp/libg_nano.a(libc_a-readr.o)
 .ARM.attributes
                0x00000000       0x2d /usr/lib/gcc/arm-none-eabi/14.2.1/../../../arm-none-eabi/lib/thumb/v7-m/nofp/libg_nano.a(libc_a-readr.o)
 .text          0x00000000       0x2c /usr/lib/gcc/arm-none-eabi/14.2.1/../../../arm-none-eabi/lib/thumb/v7-m/nofp/libg_nano.a(libc_a-writer.o)
 .data          0x00000000        0x0 /usr/lib/gcc/arm-none-eabi/14.2.1/../../../arm-none-eabi/lib/thumb/v7-m/nofp/libg_nano.a(libc_a-writer.o)
 .bss           0x00000000        0x0 /usr/lib/gcc/arm-none-eabi/14.2.1/../../../arm-none-eabi/lib/thumb/v7-m/nofp/libg_nano.a(libc_a-writer.o)
 .debug_info    0x00000000      0x7bb /usr/lib/gcc/arm-none-eabi/14.2.1/../../../arm-none-eabi/lib/thumb/v7-m/nofp/libg_nano.a(libc_a-writer.o)
 .debug_abbrev  0x00000000      0x1b5 /usr/lib/gcc/arm-none-eabi/14.2.1/../../../arm-none-eabi/lib/thumb/v7-m/nofp/libg_nano.a(libc_a-writer.o)
 .debug_loclists
                0x00000000       0x97 /usr/lib/gcc/arm-none-eabi/14.2.1/../../../arm-none-eabi/lib/thumb/v7-m/nofp/libg_nano.a(libc_a-writer.o)
 .debug_aranges
                0x00000000       0x20 /usr/lib/gcc/arm-none-eabi/14.2.1/../../../arm-none-eabi/lib/thumb/v7-m/nofp/libg_nano.a(libc_a-writer.o)
 .debug_line    0x00000000      0x1a5 /usr/lib/gcc/arm-none-eabi/14.2.1/../../../arm-none-eabi/lib/thumb/v7-m/nofp/libg_nano.a(libc_a-writer.o)
 .debug_str     0x00000000      0x4be /usr/lib/gcc/arm-none-eabi/14.2.1/../../../arm-none-eabi/lib/thumb/v7-m/nofp/libg_nano.a(libc_a-writer.o)
 .comment       0x00000000       0x27 /usr/lib/gcc/arm-none-eabi/14.2.1/../../../arm-none-eabi/lib/thumb/v7-m/nofp/libg_nano.a(libc_a-writer.o)
 .debug_frame   0x00000000       0x2c /usr/lib/gcc/arm-none-eabi/14.2.1/../../../arm-none-eabi/lib/thumb/v7-m/nofp/libg_nano.a(libc_a-writer.o)
 .ARM.attributes
                0x00000000       0x2d /usr/lib/gcc/arm-none-eabi/14.2.1/../../../arm-none-eabi/lib/thumb/v7-m/nofp/libg_nano.a(libc_a-writer.o)
 .text          0x00000000       0x24 /usr/lib/gcc/arm-none-eabi/14.2.1/../../../arm-none-eabi/lib/thumb/v7-m/nofp/libg_nano.a(libc_a-closer.o)
 .data          0x00000000        0x0 /usr/lib/gcc/arm-none-eabi/14.2.1/../../../arm-none-eabi/lib/thumb/v7-m/nofp/libg_nano.a(libc_a-closer.o)
 .bss           0x00000000        0x0 /usr/lib/gcc/arm-none-eabi/14.2.1/../../../arm-none-eabi/lib/thumb/v7-m/nofp/libg_nano.a(libc_a-closer.o)
 .debug_info    0x00000000      0x753 /usr/lib/gcc/arm-none-eabi/14.2.1/../../../arm-none-eabi/lib/thumb/v7-m/nofp/libg_nano.a(libc_a-closer.o)
 .debug_abbrev  0x00000000      0x1b0 /usr/lib/gcc/arm-none-eabi/14.2.1/../../../arm-none-eabi/lib/thumb/v7-m/nofp/libg_nano.a(libc_a-closer.o)
 .debug_loclists
                0x00000000       0x4b /usr/lib/gcc/arm-none-eabi/14.2.1/../../../arm-none-eabi/lib/thumb/v7-m/nofp/libg_nano.a(libc_a-closer.o)
 .debug_aranges
                0x00000000       0x20 /usr/lib/gcc/arm-none-eabi/14.2.1/../../../arm-none-eabi/lib/thumb/v7-m/nofp/libg_nano.a(libc_a-closer.o)
 .debug_line    0x00000000      0x19e /usr/lib/gcc/arm-none-eabi/14.2.1/../../../arm-none-eabi/lib/thumb/v7-m/nofp/libg_nano.a(libc_a-closer.o)
 .debug_str     0x00000000      0x4ae /usr/lib/gcc/arm-none-eabi/14.2.1/../../../arm-none-eabi/lib/thumb/v7-m/nofp/libg_nano.a(libc_a-closer.o)
 .comment       0x00000000       0x27 /usr/lib/gcc/arm-none-eabi/14.2.1/../../../arm-none-eabi/lib/thumb/v7-m/nofp/libg_nano.a(libc_a-closer.o)
 .debug_frame   0x00000000       0x2c /usr/lib/gcc/arm-none-eabi/14.2.1/../../../arm-none-eabi/lib/thumb/v7-m/nofp/libg_nano.a(libc_a-closer.o)
 .ARM.attributes
                0x00000000       0x2d /usr/lib/gcc/arm-none-eabi/14.2.1/../../../arm-none-eabi/lib/thumb/v7-m/nofp/libg_nano.a(libc_a-closer.o)
 .text          0x00000000       0x2c /usr/lib/gcc/arm-none-eabi/14.2.1/../../../arm-none-eabi/lib/thumb/v7-m/nofp/libg_nano.a(libc_a-lseekr.o)
 .data          0x00000000        0x0 /usr/lib/gcc/arm-none-eabi/14.2.1/../../../arm-none-eabi/lib/thumb/v7-m/nofp/libg_nano.a(libc_a-lseekr.o)
 .bss           0x00000000        0x0 /usr/lib/gcc/arm-none-eabi/14.2.1/../../../arm-none-eabi/lib/thumb/v7-m/nofp/libg_nano.a(libc_a-lseekr.o)
 .debug_info    0x00000000      0x79e /usr/lib/gcc/arm-none-eabi/14.2.1/../../../arm-none-eabi/lib/thumb/v7-m/nofp/libg_nano.a(libc_a-lseekr.o)
 .debug_abbrev  0x00000000      0x1c4 /usr/lib/gcc/arm-none-eabi/14.2.1/../../../arm-none-eabi/lib/thumb/v7-m/nofp/libg_nano.a(libc_a-lseekr.o)
 .debug_loclists
                0x00000000       0x97 /usr/lib/gcc/arm-none-eabi/14.2.1/../../../arm-none-eabi/lib/thumb/v7-m/nofp/libg_nano.a(libc_a-lseekr.o)
 .debug_aranges
                0x00000000       0x20 /usr/lib/gcc/arm-none-eabi/14.2.1/../../../arm-none-eabi/lib/thumb/v7-m/nofp/libg_nano.a(libc_a-lseekr.o)
 .debug_line    0x00000000      0x1a5 /usr/lib/gcc/arm-none-eabi/14.2.1/../../../arm-none-eabi/lib/thumb/v7-m/nofp/libg_nano.a(libc_a-lseekr.o)
 .debug_str     0x00000000      0x4bc /usr/lib/gcc/arm-none-eabi/14.2.1/../../../arm-none-eabi/lib/thumb/v7-m/nofp/libg_nano.a(libc_a-lseekr.o)
 .comment       0x00000000       0x27 /usr/lib/gcc/arm-none-eabi/14.2.1/../../../arm-none-eabi/lib/thumb/v7-m/nofp/libg_nano.a(libc_a-lseekr.o)
 .debug_frame   0x00000000       0x2c /usr/lib/gcc/arm-none-eabi/14.2.1/../../../arm-none-eabi/lib/thumb/v7-m/nofp/libg_nano.a(libc_a-lseekr.o)
 .ARM.attributes
                0x00000000       0x2d /usr/lib/gcc/arm-none-eabi/14.2.1/../../../arm-none-eabi/lib/thumb/v7-m/nofp/libg_nano.a(libc_a-lseekr.o)
 .text          0x00000000       0xc4 /usr/lib/gcc/arm-none-eabi/14.2.1/../../../arm-none-eabi/lib/thumb/v7-m/nofp/libg_nano.a(libc_a-__call_atexit.o)
 .data          0x00000000        0x0 /usr/lib/gcc/arm-none-eabi/14.2.1/../../../arm-none-eabi/lib/thumb/v7-m/nofp/libg_nano.a(libc_a-__call_atexit.o)
 .bss           0x00000000        0x4 /usr/lib/gcc/arm-none-eabi/14.2.1/../../../arm-none-eabi/lib/thumb/v7-m/nofp/libg_nano.a(libc_a-__call_atexit.o)
 .debug_info    0x00000000      0x235 /usr/lib/gcc/arm-none-eabi/14.2.1/../../../arm-none-eabi/lib/thumb/v7-m/nofp/libg_nano.a(libc_a-__call_atexit.o)
 .debug_abbrev  0x00000000      0x179 /usr/lib/gcc/arm-none-eabi/14.2.1/../../../arm-none-eabi/lib/thumb/v7-m/nofp/libg_nano.a(libc_a-__call_atexit.o)
 .debug_loclists
                0x00000000       0xff /usr/lib/gcc/arm-none-eabi/14.2.1/../../../arm-none-eabi/lib/thumb/v7-m/nofp/libg_nano.a(libc_a-__call_atexit.o)
 .debug_aranges
                0x00000000       0x20 /usr/lib/gcc/arm-none-eabi/14.2.1/../../../arm-none-eabi/lib/thumb/v7-m/nofp/libg_nano.a(libc_a-__call_atexit.o)
 .debug_rnglists
                0x00000000       0x2c /usr/lib/gcc/arm-none-eabi/14.2.1/../../../arm-none-eabi/lib/thumb/v7-m/nofp/libg_nano.a(libc_a-__call_atexit.o)
 .debug_line    0x00000000      0x24f /usr/lib/gcc/arm-none-eabi/14.2.1/../../../arm-none-eabi/lib/thumb/v7-m/nofp/libg_nano.a(libc_a-__call_atexit.o)
 .debug_str     0x00000000      0x23e /usr/lib/gcc/arm-none-eabi/14.2.1/../../../arm-none-eabi/lib/thumb/v7-m/nofp/libg_nano.a(libc_a-__call_atexit.o)
 .comment       0x00000000       0x27 /usr/lib/gcc/arm-none-eabi/14.2.1/../../../arm-none-eabi/lib/thumb/v7-m/nofp/libg_nano.a(libc_a-__call_atexit.o)
 .debug_frame   0x00000000       0x40 /usr/lib/gcc/arm-none-eabi/14.2.1/../../../arm-none-eabi/lib/thumb/v7-m/nofp/libg_nano.a(libc_a-__call_atexit.o)
 .ARM.attributes
                0x00000000       0x2d /usr/lib/gcc/arm-none-eabi/14.2.1/../../../arm-none-eabi/lib/thumb/v7-m/nofp/libg_nano.a(libc_a-__call_atexit.o)
 .text          0x00000000       0xd4 /usr/lib/gcc/arm-none-eabi/14.2.1/../../../arm-none-eabi/lib/thumb/v7-m/nofp/libg_nano.a(libc_a-reent.o)
 .data          0x00000000        0x0 /usr/lib/gcc/arm-none-eabi/14.2.1/../../../arm-none-eabi/lib/thumb/v7-m/nofp/libg_nano.a(libc_a-reent.o)
 .bss           0x00000000        0x4 /usr/lib/gcc/arm-none-eabi/14.2.1/../../../arm-none-eabi/lib/thumb/v7-m/nofp/libg_nano.a(libc_a-reent.o)
 .debug_info    0x00000000      0x89f /usr/lib/gcc/arm-none-eabi/14.2.1/../../../arm-none-eabi/lib/thumb/v7-m/nofp/libg_nano.a(libc_a-reent.o)
 .debug_abbrev  0x00000000      0x1ee /usr/lib/gcc/arm-none-eabi/14.2.1/../../../arm-none-eabi/lib/thumb/v7-m/nofp/libg_nano.a(libc_a-reent.o)
 .debug_loclists
                0x00000000       0x80 /usr/lib/gcc/arm-none-eabi/14.2.1/../../../arm-none-eabi/lib/thumb/v7-m/nofp/libg_nano.a(libc_a-reent.o)
 .debug_aranges
                0x00000000       0x20 /usr/lib/gcc/arm-none-eabi/14.2.1/../../../arm-none-eabi/lib/thumb/v7-m/nofp/libg_nano.a(libc_a-reent.o)
 .debug_line    0x00000000      0x283 /usr/lib/gcc/arm-none-eabi/14.2.1/../../../arm-none-eabi/lib/thumb/v7-m/nofp/libg_nano.a(libc_a-reent.o)
 .debug_str     0x00000000      0x4d7 /usr/lib/gcc/arm-none-eabi/14.2.1/../../../arm-none-eabi/lib/thumb/v7-m/nofp/libg_nano.a(libc_a-reent.o)
 .comment       0x00000000       0x27 /usr/lib/gcc/arm-none-eabi/14.2.1/../../../arm-none-eabi/lib/thumb/v7-m/nofp/libg_nano.a(libc_a-reent.o)
 .debug_frame   0x00000000       0x40 /usr/lib/gcc/arm-none-eabi/14.2.1/../../../arm-none-eabi/lib/thumb/v7-m/nofp/libg_nano.a(libc_a-reent.o)
 .ARM.attributes
                0x00000000       0x2d /usr/lib/gcc/arm-none-eabi/14.2.1/../../../arm-none-eabi/lib/thumb/v7-m/nofp/libg_nano.a(libc_a-reent.o)
 .text          0x00000000        0x0 /usr/lib/gcc/arm-none-eabi/14.2.1/thumb/v7-m/nofp/crtend.o
 .data          0x00000000        0x0 /usr/lib/gcc/arm-none-eabi/14.2.1/thumb/v7-m/nofp/crtend.o
 .bss           0x00000000        0x0 /usr/lib/gcc/arm-none-eabi/14.2.1/thumb/v7-m/nofp/crtend.o
 .rodata        0x00000000       0x24 /usr/lib/gcc/arm-none-eabi/14.2.1/thumb/v7-m/nofp/crtend.o
 .eh_frame      0x00000000        0x4 /usr/lib/gcc/arm-none-eabi/14.2.1/thumb/v7-m/nofp/crtend.o
 .tm_clone_table
                0x00000000        0x0 /usr/lib/gcc/arm-none-eabi/14.2.1/thumb/v7-m/nofp/crtend.o
 .comment       0x00000000       0x27 /usr/lib/gcc/arm-none-eabi/14.2.1/thumb/v7-m/nofp/crtend.o
 .ARM.attributes
                0x00000000       0x2d /usr/lib/gcc/arm-none-eabi/14.2.1/thumb/v7-m/nofp/crtend.o
 .text          0x00000000        0x0 /usr/lib/gcc/arm-none-eabi/14.2.1/thumb/v7-m/nofp/crtn.o
 .data          0x00000000        0x0 /usr/lib/gcc/arm-none-eabi/14.2.1/thumb/v7-m/nofp/crtn.o
 .bss           0x00000000        0x0 /usr/lib/gcc/arm-none-eabi/14.2.1/thumb/v7-m/nofp/crtn.o

Memory Configuration

Name             Origin             Length             Attributes
FLASH            0x08000000         0x00010000         xr
RAM              0x20000000         0x00005000         xrw
*default*        0x00000000         0xffffffff

Linker script and memory map

LOAD /usr/lib/gcc/arm-none-eabi/14.2.1/thumb/v7-m/nofp/crti.o
LOAD /usr/lib/gcc/arm-none-eabi/14.2.1/thumb/v7-m/nofp/crtbegin.o
LOAD /usr/lib/gcc/arm-none-eabi/14.2.1/../../../arm-none-eabi/lib/thumb/v7-m/nofp/crt0.o
LOAD /tmp/ccWnUp4L.o
LOAD /tmp/cc6E4NM9.o
LOAD /tmp/cc4r1qm3.o
LOAD /tmp/ccOwLWk7.o
LOAD /tmp/ccS2lnla.o
LOAD /tmp/ccSv1haM.o
LOAD /tmp/ccppRgTX.o
LOAD /tmp/ccHShR4T.o
LOAD /tmp/ccfuSeGq.o
LOAD /tmp/ccTDQ6F0.o
LOAD /tmp/cc8IGs5S.o
LOAD /tmp/ccQRVUvc.o
LOAD /tmp/ccnQ9rzF.o
LOAD /tmp/cca0WXVy.o
LOAD /tmp/ccFPJcc4.o
LOAD /tmp/ccSzEx5k.o
LOAD /tmp/cc8so5aW.o
LOAD /tmp/ccubbJWE.o
LOAD /tmp/cctAFxz4.o
LOAD /tmp/ccJU2boC.o
LOAD /tmp/ccj4N9xH.o
LOAD /tmp/ccLEB8Hj.o
LOAD /tmp/ccPCPh2c.o
LOAD /tmp/ccH6nHa0.o
LOAD /tmp/cci4kknw.o
LOAD /tmp/ccjjZ702.o
LOAD /tmp/cc9VSZjH.o
LOAD /tmp/ccJ6C5vc.o
LOAD /tmp/ccxaxFAx.o
LOAD /tmp/ccFm5nq5.o
LOAD /tmp/ccpE0LjT.o
LOAD /tmp/cccxhfwY.o
START GROUP
LOAD /usr/lib/gcc/arm-none-eabi/14.2.1/thumb/v7-m/nofp/libgcc.a
LOAD /usr/lib/gcc/arm-none-eabi/14.2.1/../../../arm-none-eabi/lib/thumb/v7-m/nofp/libg_nano.a
LOAD /usr/lib/gcc/arm-none-eabi/14.2.1/../../../arm-none-eabi/lib/thumb/v7-m/nofp/libc_nano.a
END GROUP
START GROUP
LOAD /usr/lib/gcc/arm-none-eabi/14.2.1/thumb/v7-m/nofp/libgcc.a
LOAD /usr/lib/gcc/arm-none-eabi/14.2.1/../../../arm-none-eabi/lib/thumb/v7-m/nofp/libc_nano.a
END GROUP
LOAD /usr/lib/gcc/arm-none-eabi/14.2.1/thumb/v7-m/nofp/crtend.o
LOAD /usr/lib/gcc/arm-none-eabi/14.2.1/thumb/v7-m/nofp/crtn.o
                0x20005000                        _estack = (ORIGIN (RAM) + LENGTH (RAM))

.isr_vector     0x08000000      0x10c
                0x08000000                        . = ALIGN (0x4)
 *(.isr_vector)
 .isr_vector    0x08000000      0x10c /tmp/cccxhfwY.o
                0x08000000                g_pfnVectors
                0x0800010c                        . = ALIGN (0x4)

.text           0x0800010c      0x774
                0x0800010c                        . = ALIGN (0x4)
 *(.text)
 .text          0x0800010c      0x15c /tmp/cc6E4NM9.o
                0x0800010c                SystemInit
                0x0800020c                SystemCoreClockUpdate
 .text          0x08000268       0x24 /tmp/ccjjZ702.o
                0x08000268                NMI_Handler
                0x0800026c                HardFault_Handler
                0x08000270                MemManage_Handler
                0x08000274                BusFault_Handler
                0x08000278                UsageFault_Handler
                0x0800027c                SVC_Handler
                0x08000280                DebugMon_Handler
                0x08000284                PendSV_Handler
                0x08000288                SysTick_Handler
 .text          0x0800028c      0x42c /tmp/ccxaxFAx.o
                0x0800028c                sda
                0x080002a4                scl
                0x080002bc                start
                0x0800030c                stop
                0x0800035c                sent_one
                0x080003ac                sent_zero
                0x080003e8                receive_one_or_zero
                0x08000420                i2c_sent_ack
                0x0800045c                i2c_receive_ack
                0x0800048c                i2c_send_Byte
                0x08000550                i2c_receive_byte
                0x080005a0                at24c02_read
                0x08000610                at24c02_write
 .text          0x080006b8        0x4 /tmp/ccFm5nq5.o
                0x080006b8                osal_delay_ms
 .text          0x080006bc       0xf8 /tmp/ccpE0LjT.o
 .text          0x080007b4       0x50 /usr/lib/gcc/arm-none-eabi/14.2.1/../../../arm-none-eabi/lib/thumb/v7-m/nofp/libg_nano.a(libc_a-init.o)
                0x080007b4                __libc_init_array
 *(.text*)
 .text.startup  0x08000804       0x18 /tmp/ccxaxFAx.o
                0x08000804                main
 .text.Reset_Handler
                0x0800081c       0x48 /tmp/cccxhfwY.o
                0x0800081c                Reset_Handler
 .text.Default_Handler
                0x08000864        0x2 /tmp/cccxhfwY.o
                0x08000864                EXTI2_IRQHandler
                0x08000864                TIM1_CC_IRQHandler
                0x08000864                PVD_IRQHandler
                0x08000864                EXTI3_IRQHandler
                0x08000864                EXTI0_IRQHandler
                0x08000864                I2C2_EV_IRQHandler
                0x08000864                ADC1_2_IRQHandler
                0x08000864                SPI1_IRQHandler
                0x08000864                TAMPER_IRQHandler
                0x08000864                DMA1_Channel4_IRQHandler
                0x08000864                USART3_IRQHandler
                0x08000864                RTC_IRQHandler
                0x08000864                DMA1_Channel7_IRQHandler
                0x08000864                CAN1_RX1_IRQHandler
                0x08000864                TIM4_IRQHandler
                0x08000864                I2C1_EV_IRQHandler
                0x08000864                DMA1_Channel6_IRQHandler
                0x08000864                TIM3_IRQHandler
                0x08000864                RCC_IRQHandler
                0x08000864                TIM1_TRG_COM_IRQHandler
                0x08000864                DMA1_Channel1_IRQHandler
                0x08000864                Default_Handler
                0x08000864                EXTI15_10_IRQHandler
                0x08000864                EXTI9_5_IRQHandler
                0x08000864                SPI2_IRQHandler
                0x08000864                DMA1_Channel5_IRQHandler
                0x08000864                EXTI4_IRQHandler
                0x08000864                USB_LP_CAN1_RX0_IRQHandler
                0x08000864                USB_HP_CAN1_TX_IRQHandler
                0x08000864                DMA1_Channel3_IRQHandler
                0x08000864                TIM1_UP_IRQHandler
                0x08000864                WWDG_IRQHandler
                0x08000864                TIM2_IRQHandler
                0x08000864                TIM1_BRK_IRQHandler
                0x08000864                EXTI1_IRQHandler
                0x08000864                RTCAlarm_IRQHandler
                0x08000864                USART2_IRQHandler
                0x08000864                I2C2_ER_IRQHandler
                0x08000864                DMA1_Channel2_IRQHandler
                0x08000864                CAN1_SCE_IRQHandler
                0x08000864                FLASH_IRQHandler
                0x08000864                USART1_IRQHandler
                0x08000864                I2C1_ER_IRQHandler
                0x08000864                USBWakeUp_IRQHandler
 *(.init)
 *fill*         0x08000866        0x2 
 .init          0x08000868        0x4 /usr/lib/gcc/arm-none-eabi/14.2.1/thumb/v7-m/nofp/crti.o
                0x08000868                _init
 .init          0x0800086c        0x8 /usr/lib/gcc/arm-none-eabi/14.2.1/thumb/v7-m/nofp/crtn.o
 *(.fini)
 .fini          0x08000874        0x4 /usr/lib/gcc/arm-none-eabi/14.2.1/thumb/v7-m/nofp/crti.o
                0x08000874                _fini
 .fini          0x08000878        0x8 /usr/lib/gcc/arm-none-eabi/14.2.1/thumb/v7-m/nofp/crtn.o
                0x08000880                        . = ALIGN (0x4)

.glue_7         0x08000880        0x0
 .glue_7        0x08000880        0x0 linker stubs

.glue_7t        0x08000880        0x0
 .glue_7t       0x08000880        0x0 linker stubs

.vfp11_veneer   0x08000880        0x0
 .vfp11_veneer  0x08000880        0x0 linker stubs

.v4_bx          0x08000880        0x0
 .v4_bx         0x08000880        0x0 linker stubs

.iplt           0x08000880        0x0
 .iplt          0x08000880        0x0 /tmp/cc6E4NM9.o

.rodata         0x08000880       0x20
                0x08000880                        . = ALIGN (0x4)
 *(.rodata)
 .rodata        0x08000880       0x10 /tmp/cc6E4NM9.o
                0x08000880                AHBPrescTable
 .rodata        0x08000890       0x10 /tmp/ccpE0LjT.o
                0x08000890                stm32_gpio_ops
 *(.rodata*)
                0x080008a0                        . = ALIGN (0x4)
                0x080008a0                        _sidata = LOADADDR (.data)

.rel.dyn        0x080008a0        0x0
 .rel.iplt      0x080008a0        0x0 /tmp/cc6E4NM9.o

.data           0x20000000       0x18 load address 0x080008a0
                0x20000000                        . = ALIGN (0x4)
                0x20000000                        _sdata = .
 *(.data)
 .data          0x20000000        0x4 /tmp/cc6E4NM9.o
                0x20000000                SystemCoreClock
 .data          0x20000004       0x14 /tmp/ccxaxFAx.o
                0x20000004                sw_i2c_port
                0x2000000c                sw_i2c_gpio_ctx
 *(.data*)
                0x20000018                        . = ALIGN (0x4)
                0x20000018                        _edata = .

.igot.plt       0x20000018        0x0 load address 0x080008b8
 .igot.plt      0x20000018        0x0 /tmp/cc6E4NM9.o

.bss            0x20000018        0x0 load address 0x080008b8
                0x20000018                        . = ALIGN (0x4)
                0x20000018                        _sbss = .
                0x20000018                        __bss_start__ = _sbss
 *(.bss)
 *(.bss*)
 *(COMMON)
                0x20000018                        . = ALIGN (0x4)
                0x20000018                        _ebss = .
                0x20000018                        __bss_end__ = _ebss
OUTPUT(main.elf elf32-littlearm)
LOAD linker stubs

.ARM.attributes
                0x00000000       0x29
 .ARM.attributes
                0x00000000       0x1d /usr/lib/gcc/arm-none-eabi/14.2.1/thumb/v7-m/nofp/crti.o
 .ARM.attributes
                0x0000001d       0x2d /tmp/cc6E4NM9.o
 .ARM.attributes
                0x0000004a       0x2d /tmp/ccjjZ702.o
 .ARM.attributes
                0x00000077       0x2d /tmp/ccxaxFAx.o
 .ARM.attributes
                0x000000a4       0x2d /tmp/ccFm5nq5.o
 .ARM.attributes
                0x000000d1       0x2d /tmp/ccpE0LjT.o
 .ARM.attributes
                0x000000fe       0x21 /tmp/cccxhfwY.o
 .ARM.attributes
                0x0000011f       0x2d /usr/lib/gcc/arm-none-eabi/14.2.1/../../../arm-none-eabi/lib/thumb/v7-m/nofp/libg_nano.a(libc_a-init.o)
 .ARM.attributes
                0x0000014c       0x1d /usr/lib/gcc/arm-none-eabi/14.2.1/thumb/v7-m/nofp/crtn.o

.comment        0x00000000       0x4c
 .comment       0x00000000       0x4c /tmp/cc6E4NM9.o
                                 0x27 (size before relaxing)
 .comment       0x0000004c       0x27 /tmp/ccjjZ702.o
 .comment       0x0000004c       0x27 /tmp/ccxaxFAx.o
 .comment       0x0000004c       0x27 /tmp/ccFm5nq5.o
 .comment       0x0000004c       0x27 /tmp/ccpE0LjT.o
 .comment       0x0000004c       0x27 /usr/lib/gcc/arm-none-eabi/14.2.1/../../../arm-none-eabi/lib/thumb/v7-m/nofp/libg_nano.a(libc_a-init.o)

.debug_info     0x00000000     0x1e63
 .debug_info    0x00000000      0x422 /tmp/cc6E4NM9.o
 .debug_info    0x00000422       0xdd /tmp/ccjjZ702.o
 .debug_info    0x000004ff     0x125f /tmp/ccxaxFAx.o
 .debug_info    0x0000175e       0x9f /tmp/ccFm5nq5.o
 .debug_info    0x000017fd      0x52b /tmp/ccpE0LjT.o
 .debug_info    0x00001d28       0x30 /tmp/cccxhfwY.o
 .debug_info    0x00001d58      0x10b /usr/lib/gcc/arm-none-eabi/14.2.1/../../../arm-none-eabi/lib/thumb/v7-m/nofp/libg_nano.a(libc_a-init.o)

.debug_abbrev   0x00000000      0x910
 .debug_abbrev  0x00000000      0x1eb /tmp/cc6E4NM9.o
 .debug_abbrev  0x000001eb       0x7a /tmp/ccjjZ702.o
 .debug_abbrev  0x00000265      0x2dc /tmp/ccxaxFAx.o
 .debug_abbrev  0x00000541       0x66 /tmp/ccFm5nq5.o
 .debug_abbrev  0x000005a7      0x27c /tmp/ccpE0LjT.o
 .debug_abbrev  0x00000823       0x24 /tmp/cccxhfwY.o
 .debug_abbrev  0x00000847       0xc9 /usr/lib/gcc/arm-none-eabi/14.2.1/../../../arm-none-eabi/lib/thumb/v7-m/nofp/libg_nano.a(libc_a-init.o)

.debug_loclists
                0x00000000      0x722
 .debug_loclists
                0x00000000       0x99 /tmp/cc6E4NM9.o
 .debug_loclists
                0x00000099      0x46a /tmp/ccxaxFAx.o
 .debug_loclists
                0x00000503       0x17 /tmp/ccFm5nq5.o
 .debug_loclists
                0x0000051a      0x1a3 /tmp/ccpE0LjT.o
 .debug_loclists
                0x000006bd       0x65 /usr/lib/gcc/arm-none-eabi/14.2.1/../../../arm-none-eabi/lib/thumb/v7-m/nofp/libg_nano.a(libc_a-init.o)

.debug_aranges  0x00000000       0xf0
 .debug_aranges
                0x00000000       0x20 /tmp/cc6E4NM9.o
 .debug_aranges
                0x00000020       0x20 /tmp/ccjjZ702.o
 .debug_aranges
                0x00000040       0x28 /tmp/ccxaxFAx.o
 .debug_aranges
                0x00000068       0x20 /tmp/ccFm5nq5.o
 .debug_aranges
                0x00000088       0x20 /tmp/ccpE0LjT.o
 .debug_aranges
                0x000000a8       0x28 /tmp/cccxhfwY.o
 .debug_aranges
                0x000000d0       0x20 /usr/lib/gcc/arm-none-eabi/14.2.1/../../../arm-none-eabi/lib/thumb/v7-m/nofp/libg_nano.a(libc_a-init.o)

.debug_rnglists
                0x00000000      0x208
 .debug_rnglists
                0x00000000       0x18 /tmp/cc6E4NM9.o
 .debug_rnglists
                0x00000018      0x17a /tmp/ccxaxFAx.o
 .debug_rnglists
                0x00000192       0x13 /tmp/ccFm5nq5.o
 .debug_rnglists
                0x000001a5       0x4a /tmp/ccpE0LjT.o
 .debug_rnglists
                0x000001ef       0x19 /tmp/cccxhfwY.o

.debug_line     0x00000000      0xfd9
 .debug_line    0x00000000      0x308 /tmp/cc6E4NM9.o
 .debug_line    0x00000308       0x95 /tmp/ccjjZ702.o
 .debug_line    0x0000039d      0x73f /tmp/ccxaxFAx.o
 .debug_line    0x00000adc       0x84 /tmp/ccFm5nq5.o
 .debug_line    0x00000b60      0x2e5 /tmp/ccpE0LjT.o
 .debug_line    0x00000e45       0x76 /tmp/cccxhfwY.o
 .debug_line    0x00000ebb      0x11e /usr/lib/gcc/arm-none-eabi/14.2.1/../../../arm-none-eabi/lib/thumb/v7-m/nofp/libg_nano.a(libc_a-init.o)

.debug_str      0x00000000      0x689
 .debug_str     0x00000000      0x689 /tmp/cc6E4NM9.o
                                0x26b (size before relaxing)
 .debug_str     0x00000689      0x19a /tmp/ccjjZ702.o
 .debug_str     0x00000689      0x2ae /tmp/ccxaxFAx.o
 .debug_str     0x00000689      0x11e /tmp/ccFm5nq5.o
 .debug_str     0x00000689      0x295 /tmp/ccpE0LjT.o
 .debug_str     0x00000689       0x52 /tmp/cccxhfwY.o
 .debug_str     0x00000689      0x1f6 /usr/lib/gcc/arm-none-eabi/14.2.1/../../../arm-none-eabi/lib/thumb/v7-m/nofp/libg_nano.a(libc_a-init.o)

.debug_frame    0x00000000      0x35c
 .debug_frame   0x00000000       0x44 /tmp/cc6E4NM9.o
 .debug_frame   0x00000044       0xa0 /tmp/ccjjZ702.o
 .debug_frame   0x000000e4      0x1a4 /tmp/ccxaxFAx.o
 .debug_frame   0x00000288       0x20 /tmp/ccFm5nq5.o
 .debug_frame   0x000002a8       0x88 /tmp/ccpE0LjT.o
 .debug_frame   0x00000330       0x2c /usr/lib/gcc/arm-none-eabi/14.2.1/../../../arm-none-eabi/lib/thumb/v7-m/nofp/libg_nano.a(libc_a-init.o)

.debug_line_str
                0x00000000       0x38
 .debug_line_str
                0x00000000       0x38 /tmp/cccxhfwY.o
