Archive member included to satisfy reference by file (symbol)

/usr/lib/gcc/arm-none-eabi/14.2.1/../../../arm-none-eabi/lib/thumb/v7-m/nofp/libg_nano.a(libc_a-init.o)
                              /usr/lib/gcc/arm-none-eabi/14.2.1/../../../arm-none-eabi/lib/thumb/v7-m/nofp/crt0.o (__libc_init_array)
/usr/lib/gcc/arm-none-eabi/14.2.1/../../../arm-none-eabi/lib/thumb/v7-m/nofp/libg_nano.a(libc_a-memset.o)
                              /usr/lib/gcc/arm-none-eabi/14.2.1/../../../arm-none-eabi/lib/thumb/v7-m/nofp/crt0.o (memset)
/usr/lib/gcc/arm-none-eabi/14.2.1/../../../arm-none-eabi/lib/thumb/v7-m/nofp/libg_nano.a(libc_a-exit.o)
                              /usr/lib/gcc/arm-none-eabi/14.2.1/../../../arm-none-eabi/lib/thumb/v7-m/nofp/crt0.o (exit)
/usr/lib/gcc/arm-none-eabi/14.2.1/../../../arm-none-eabi/lib/thumb/v7-m/nofp/libg_nano.a(libc_a-atexit.o)
                              /usr/lib/gcc/arm-none-eabi/14.2.1/../../../arm-none-eabi/lib/thumb/v7-m/nofp/crt0.o (atexit)
/usr/lib/gcc/arm-none-eabi/14.2.1/../../../arm-none-eabi/lib/thumb/v7-m/nofp/libg_nano.a(libc_a-fini.o)
                              /usr/lib/gcc/arm-none-eabi/14.2.1/../../../arm-none-eabi/lib/thumb/v7-m/nofp/crt0.o (__libc_fini_array)
/usr/lib/gcc/arm-none-eabi/14.2.1/../../../arm-none-eabi/lib/thumb/v7-m/nofp/libg_nano.a(libc_a-findfp.o)
                              /usr/lib/gcc/arm-none-eabi/14.2.1/../../../arm-none-eabi/lib/thumb/v7-m/nofp/libg_nano.a(libc_a-exit.o) (__stdio_exit_handler)
/usr/lib/gcc/arm-none-eabi/14.2.1/../../../arm-none-eabi/lib/thumb/v7-m/nofp/libg_nano.a(libc_a-fflush.o)
                              /usr/lib/gcc/arm-none-eabi/14.2.1/../../../arm-none-eabi/lib/thumb/v7-m/nofp/libg_nano.a(libc_a-findfp.o) (_fflush_r)
/usr/lib/gcc/arm-none-eabi/14.2.1/../../../arm-none-eabi/lib/thumb/v7-m/nofp/libg_nano.a(libc_a-mallocr.o)
                              /usr/lib/gcc/arm-none-eabi/14.2.1/../../../arm-none-eabi/lib/thumb/v7-m/nofp/libg_nano.a(libc_a-findfp.o) (_malloc_r)
/usr/lib/gcc/arm-none-eabi/14.2.1/../../../arm-none-eabi/lib/thumb/v7-m/nofp/libg_nano.a(libc_a-freer.o)
                              /usr/lib/gcc/arm-none-eabi/14.2.1/../../../arm-none-eabi/lib/thumb/v7-m/nofp/libg_nano.a(libc_a-fflush.o) (_free_r)
/usr/lib/gcc/arm-none-eabi/14.2.1/../../../arm-none-eabi/lib/thumb/v7-m/nofp/libg_nano.a(libc_a-fwalk.o)
                              /usr/lib/gcc/arm-none-eabi/14.2.1/../../../arm-none-eabi/lib/thumb/v7-m/nofp/libg_nano.a(libc_a-findfp.o) (_fwalk_sglue)
/usr/lib/gcc/arm-none-eabi/14.2.1/../../../arm-none-eabi/lib/thumb/v7-m/nofp/libg_nano.a(libc_a-__atexit.o)
                              /usr/lib/gcc/arm-none-eabi/14.2.1/../../../arm-none-eabi/lib/thumb/v7-m/nofp/libg_nano.a(libc_a-atexit.o) (__register_exitproc)
/usr/lib/gcc/arm-none-eabi/14.2.1/../../../arm-none-eabi/lib/thumb/v7-m/nofp/libg_nano.a(libc_a-impure.o)
                              /usr/lib/gcc/arm-none-eabi/14.2.1/../../../arm-none-eabi/lib/thumb/v7-m/nofp/libg_nano.a(libc_a-fflush.o) (_impure_ptr)
/usr/lib/gcc/arm-none-eabi/14.2.1/../../../arm-none-eabi/lib/thumb/v7-m/nofp/libg_nano.a(libc_a-mlock.o)
                              /usr/lib/gcc/arm-none-eabi/14.2.1/../../../arm-none-eabi/lib/thumb/v7-m/nofp/libg_nano.a(libc_a-mallocr.o) (__malloc_lock)
/usr/lib/gcc/arm-none-eabi/14.2.1/../../../arm-none-eabi/lib/thumb/v7-m/nofp/libg_nano.a(libc_a-sbrkr.o)
                              /usr/lib/gcc/arm-none-eabi/14.2.1/../../../arm-none-eabi/lib/thumb/v7-m/nofp/libg_nano.a(libc_a-mallocr.o) (_sbrk_r)
/usr/lib/gcc/arm-none-eabi/14.2.1/../../../arm-none-eabi/lib/thumb/v7-m/nofp/libg_nano.a(libc_a-stdio.o)
                              /usr/lib/gcc/arm-none-eabi/14.2.1/../../../arm-none-eabi/lib/thumb/v7-m/nofp/libg_nano.a(libc_a-findfp.o) (__sread)
/usr/lib/gcc/arm-none-eabi/14.2.1/../../../arm-none-eabi/lib/thumb/v7-m/nofp/libg_nano.a(libc_a-readr.o)
                              /usr/lib/gcc/arm-none-eabi/14.2.1/../../../arm-none-eabi/lib/thumb/v7-m/nofp/libg_nano.a(libc_a-stdio.o) (_read_r)
/usr/lib/gcc/arm-none-eabi/14.2.1/../../../arm-none-eabi/lib/thumb/v7-m/nofp/libg_nano.a(libc_a-writer.o)
                              /usr/lib/gcc/arm-none-eabi/14.2.1/../../../arm-none-eabi/lib/thumb/v7-m/nofp/libg_nano.a(libc_a-stdio.o) (_write_r)
/usr/lib/gcc/arm-none-eabi/14.2.1/../../../arm-none-eabi/lib/thumb/v7-m/nofp/libg_nano.a(libc_a-closer.o)
                              /usr/lib/gcc/arm-none-eabi/14.2.1/../../../arm-none-eabi/lib/thumb/v7-m/nofp/libg_nano.a(libc_a-stdio.o) (_close_r)
/usr/lib/gcc/arm-none-eabi/14.2.1/../../../arm-none-eabi/lib/thumb/v7-m/nofp/libg_nano.a(libc_a-lseekr.o)
                              /usr/lib/gcc/arm-none-eabi/14.2.1/../../../arm-none-eabi/lib/thumb/v7-m/nofp/libg_nano.a(libc_a-stdio.o) (_lseek_r)
/usr/lib/gcc/arm-none-eabi/14.2.1/../../../arm-none-eabi/lib/thumb/v7-m/nofp/libg_nano.a(libc_a-__call_atexit.o)
                              /usr/lib/gcc/arm-none-eabi/14.2.1/../../../arm-none-eabi/lib/thumb/v7-m/nofp/libg_nano.a(libc_a-__atexit.o) (__call_exitprocs)
/usr/lib/gcc/arm-none-eabi/14.2.1/../../../arm-none-eabi/lib/thumb/v7-m/nofp/libg_nano.a(libc_a-reent.o)
                              /usr/lib/gcc/arm-none-eabi/14.2.1/../../../arm-none-eabi/lib/thumb/v7-m/nofp/libg_nano.a(libc_a-sbrkr.o) (errno)

Discarded input sections

 .text          0x00000000        0x0 /usr/lib/gcc/arm-none-eabi/14.2.1/thumb/v7-m/nofp/crti.o
 .data          0x00000000        0x0 /usr/lib/gcc/arm-none-eabi/14.2.1/thumb/v7-m/nofp/crti.o
 .bss           0x00000000        0x0 /usr/lib/gcc/arm-none-eabi/14.2.1/thumb/v7-m/nofp/crti.o
 .text          0x00000000       0x88 /usr/lib/gcc/arm-none-eabi/14.2.1/thumb/v7-m/nofp/crtbegin.o
 .data          0x00000000        0x4 /usr/lib/gcc/arm-none-eabi/14.2.1/thumb/v7-m/nofp/crtbegin.o
 .bss           0x00000000       0x1c /usr/lib/gcc/arm-none-eabi/14.2.1/thumb/v7-m/nofp/crtbegin.o
 .rodata        0x00000000       0x24 /usr/lib/gcc/arm-none-eabi/14.2.1/thumb/v7-m/nofp/crtbegin.o
 .init_array    0x00000000        0x4 /usr/lib/gcc/arm-none-eabi/14.2.1/thumb/v7-m/nofp/crtbegin.o
 .fini_array    0x00000000        0x4 /usr/lib/gcc/arm-none-eabi/14.2.1/thumb/v7-m/nofp/crtbegin.o
 .eh_frame      0x00000000        0x0 /usr/lib/gcc/arm-none-eabi/14.2.1/thumb/v7-m/nofp/crtbegin.o
 .tm_clone_table
                0x00000000        0x0 /usr/lib/gcc/arm-none-eabi/14.2.1/thumb/v7-m/nofp/crtbegin.o
 .comment       0x00000000       0x27 /usr/lib/gcc/arm-none-eabi/14.2.1/thumb/v7-m/nofp/crtbegin.o
 .ARM.attributes
                0x00000000       0x2d /usr/lib/gcc/arm-none-eabi/14.2.1/thumb/v7-m/nofp/crtbegin.o
 .text          0x00000000       0x70 /usr/lib/gcc/arm-none-eabi/14.2.1/../../../arm-none-eabi/lib/thumb/v7-m/nofp/crt0.o
 .data          0x00000000        0x0 /usr/lib/gcc/arm-none-eabi/14.2.1/../../../arm-none-eabi/lib/thumb/v7-m/nofp/crt0.o
 .bss           0x00000000        0x0 /usr/lib/gcc/arm-none-eabi/14.2.1/../../../arm-none-eabi/lib/thumb/v7-m/nofp/crt0.o
 .ARM.extab     0x00000000        0x0 /usr/lib/gcc/arm-none-eabi/14.2.1/../../../arm-none-eabi/lib/thumb/v7-m/nofp/crt0.o
 .ARM.exidx     0x00000000       0x10 /usr/lib/gcc/arm-none-eabi/14.2.1/../../../arm-none-eabi/lib/thumb/v7-m/nofp/crt0.o
 .debug_line    0x00000000       0x75 /usr/lib/gcc/arm-none-eabi/14.2.1/../../../arm-none-eabi/lib/thumb/v7-m/nofp/crt0.o
 .debug_line_str
                0x00000000       0x82 /usr/lib/gcc/arm-none-eabi/14.2.1/../../../arm-none-eabi/lib/thumb/v7-m/nofp/crt0.o
 .debug_info    0x00000000       0x24 /usr/lib/gcc/arm-none-eabi/14.2.1/../../../arm-none-eabi/lib/thumb/v7-m/nofp/crt0.o
 .debug_abbrev  0x00000000       0x14 /usr/lib/gcc/arm-none-eabi/14.2.1/../../../arm-none-eabi/lib/thumb/v7-m/nofp/crt0.o
 .debug_aranges
                0x00000000       0x20 /usr/lib/gcc/arm-none-eabi/14.2.1/../../../arm-none-eabi/lib/thumb/v7-m/nofp/crt0.o
 .debug_str     0x00000000       0x91 /usr/lib/gcc/arm-none-eabi/14.2.1/../../../arm-none-eabi/lib/thumb/v7-m/nofp/crt0.o
 .ARM.attributes
                0x00000000       0x1b /usr/lib/gcc/arm-none-eabi/14.2.1/../../../arm-none-eabi/lib/thumb/v7-m/nofp/crt0.o
 .text          0x00000000       0xa4 /tmp/cciwPRk6.o
 .data          0x00000000        0x0 /tmp/cciwPRk6.o
 .bss           0x00000000        0x0 /tmp/cciwPRk6.o
 .debug_info    0x00000000      0x56a /tmp/cciwPRk6.o
 .debug_abbrev  0x00000000       0xd6 /tmp/cciwPRk6.o
 .debug_loclists
                0x00000000      0x27e /tmp/cciwPRk6.o
 .debug_aranges
                0x00000000       0x20 /tmp/cciwPRk6.o
 .debug_rnglists
                0x00000000       0x14 /tmp/cciwPRk6.o
 .debug_line    0x00000000      0x1af /tmp/cciwPRk6.o
 .debug_str     0x00000000      0x26a /tmp/cciwPRk6.o
 .comment       0x00000000       0x27 /tmp/cciwPRk6.o
 .debug_frame   0x00000000      0x170 /tmp/cciwPRk6.o
 .ARM.attributes
                0x00000000       0x2d /tmp/cciwPRk6.o
 .bss           0x00000000        0x0 /tmp/ccXSz0LC.o
 .text          0x00000000       0xb4 /tmp/ccpJlTxr.o
 .data          0x00000000        0x0 /tmp/ccpJlTxr.o
 .bss           0x00000000        0x0 /tmp/ccpJlTxr.o
 .debug_info    0x00000000      0x4d6 /tmp/ccpJlTxr.o
 .debug_abbrev  0x00000000      0x1a4 /tmp/ccpJlTxr.o
 .debug_loclists
                0x00000000      0x103 /tmp/ccpJlTxr.o
 .debug_aranges
                0x00000000       0x20 /tmp/ccpJlTxr.o
 .debug_line    0x00000000      0x1b2 /tmp/ccpJlTxr.o
 .debug_str     0x00000000      0x356 /tmp/ccpJlTxr.o
 .comment       0x00000000       0x27 /tmp/ccpJlTxr.o
 .debug_frame   0x00000000       0x6c /tmp/ccpJlTxr.o
 .ARM.attributes
                0x00000000       0x2d /tmp/ccpJlTxr.o
 .text          0x00000000      0x3b4 /tmp/ccG7Zbi9.o
 .data          0x00000000        0x0 /tmp/ccG7Zbi9.o
 .bss           0x00000000        0x0 /tmp/ccG7Zbi9.o
 .debug_info    0x00000000      0xc78 /tmp/ccG7Zbi9.o
 .debug_abbrev  0x00000000      0x237 /tmp/ccG7Zbi9.o
 .debug_loclists
                0x00000000      0x7c0 /tmp/ccG7Zbi9.o
 .debug_aranges
                0x00000000       0x20 /tmp/ccG7Zbi9.o
 .debug_line    0x00000000      0x7b8 /tmp/ccG7Zbi9.o
 .debug_str     0x00000000      0x6a5 /tmp/ccG7Zbi9.o
 .comment       0x00000000       0x27 /tmp/ccG7Zbi9.o
 .debug_frame   0x00000000      0x298 /tmp/ccG7Zbi9.o
 .ARM.attributes
                0x00000000       0x2d /tmp/ccG7Zbi9.o
 .text          0x00000000       0xec /tmp/cc7AuLU3.o
 .data          0x00000000        0x0 /tmp/cc7AuLU3.o
 .bss           0x00000000        0x0 /tmp/cc7AuLU3.o
 .debug_info    0x00000000      0x78d /tmp/cc7AuLU3.o
 .debug_abbrev  0x00000000      0x1d6 /tmp/cc7AuLU3.o
 .debug_loclists
                0x00000000       0x8e /tmp/cc7AuLU3.o
 .debug_aranges
                0x00000000       0x20 /tmp/cc7AuLU3.o
 .debug_line    0x00000000      0x200 /tmp/cc7AuLU3.o
 .debug_str     0x00000000      0x55b /tmp/cc7AuLU3.o
 .comment       0x00000000       0x27 /tmp/cc7AuLU3.o
 .debug_frame   0x00000000       0xec /tmp/cc7AuLU3.o
 .ARM.attributes
                0x00000000       0x2d /tmp/cc7AuLU3.o
 .text          0x00000000      0x824 /tmp/ccuF6den.o
 .data          0x00000000        0x0 /tmp/ccuF6den.o
 .bss           0x00000000        0x0 /tmp/ccuF6den.o
 .debug_info    0x00000000      0xfb0 /tmp/ccuF6den.o
 .debug_abbrev  0x00000000      0x300 /tmp/ccuF6den.o
 .debug_loclists
                0x00000000      0x8d7 /tmp/ccuF6den.o
 .debug_aranges
                0x00000000       0x20 /tmp/ccuF6den.o
 .debug_rnglists
                0x00000000       0x17 /tmp/ccuF6den.o
 .debug_line    0x00000000      0xc64 /tmp/ccuF6den.o
 .debug_str     0x00000000      0x6d8 /tmp/ccuF6den.o
 .comment       0x00000000       0x27 /tmp/ccuF6den.o
 .debug_frame   0x00000000      0x1d4 /tmp/ccuF6den.o
 .ARM.attributes
                0x00000000       0x2d /tmp/ccuF6den.o
 .text          0x00000000      0x120 /tmp/ccnV5GXD.o
 .data          0x00000000        0x0 /tmp/ccnV5GXD.o
 .bss           0x00000000        0x0 /tmp/ccnV5GXD.o
 .debug_info    0x00000000      0x445 /tmp/ccnV5GXD.o
 .debug_abbrev  0x00000000      0x246 /tmp/ccnV5GXD.o
 .debug_loclists
                0x00000000      0x131 /tmp/ccnV5GXD.o
 .debug_aranges
                0x00000000       0x20 /tmp/ccnV5GXD.o
 .debug_line    0x00000000      0x281 /tmp/ccnV5GXD.o
 .debug_str     0x00000000      0x320 /tmp/ccnV5GXD.o
 .comment       0x00000000       0x27 /tmp/ccnV5GXD.o
 .debug_frame   0x00000000      0x114 /tmp/ccnV5GXD.o
 .ARM.attributes
                0x00000000       0x2d /tmp/ccnV5GXD.o
 .text          0x00000000       0x5c /tmp/ccpQDonU.o
 .data          0x00000000        0x0 /tmp/ccpQDonU.o
 .bss           0x00000000        0x0 /tmp/ccpQDonU.o
 .debug_info    0x00000000      0x1d0 /tmp/ccpQDonU.o
 .debug_abbrev  0x00000000      0x137 /tmp/ccpQDonU.o
 .debug_loclists
                0x00000000       0x5e /tmp/ccpQDonU.o
 .debug_aranges
                0x00000000       0x20 /tmp/ccpQDonU.o
 .debug_line    0x00000000      0x11b /tmp/ccpQDonU.o
 .debug_str     0x00000000      0x1ce /tmp/ccpQDonU.o
 .comment       0x00000000       0x27 /tmp/ccpQDonU.o
 .debug_frame   0x00000000       0x70 /tmp/ccpQDonU.o
 .ARM.attributes
                0x00000000       0x2d /tmp/ccpQDonU.o
 .text          0x00000000      0x174 /tmp/ccR4wnz4.o
 .data          0x00000000        0x0 /tmp/ccR4wnz4.o
 .bss           0x00000000        0x0 /tmp/ccR4wnz4.o
 .debug_info    0x00000000      0x4d8 /tmp/ccR4wnz4.o
 .debug_abbrev  0x00000000      0x214 /tmp/ccR4wnz4.o
 .debug_loclists
                0x00000000      0x202 /tmp/ccR4wnz4.o
 .debug_aranges
                0x00000000       0x20 /tmp/ccR4wnz4.o
 .debug_line    0x00000000      0x301 /tmp/ccR4wnz4.o
 .debug_str     0x00000000      0x359 /tmp/ccR4wnz4.o
 .comment       0x00000000       0x27 /tmp/ccR4wnz4.o
 .debug_frame   0x00000000      0x100 /tmp/ccR4wnz4.o
 .ARM.attributes
                0x00000000       0x2d /tmp/ccR4wnz4.o
 .text          0x00000000       0x34 /tmp/ccaB4WO2.o
 .data          0x00000000        0x0 /tmp/ccaB4WO2.o
 .bss           0x00000000        0x0 /tmp/ccaB4WO2.o
 .debug_info    0x00000000      0x131 /tmp/ccaB4WO2.o
 .debug_abbrev  0x00000000       0xe7 /tmp/ccaB4WO2.o
 .debug_aranges
                0x00000000       0x20 /tmp/ccaB4WO2.o
 .debug_line    0x00000000       0xd7 /tmp/ccaB4WO2.o
 .debug_str     0x00000000      0x19a /tmp/ccaB4WO2.o
 .comment       0x00000000       0x27 /tmp/ccaB4WO2.o
 .debug_frame   0x00000000       0x40 /tmp/ccaB4WO2.o
 .ARM.attributes
                0x00000000       0x2d /tmp/ccaB4WO2.o
 .text          0x00000000      0x218 /tmp/ccfK9cPW.o
 .data          0x00000000        0x0 /tmp/ccfK9cPW.o
 .bss           0x00000000        0x0 /tmp/ccfK9cPW.o
 .debug_info    0x00000000      0x439 /tmp/ccfK9cPW.o
 .debug_abbrev  0x00000000      0x235 /tmp/ccfK9cPW.o
 .debug_loclists
                0x00000000       0xb1 /tmp/ccfK9cPW.o
 .debug_aranges
                0x00000000       0x20 /tmp/ccfK9cPW.o
 .debug_line    0x00000000      0x390 /tmp/ccfK9cPW.o
 .debug_str     0x00000000      0x354 /tmp/ccfK9cPW.o
 .comment       0x00000000       0x27 /tmp/ccfK9cPW.o
 .debug_frame   0x00000000       0xcc /tmp/ccfK9cPW.o
 .ARM.attributes
                0x00000000       0x2d /tmp/ccfK9cPW.o
 .text          0x00000000       0xf4 /tmp/ccz1UJhH.o
 .data          0x00000000        0x0 /tmp/ccz1UJhH.o
 .bss           0x00000000        0x0 /tmp/ccz1UJhH.o
 .debug_info    0x00000000      0x32f /tmp/ccz1UJhH.o
 .debug_abbrev  0x00000000      0x1e3 /tmp/ccz1UJhH.o
 .debug_loclists
                0x00000000      0x167 /tmp/ccz1UJhH.o
 .debug_aranges
                0x00000000       0x20 /tmp/ccz1UJhH.o
 .debug_line    0x00000000      0x248 /tmp/ccz1UJhH.o
 .debug_str     0x00000000      0x2f1 /tmp/ccz1UJhH.o
 .comment       0x00000000       0x27 /tmp/ccz1UJhH.o
 .debug_frame   0x00000000       0xac /tmp/ccz1UJhH.o
 .ARM.attributes
                0x00000000       0x2d /tmp/ccz1UJhH.o
 .text          0x00000000      0xbdc /tmp/ccT83TLQ.o
 .data          0x00000000        0x0 /tmp/ccT83TLQ.o
 .bss           0x00000000        0x0 /tmp/ccT83TLQ.o
 .debug_info    0x00000000     0x1aaf /tmp/ccT83TLQ.o
 .debug_abbrev  0x00000000      0x2bd /tmp/ccT83TLQ.o
 .debug_loclists
                0x00000000     0x2775 /tmp/ccT83TLQ.o
 .debug_aranges
                0x00000000       0x20 /tmp/ccT83TLQ.o
 .debug_rnglists
                0x00000000      0x760 /tmp/ccT83TLQ.o
 .debug_line    0x00000000     0x1dc8 /tmp/ccT83TLQ.o
 .debug_str     0x00000000      0x57b /tmp/ccT83TLQ.o
 .comment       0x00000000       0x27 /tmp/ccT83TLQ.o
 .debug_frame   0x00000000      0x270 /tmp/ccT83TLQ.o
 .ARM.attributes
                0x00000000       0x2d /tmp/ccT83TLQ.o
 .text          0x00000000      0x4c4 /tmp/ccuMYQOf.o
 .data          0x00000000        0x0 /tmp/ccuMYQOf.o
 .bss           0x00000000        0x0 /tmp/ccuMYQOf.o
 .debug_info    0x00000000      0x90c /tmp/ccuMYQOf.o
 .debug_abbrev  0x00000000      0x1ca /tmp/ccuMYQOf.o
 .debug_loclists
                0x00000000      0x370 /tmp/ccuMYQOf.o
 .debug_aranges
                0x00000000       0x20 /tmp/ccuMYQOf.o
 .debug_line    0x00000000      0x819 /tmp/ccuMYQOf.o
 .debug_str     0x00000000      0x717 /tmp/ccuMYQOf.o
 .comment       0x00000000       0x27 /tmp/ccuMYQOf.o
 .debug_frame   0x00000000      0x1a0 /tmp/ccuMYQOf.o
 .ARM.attributes
                0x00000000       0x2d /tmp/ccuMYQOf.o
 .text          0x00000000      0x2e0 /tmp/ccS1R1Nl.o
 .data          0x00000000        0x0 /tmp/ccS1R1Nl.o
 .bss           0x00000000        0x0 /tmp/ccS1R1Nl.o
 .debug_info    0x00000000      0x8a6 /tmp/ccS1R1Nl.o
 .debug_abbrev  0x00000000      0x261 /tmp/ccS1R1Nl.o
 .debug_loclists
                0x00000000      0x552 /tmp/ccS1R1Nl.o
 .debug_aranges
                0x00000000       0x20 /tmp/ccS1R1Nl.o
 .debug_line    0x00000000      0x585 /tmp/ccS1R1Nl.o
 .debug_str     0x00000000      0x4c3 /tmp/ccS1R1Nl.o
 .comment       0x00000000       0x27 /tmp/ccS1R1Nl.o
 .debug_frame   0x00000000      0x194 /tmp/ccS1R1Nl.o
 .ARM.attributes
                0x00000000       0x2d /tmp/ccS1R1Nl.o
 .text          0x00000000      0x41c /tmp/cczapJug.o
 .data          0x00000000        0x0 /tmp/cczapJug.o
 .bss           0x00000000        0x0 /tmp/cczapJug.o
 .debug_info    0x00000000      0xbb2 /tmp/cczapJug.o
 .debug_abbrev  0x00000000      0x2b1 /tmp/cczapJug.o
 .debug_loclists
                0x00000000      0x541 /tmp/cczapJug.o
 .debug_aranges
                0x00000000       0x20 /tmp/cczapJug.o
 .debug_line    0x00000000      0x6ff /tmp/cczapJug.o
 .debug_str     0x00000000      0x622 /tmp/cczapJug.o
 .comment       0x00000000       0x27 /tmp/cczapJug.o
 .debug_frame   0x00000000      0x26c /tmp/cczapJug.o
 .ARM.attributes
                0x00000000       0x2d /tmp/cczapJug.o
 .text          0x00000000       0x58 /tmp/ccC9SwJ3.o
 .data          0x00000000        0x0 /tmp/ccC9SwJ3.o
 .bss           0x00000000        0x0 /tmp/ccC9SwJ3.o
 .debug_info    0x00000000      0x1c6 /tmp/ccC9SwJ3.o
 .debug_abbrev  0x00000000      0x140 /tmp/ccC9SwJ3.o
 .debug_loclists
                0x00000000       0x42 /tmp/ccC9SwJ3.o
 .debug_aranges
                0x00000000       0x20 /tmp/ccC9SwJ3.o
 .debug_line    0x00000000       0xfd /tmp/ccC9SwJ3.o
 .debug_str     0x00000000      0x1ef /tmp/ccC9SwJ3.o
 .comment       0x00000000       0x27 /tmp/ccC9SwJ3.o
 .debug_frame   0x00000000       0x70 /tmp/ccC9SwJ3.o
 .ARM.attributes
                0x00000000       0x2d /tmp/ccC9SwJ3.o
 .text          0x00000000       0xdc /tmp/ccFAT5Iv.o
 .data          0x00000000        0x0 /tmp/ccFAT5Iv.o
 .bss           0x00000000        0x0 /tmp/ccFAT5Iv.o
 .debug_info    0x00000000      0x464 /tmp/ccFAT5Iv.o
 .debug_abbrev  0x00000000      0x204 /tmp/ccFAT5Iv.o
 .debug_loclists
                0x00000000       0x82 /tmp/ccFAT5Iv.o
 .debug_aranges
                0x00000000       0x20 /tmp/ccFAT5Iv.o
 .debug_line    0x00000000      0x243 /tmp/ccFAT5Iv.o
 .debug_str     0x00000000      0x2bc /tmp/ccFAT5Iv.o
 .comment       0x00000000       0x27 /tmp/ccFAT5Iv.o
 .debug_frame   0x00000000       0xb8 /tmp/ccFAT5Iv.o
 .ARM.attributes
                0x00000000       0x2d /tmp/ccFAT5Iv.o
 .text          0x00000000      0x35c /tmp/cca3Qm7O.o
 .data          0x00000000        0x0 /tmp/cca3Qm7O.o
 .bss           0x00000000        0x0 /tmp/cca3Qm7O.o
 .rodata        0x00000000       0x14 /tmp/cca3Qm7O.o
 .debug_info    0x00000000      0x92b /tmp/cca3Qm7O.o
 .debug_abbrev  0x00000000      0x29e /tmp/cca3Qm7O.o
 .debug_loclists
                0x00000000      0x3b3 /tmp/cca3Qm7O.o
 .debug_aranges
                0x00000000       0x20 /tmp/cca3Qm7O.o
 .debug_rnglists
                0x00000000       0x1f /tmp/cca3Qm7O.o
 .debug_line    0x00000000      0x697 /tmp/cca3Qm7O.o
 .debug_str     0x00000000      0x5ad /tmp/cca3Qm7O.o
 .comment       0x00000000       0x27 /tmp/cca3Qm7O.o
 .debug_frame   0x00000000      0x228 /tmp/cca3Qm7O.o
 .ARM.attributes
                0x00000000       0x2d /tmp/cca3Qm7O.o
 .text          0x00000000      0x170 /tmp/cc8ozrXS.o
 .data          0x00000000        0x0 /tmp/cc8ozrXS.o
 .bss           0x00000000        0x0 /tmp/cc8ozrXS.o
 .debug_info    0x00000000      0x48e /tmp/cc8ozrXS.o
 .debug_abbrev  0x00000000      0x227 /tmp/cc8ozrXS.o
 .debug_loclists
                0x00000000      0x14c /tmp/cc8ozrXS.o
 .debug_aranges
                0x00000000       0x20 /tmp/cc8ozrXS.o
 .debug_line    0x00000000      0x2a1 /tmp/cc8ozrXS.o
 .debug_str     0x00000000      0x335 /tmp/cc8ozrXS.o
 .comment       0x00000000       0x27 /tmp/cc8ozrXS.o
 .debug_frame   0x00000000       0xf0 /tmp/cc8ozrXS.o
 .ARM.attributes
                0x00000000       0x2d /tmp/cc8ozrXS.o
 .text          0x00000000      0x230 /tmp/ccdPlMCA.o
 .data          0x00000000        0x0 /tmp/ccdPlMCA.o
 .bss           0x00000000        0x0 /tmp/ccdPlMCA.o
 .debug_info    0x00000000      0x7c2 /tmp/ccdPlMCA.o
 .debug_abbrev  0x00000000      0x2a7 /tmp/ccdPlMCA.o
 .debug_loclists
                0x00000000      0x164 /tmp/ccdPlMCA.o
 .debug_aranges
                0x00000000       0x20 /tmp/ccdPlMCA.o
 .debug_line    0x00000000      0x3d6 /tmp/ccdPlMCA.o
 .debug_str     0x00000000      0x5ce /tmp/ccdPlMCA.o
 .comment       0x00000000       0x27 /tmp/ccdPlMCA.o
 .debug_frame   0x00000000      0x21c /tmp/ccdPlMCA.o
 .ARM.attributes
                0x00000000       0x2d /tmp/ccdPlMCA.o
 .text          0x00000000      0x2f4 /tmp/ccdseFGM.o
 .data          0x00000000        0x0 /tmp/ccdseFGM.o
 .bss           0x00000000        0x0 /tmp/ccdseFGM.o
 .debug_info    0x00000000      0x9ff /tmp/ccdseFGM.o
 .debug_abbrev  0x00000000      0x23c /tmp/ccdseFGM.o
 .debug_loclists
                0x00000000      0x590 /tmp/ccdseFGM.o
 .debug_aranges
                0x00000000       0x20 /tmp/ccdseFGM.o
 .debug_line    0x00000000      0x546 /tmp/ccdseFGM.o
 .debug_str     0x00000000      0x5d0 /tmp/ccdseFGM.o
 .comment       0x00000000       0x27 /tmp/ccdseFGM.o
 .debug_frame   0x00000000      0x1bc /tmp/ccdseFGM.o
 .ARM.attributes
                0x00000000       0x2d /tmp/ccdseFGM.o
 .text          0x00000000      0xf40 /tmp/ccrAsmJL.o
 .data          0x00000000        0x0 /tmp/ccrAsmJL.o
 .bss           0x00000000        0x0 /tmp/ccrAsmJL.o
 .debug_info    0x00000000     0x25bd /tmp/ccrAsmJL.o
 .debug_abbrev  0x00000000      0x332 /tmp/ccrAsmJL.o
 .debug_loclists
                0x00000000     0x1478 /tmp/ccrAsmJL.o
 .debug_aranges
                0x00000000       0x20 /tmp/ccrAsmJL.o
 .debug_rnglists
                0x00000000       0x62 /tmp/ccrAsmJL.o
 .debug_line    0x00000000     0x18f5 /tmp/ccrAsmJL.o
 .debug_str     0x00000000      0xd9e /tmp/ccrAsmJL.o
 .comment       0x00000000       0x27 /tmp/ccrAsmJL.o
 .debug_frame   0x00000000      0x6c8 /tmp/ccrAsmJL.o
 .ARM.attributes
                0x00000000       0x2d /tmp/ccrAsmJL.o
 .text          0x00000000      0x3f8 /tmp/ccKuPvmW.o
 .data          0x00000000        0x0 /tmp/ccKuPvmW.o
 .bss           0x00000000        0x0 /tmp/ccKuPvmW.o
 .debug_info    0x00000000      0xb5e /tmp/ccKuPvmW.o
 .debug_abbrev  0x00000000      0x223 /tmp/ccKuPvmW.o
 .debug_loclists
                0x00000000      0x690 /tmp/ccKuPvmW.o
 .debug_aranges
                0x00000000       0x20 /tmp/ccKuPvmW.o
 .debug_line    0x00000000      0x6a4 /tmp/ccKuPvmW.o
 .debug_str     0x00000000      0x663 /tmp/ccKuPvmW.o
 .comment       0x00000000       0x27 /tmp/ccKuPvmW.o
 .debug_frame   0x00000000      0x224 /tmp/ccKuPvmW.o
 .ARM.attributes
                0x00000000       0x2d /tmp/ccKuPvmW.o
 .text          0x00000000       0xa0 /tmp/ccqz6P5O.o
 .data          0x00000000        0x0 /tmp/ccqz6P5O.o
 .bss           0x00000000        0x0 /tmp/ccqz6P5O.o
 .debug_info    0x00000000      0x258 /tmp/ccqz6P5O.o
 .debug_abbrev  0x00000000      0x18f /tmp/ccqz6P5O.o
 .debug_loclists
                0x00000000       0x65 /tmp/ccqz6P5O.o
 .debug_aranges
                0x00000000       0x20 /tmp/ccqz6P5O.o
 .debug_line    0x00000000      0x18c /tmp/ccqz6P5O.o
 .debug_str     0x00000000      0x222 /tmp/ccqz6P5O.o
 .comment       0x00000000       0x27 /tmp/ccqz6P5O.o
 .debug_frame   0x00000000       0xa4 /tmp/ccqz6P5O.o
 .ARM.attributes
                0x00000000       0x2d /tmp/ccqz6P5O.o
 .data          0x00000000        0x0 /tmp/ccpM5kLn.o
 .bss           0x00000000        0x0 /tmp/ccpM5kLn.o
 .data          0x00000000        0x0 /tmp/ccQFTs8K.o
 .bss           0x00000000        0x0 /tmp/ccQFTs8K.o
 .data          0x00000000        0x0 /tmp/ccgz8vUb.o
 .bss           0x00000000        0x0 /tmp/ccgz8vUb.o
 .text          0x00000000        0x0 /tmp/ccn6FzDy.o
 .bss           0x00000000        0x1 /tmp/ccn6FzDy.o
 .data          0x00000000        0x0 /tmp/ccjbCodR.o
 .bss           0x00000000        0x0 /tmp/ccjbCodR.o
 .data          0x00000000        0x0 /tmp/ccO7Weni.o
 .bss           0x00000000        0x0 /tmp/ccO7Weni.o
 .text          0x00000000       0x14 /tmp/cctzR8jy.o
 .data          0x00000000        0x0 /tmp/cctzR8jy.o
 .bss           0x00000000        0x0 /tmp/cctzR8jy.o
 .data          0x00000000        0x0 /usr/lib/gcc/arm-none-eabi/14.2.1/../../../arm-none-eabi/lib/thumb/v7-m/nofp/libg_nano.a(libc_a-init.o)
 .bss           0x00000000        0x0 /usr/lib/gcc/arm-none-eabi/14.2.1/../../../arm-none-eabi/lib/thumb/v7-m/nofp/libg_nano.a(libc_a-init.o)
 .text          0x00000000       0xa0 /usr/lib/gcc/arm-none-eabi/14.2.1/../../../arm-none-eabi/lib/thumb/v7-m/nofp/libg_nano.a(libc_a-memset.o)
 .data          0x00000000        0x0 /usr/lib/gcc/arm-none-eabi/14.2.1/../../../arm-none-eabi/lib/thumb/v7-m/nofp/libg_nano.a(libc_a-memset.o)
 .bss           0x00000000        0x0 /usr/lib/gcc/arm-none-eabi/14.2.1/../../../arm-none-eabi/lib/thumb/v7-m/nofp/libg_nano.a(libc_a-memset.o)
 .debug_info    0x00000000      0x135 /usr/lib/gcc/arm-none-eabi/14.2.1/../../../arm-none-eabi/lib/thumb/v7-m/nofp/libg_nano.a(libc_a-memset.o)
 .debug_abbrev  0x00000000       0xb7 /usr/lib/gcc/arm-none-eabi/14.2.1/../../../arm-none-eabi/lib/thumb/v7-m/nofp/libg_nano.a(libc_a-memset.o)
 .debug_loclists
                0x00000000      0x1d7 /usr/lib/gcc/arm-none-eabi/14.2.1/../../../arm-none-eabi/lib/thumb/v7-m/nofp/libg_nano.a(libc_a-memset.o)
 .debug_aranges
                0x00000000       0x20 /usr/lib/gcc/arm-none-eabi/14.2.1/../../../arm-none-eabi/lib/thumb/v7-m/nofp/libg_nano.a(libc_a-memset.o)
 .debug_line    0x00000000      0x1b5 /usr/lib/gcc/arm-none-eabi/14.2.1/../../../arm-none-eabi/lib/thumb/v7-m/nofp/libg_nano.a(libc_a-memset.o)
 .debug_str     0x00000000      0x1a9 /usr/lib/gcc/arm-none-eabi/14.2.1/../../../arm-none-eabi/lib/thumb/v7-m/nofp/libg_nano.a(libc_a-memset.o)
 .comment       0x00000000       0x27 /usr/lib/gcc/arm-none-eabi/14.2.1/../../../arm-none-eabi/lib/thumb/v7-m/nofp/libg_nano.a(libc_a-memset.o)
 .debug_frame   0x00000000       0x2c /usr/lib/gcc/arm-none-eabi/14.2.1/../../../arm-none-eabi/lib/thumb/v7-m/nofp/libg_nano.a(libc_a-memset.o)
 .ARM.attributes
                0x00000000       0x2d /usr/lib/gcc/arm-none-eabi/14.2.1/../../../arm-none-eabi/lib/thumb/v7-m/nofp/libg_nano.a(libc_a-memset.o)
 .text          0x00000000       0x24 /usr/lib/gcc/arm-none-eabi/14.2.1/../../../arm-none-eabi/lib/thumb/v7-m/nofp/libg_nano.a(libc_a-exit.o)
 .data          0x00000000        0x0 /usr/lib/gcc/arm-none-eabi/14.2.1/../../../arm-none-eabi/lib/thumb/v7-m/nofp/libg_nano.a(libc_a-exit.o)
 .bss           0x00000000        0x0 /usr/lib/gcc/arm-none-eabi/14.2.1/../../../arm-none-eabi/lib/thumb/v7-m/nofp/libg_nano.a(libc_a-exit.o)
 .debug_info    0x00000000      0x11b /usr/lib/gcc/arm-none-eabi/14.2.1/../../../arm-none-eabi/lib/thumb/v7-m/nofp/libg_nano.a(libc_a-exit.o)
 .debug_abbrev  0x00000000       0xd8 /usr/lib/gcc/arm-none-eabi/14.2.1/../../../arm-none-eabi/lib/thumb/v7-m/nofp/libg_nano.a(libc_a-exit.o)
 .debug_loclists
                0x00000000       0x1b /usr/lib/gcc/arm-none-eabi/14.2.1/../../../arm-none-eabi/lib/thumb/v7-m/nofp/libg_nano.a(libc_a-exit.o)
 .debug_aranges
                0x00000000       0x20 /usr/lib/gcc/arm-none-eabi/14.2.1/../../../arm-none-eabi/lib/thumb/v7-m/nofp/libg_nano.a(libc_a-exit.o)
 .debug_line    0x00000000      0x135 /usr/lib/gcc/arm-none-eabi/14.2.1/../../../arm-none-eabi/lib/thumb/v7-m/nofp/libg_nano.a(libc_a-exit.o)
 .debug_str     0x00000000      0x1bb /usr/lib/gcc/arm-none-eabi/14.2.1/../../../arm-none-eabi/lib/thumb/v7-m/nofp/libg_nano.a(libc_a-exit.o)
 .comment       0x00000000       0x27 /usr/lib/gcc/arm-none-eabi/14.2.1/../../../arm-none-eabi/lib/thumb/v7-m/nofp/libg_nano.a(libc_a-exit.o)
 .debug_frame   0x00000000       0x28 /usr/lib/gcc/arm-none-eabi/14.2.1/../../../arm-none-eabi/lib/thumb/v7-m/nofp/libg_nano.a(libc_a-exit.o)
 .ARM.attributes
                0x00000000       0x2d /usr/lib/gcc/arm-none-eabi/14.2.1/../../../arm-none-eabi/lib/thumb/v7-m/nofp/libg_nano.a(libc_a-exit.o)
 .text          0x00000000        0xc /usr/lib/gcc/arm-none-eabi/14.2.1/../../../arm-none-eabi/lib/thumb/v7-m/nofp/libg_nano.a(libc_a-atexit.o)
 .data          0x00000000        0x0 /usr/lib/gcc/arm-none-eabi/14.2.1/../../../arm-none-eabi/lib/thumb/v7-m/nofp/libg_nano.a(libc_a-atexit.o)
 .bss           0x00000000        0x0 /usr/lib/gcc/arm-none-eabi/14.2.1/../../../arm-none-eabi/lib/thumb/v7-m/nofp/libg_nano.a(libc_a-atexit.o)
 .debug_info    0x00000000      0x11e /usr/lib/gcc/arm-none-eabi/14.2.1/../../../arm-none-eabi/lib/thumb/v7-m/nofp/libg_nano.a(libc_a-atexit.o)
 .debug_abbrev  0x00000000       0xc1 /usr/lib/gcc/arm-none-eabi/14.2.1/../../../arm-none-eabi/lib/thumb/v7-m/nofp/libg_nano.a(libc_a-atexit.o)
 .debug_loclists
                0x00000000       0x2b /usr/lib/gcc/arm-none-eabi/14.2.1/../../../arm-none-eabi/lib/thumb/v7-m/nofp/libg_nano.a(libc_a-atexit.o)
 .debug_aranges
                0x00000000       0x20 /usr/lib/gcc/arm-none-eabi/14.2.1/../../../arm-none-eabi/lib/thumb/v7-m/nofp/libg_nano.a(libc_a-atexit.o)
 .debug_line    0x00000000       0xc7 /usr/lib/gcc/arm-none-eabi/14.2.1/../../../arm-none-eabi/lib/thumb/v7-m/nofp/libg_nano.a(libc_a-atexit.o)
 .debug_str     0x00000000      0x1d2 /usr/lib/gcc/arm-none-eabi/14.2.1/../../../arm-none-eabi/lib/thumb/v7-m/nofp/libg_nano.a(libc_a-atexit.o)
 .comment       0x00000000       0x27 /usr/lib/gcc/arm-none-eabi/14.2.1/../../../arm-none-eabi/lib/thumb/v7-m/nofp/libg_nano.a(libc_a-atexit.o)
 .debug_frame   0x00000000       0x20 /usr/lib/gcc/arm-none-eabi/14.2.1/../../../arm-none-eabi/lib/thumb/v7-m/nofp/libg_nano.a(libc_a-atexit.o)
 .ARM.attributes
                0x00000000       0x2d /usr/lib/gcc/arm-none-eabi/14.2.1/../../../arm-none-eabi/lib/thumb/v7-m/nofp/libg_nano.a(libc_a-atexit.o)
 .text          0x00000000       0x28 /usr/lib/gcc/arm-none-eabi/14.2.1/../../../arm-none-eabi/lib/thumb/v7-m/nofp/libg_nano.a(libc_a-fini.o)
 .data          0x00000000        0x0 /usr/lib/gcc/arm-none-eabi/14.2.1/../../../arm-none-eabi/lib/thumb/v7-m/nofp/libg_nano.a(libc_a-fini.o)
 .bss           0x00000000        0x0 /usr/lib/gcc/arm-none-eabi/14.2.1/../../../arm-none-eabi/lib/thumb/v7-m/nofp/libg_nano.a(libc_a-fini.o)
 .debug_info    0x00000000       0xf7 /usr/lib/gcc/arm-none-eabi/14.2.1/../../../arm-none-eabi/lib/thumb/v7-m/nofp/libg_nano.a(libc_a-fini.o)
 .debug_abbrev  0x00000000       0xcc /usr/lib/gcc/arm-none-eabi/14.2.1/../../../arm-none-eabi/lib/thumb/v7-m/nofp/libg_nano.a(libc_a-fini.o)
 .debug_loclists
                0x00000000       0x42 /usr/lib/gcc/arm-none-eabi/14.2.1/../../../arm-none-eabi/lib/thumb/v7-m/nofp/libg_nano.a(libc_a-fini.o)
 .debug_aranges
                0x00000000       0x20 /usr/lib/gcc/arm-none-eabi/14.2.1/../../../arm-none-eabi/lib/thumb/v7-m/nofp/libg_nano.a(libc_a-fini.o)
 .debug_line    0x00000000       0xd2 /usr/lib/gcc/arm-none-eabi/14.2.1/../../../arm-none-eabi/lib/thumb/v7-m/nofp/libg_nano.a(libc_a-fini.o)
 .debug_str     0x00000000      0x1cc /usr/lib/gcc/arm-none-eabi/14.2.1/../../../arm-none-eabi/lib/thumb/v7-m/nofp/libg_nano.a(libc_a-fini.o)
 .comment       0x00000000       0x27 /usr/lib/gcc/arm-none-eabi/14.2.1/../../../arm-none-eabi/lib/thumb/v7-m/nofp/libg_nano.a(libc_a-fini.o)
 .debug_frame   0x00000000       0x34 /usr/lib/gcc/arm-none-eabi/14.2.1/../../../arm-none-eabi/lib/thumb/v7-m/nofp/libg_nano.a(libc_a-fini.o)
 .ARM.attributes
                0x00000000       0x2d /usr/lib/gcc/arm-none-eabi/14.2.1/../../../arm-none-eabi/lib/thumb/v7-m/nofp/libg_nano.a(libc_a-fini.o)
 .text          0x00000000      0x224 /usr/lib/gcc/arm-none-eabi/14.2.1/../../../arm-none-eabi/lib/thumb/v7-m/nofp/libg_nano.a(libc_a-findfp.o)
 .data          0x00000000        0xc /usr/lib/gcc/arm-none-eabi/14.2.1/../../../arm-none-eabi/lib/thumb/v7-m/nofp/libg_nano.a(libc_a-findfp.o)
 .bss           0x00000000      0x13c /usr/lib/gcc/arm-none-eabi/14.2.1/../../../arm-none-eabi/lib/thumb/v7-m/nofp/libg_nano.a(libc_a-findfp.o)
 .debug_info    0x00000000      0xe8c /usr/lib/gcc/arm-none-eabi/14.2.1/../../../arm-none-eabi/lib/thumb/v7-m/nofp/libg_nano.a(libc_a-findfp.o)
 .debug_abbrev  0x00000000      0x408 /usr/lib/gcc/arm-none-eabi/14.2.1/../../../arm-none-eabi/lib/thumb/v7-m/nofp/libg_nano.a(libc_a-findfp.o)
 .debug_loclists
                0x00000000      0x1d0 /usr/lib/gcc/arm-none-eabi/14.2.1/../../../arm-none-eabi/lib/thumb/v7-m/nofp/libg_nano.a(libc_a-findfp.o)
 .debug_aranges
                0x00000000       0x20 /usr/lib/gcc/arm-none-eabi/14.2.1/../../../arm-none-eabi/lib/thumb/v7-m/nofp/libg_nano.a(libc_a-findfp.o)
 .debug_rnglists
                0x00000000       0x7a /usr/lib/gcc/arm-none-eabi/14.2.1/../../../arm-none-eabi/lib/thumb/v7-m/nofp/libg_nano.a(libc_a-findfp.o)
 .debug_line    0x00000000      0x527 /usr/lib/gcc/arm-none-eabi/14.2.1/../../../arm-none-eabi/lib/thumb/v7-m/nofp/libg_nano.a(libc_a-findfp.o)
 .debug_str     0x00000000      0x6bb /usr/lib/gcc/arm-none-eabi/14.2.1/../../../arm-none-eabi/lib/thumb/v7-m/nofp/libg_nano.a(libc_a-findfp.o)
 .comment       0x00000000       0x27 /usr/lib/gcc/arm-none-eabi/14.2.1/../../../arm-none-eabi/lib/thumb/v7-m/nofp/libg_nano.a(libc_a-findfp.o)
 .debug_frame   0x00000000       0xf4 /usr/lib/gcc/arm-none-eabi/14.2.1/../../../arm-none-eabi/lib/thumb/v7-m/nofp/libg_nano.a(libc_a-findfp.o)
 .ARM.attributes
                0x00000000       0x2d /usr/lib/gcc/arm-none-eabi/14.2.1/../../../arm-none-eabi/lib/thumb/v7-m/nofp/libg_nano.a(libc_a-findfp.o)
 .text          0x00000000      0x198 /usr/lib/gcc/arm-none-eabi/14.2.1/../../../arm-none-eabi/lib/thumb/v7-m/nofp/libg_nano.a(libc_a-fflush.o)
 .data          0x00000000        0x0 /usr/lib/gcc/arm-none-eabi/14.2.1/../../../arm-none-eabi/lib/thumb/v7-m/nofp/libg_nano.a(libc_a-fflush.o)
 .bss           0x00000000        0x0 /usr/lib/gcc/arm-none-eabi/14.2.1/../../../arm-none-eabi/lib/thumb/v7-m/nofp/libg_nano.a(libc_a-fflush.o)
 .debug_info    0x00000000      0xa30 /usr/lib/gcc/arm-none-eabi/14.2.1/../../../arm-none-eabi/lib/thumb/v7-m/nofp/libg_nano.a(libc_a-fflush.o)
 .debug_abbrev  0x00000000      0x2e1 /usr/lib/gcc/arm-none-eabi/14.2.1/../../../arm-none-eabi/lib/thumb/v7-m/nofp/libg_nano.a(libc_a-fflush.o)
 .debug_loclists
                0x00000000      0x2f2 /usr/lib/gcc/arm-none-eabi/14.2.1/../../../arm-none-eabi/lib/thumb/v7-m/nofp/libg_nano.a(libc_a-fflush.o)
 .debug_aranges
                0x00000000       0x20 /usr/lib/gcc/arm-none-eabi/14.2.1/../../../arm-none-eabi/lib/thumb/v7-m/nofp/libg_nano.a(libc_a-fflush.o)
 .debug_rnglists
                0x00000000       0x58 /usr/lib/gcc/arm-none-eabi/14.2.1/../../../arm-none-eabi/lib/thumb/v7-m/nofp/libg_nano.a(libc_a-fflush.o)
 .debug_line    0x00000000      0x45e /usr/lib/gcc/arm-none-eabi/14.2.1/../../../arm-none-eabi/lib/thumb/v7-m/nofp/libg_nano.a(libc_a-fflush.o)
 .debug_str     0x00000000      0x53f /usr/lib/gcc/arm-none-eabi/14.2.1/../../../arm-none-eabi/lib/thumb/v7-m/nofp/libg_nano.a(libc_a-fflush.o)
 .comment       0x00000000       0x27 /usr/lib/gcc/arm-none-eabi/14.2.1/../../../arm-none-eabi/lib/thumb/v7-m/nofp/libg_nano.a(libc_a-fflush.o)
 .debug_frame   0x00000000       0x8c /usr/lib/gcc/arm-none-eabi/14.2.1/../../../arm-none-eabi/lib/thumb/v7-m/nofp/libg_nano.a(libc_a-fflush.o)
 .ARM.attributes
                0x00000000       0x2d /usr/lib/gcc/arm-none-eabi/14.2.1/../../../arm-none-eabi/lib/thumb/v7-m/nofp/libg_nano.a(libc_a-fflush.o)
 .text          0x00000000      0x14c /usr/lib/gcc/arm-none-eabi/14.2.1/../../../arm-none-eabi/lib/thumb/v7-m/nofp/libg_nano.a(libc_a-mallocr.o)
 .data          0x00000000        0x0 /usr/lib/gcc/arm-none-eabi/14.2.1/../../../arm-none-eabi/lib/thumb/v7-m/nofp/libg_nano.a(libc_a-mallocr.o)
 .bss           0x00000000        0x8 /usr/lib/gcc/arm-none-eabi/14.2.1/../../../arm-none-eabi/lib/thumb/v7-m/nofp/libg_nano.a(libc_a-mallocr.o)
 .debug_info    0x00000000      0x9b6 /usr/lib/gcc/arm-none-eabi/14.2.1/../../../arm-none-eabi/lib/thumb/v7-m/nofp/libg_nano.a(libc_a-mallocr.o)
 .debug_abbrev  0x00000000      0x24a /usr/lib/gcc/arm-none-eabi/14.2.1/../../../arm-none-eabi/lib/thumb/v7-m/nofp/libg_nano.a(libc_a-mallocr.o)
 .debug_loclists
                0x00000000      0x273 /usr/lib/gcc/arm-none-eabi/14.2.1/../../../arm-none-eabi/lib/thumb/v7-m/nofp/libg_nano.a(libc_a-mallocr.o)
 .debug_aranges
                0x00000000       0x20 /usr/lib/gcc/arm-none-eabi/14.2.1/../../../arm-none-eabi/lib/thumb/v7-m/nofp/libg_nano.a(libc_a-mallocr.o)
 .debug_rnglists
                0x00000000       0x1f /usr/lib/gcc/arm-none-eabi/14.2.1/../../../arm-none-eabi/lib/thumb/v7-m/nofp/libg_nano.a(libc_a-mallocr.o)
 .debug_line    0x00000000      0x468 /usr/lib/gcc/arm-none-eabi/14.2.1/../../../arm-none-eabi/lib/thumb/v7-m/nofp/libg_nano.a(libc_a-mallocr.o)
 .debug_str     0x00000000      0x599 /usr/lib/gcc/arm-none-eabi/14.2.1/../../../arm-none-eabi/lib/thumb/v7-m/nofp/libg_nano.a(libc_a-mallocr.o)
 .comment       0x00000000       0x27 /usr/lib/gcc/arm-none-eabi/14.2.1/../../../arm-none-eabi/lib/thumb/v7-m/nofp/libg_nano.a(libc_a-mallocr.o)
 .debug_frame   0x00000000       0x50 /usr/lib/gcc/arm-none-eabi/14.2.1/../../../arm-none-eabi/lib/thumb/v7-m/nofp/libg_nano.a(libc_a-mallocr.o)
 .ARM.attributes
                0x00000000       0x2d /usr/lib/gcc/arm-none-eabi/14.2.1/../../../arm-none-eabi/lib/thumb/v7-m/nofp/libg_nano.a(libc_a-mallocr.o)
 .text          0x00000000       0xbc /usr/lib/gcc/arm-none-eabi/14.2.1/../../../arm-none-eabi/lib/thumb/v7-m/nofp/libg_nano.a(libc_a-freer.o)
 .data          0x00000000        0x0 /usr/lib/gcc/arm-none-eabi/14.2.1/../../../arm-none-eabi/lib/thumb/v7-m/nofp/libg_nano.a(libc_a-freer.o)
 .bss           0x00000000        0x0 /usr/lib/gcc/arm-none-eabi/14.2.1/../../../arm-none-eabi/lib/thumb/v7-m/nofp/libg_nano.a(libc_a-freer.o)
 .debug_info    0x00000000      0x87f /usr/lib/gcc/arm-none-eabi/14.2.1/../../../arm-none-eabi/lib/thumb/v7-m/nofp/libg_nano.a(libc_a-freer.o)
 .debug_abbrev  0x00000000      0x249 /usr/lib/gcc/arm-none-eabi/14.2.1/../../../arm-none-eabi/lib/thumb/v7-m/nofp/libg_nano.a(libc_a-freer.o)
 .debug_loclists
                0x00000000      0x164 /usr/lib/gcc/arm-none-eabi/14.2.1/../../../arm-none-eabi/lib/thumb/v7-m/nofp/libg_nano.a(libc_a-freer.o)
 .debug_aranges
                0x00000000       0x20 /usr/lib/gcc/arm-none-eabi/14.2.1/../../../arm-none-eabi/lib/thumb/v7-m/nofp/libg_nano.a(libc_a-freer.o)
 .debug_rnglists
                0x00000000       0x13 /usr/lib/gcc/arm-none-eabi/14.2.1/../../../arm-none-eabi/lib/thumb/v7-m/nofp/libg_nano.a(libc_a-freer.o)
 .debug_line    0x00000000      0x2d0 /usr/lib/gcc/arm-none-eabi/14.2.1/../../../arm-none-eabi/lib/thumb/v7-m/nofp/libg_nano.a(libc_a-freer.o)
 .debug_str     0x00000000      0x538 /usr/lib/gcc/arm-none-eabi/14.2.1/../../../arm-none-eabi/lib/thumb/v7-m/nofp/libg_nano.a(libc_a-freer.o)
 .comment       0x00000000       0x27 /usr/lib/gcc/arm-none-eabi/14.2.1/../../../arm-none-eabi/lib/thumb/v7-m/nofp/libg_nano.a(libc_a-freer.o)
 .debug_frame   0x00000000       0x58 /usr/lib/gcc/arm-none-eabi/14.2.1/../../../arm-none-eabi/lib/thumb/v7-m/nofp/libg_nano.a(libc_a-freer.o)
 .ARM.attributes
                0x00000000       0x2d /usr/lib/gcc/arm-none-eabi/14.2.1/../../../arm-none-eabi/lib/thumb/v7-m/nofp/libg_nano.a(libc_a-freer.o)
 .text          0x00000000       0x44 /usr/lib/gcc/arm-none-eabi/14.2.1/../../../arm-none-eabi/lib/thumb/v7-m/nofp/libg_nano.a(libc_a-fwalk.o)
 .data          0x00000000        0x0 /usr/lib/gcc/arm-none-eabi/14.2.1/../../../arm-none-eabi/lib/thumb/v7-m/nofp/libg_nano.a(libc_a-fwalk.o)
 .bss           0x00000000        0x0 /usr/lib/gcc/arm-none-eabi/14.2.1/../../../arm-none-eabi/lib/thumb/v7-m/nofp/libg_nano.a(libc_a-fwalk.o)
 .debug_info    0x00000000      0x7c8 /usr/lib/gcc/arm-none-eabi/14.2.1/../../../arm-none-eabi/lib/thumb/v7-m/nofp/libg_nano.a(libc_a-fwalk.o)
 .debug_abbrev  0x00000000      0x19b /usr/lib/gcc/arm-none-eabi/14.2.1/../../../arm-none-eabi/lib/thumb/v7-m/nofp/libg_nano.a(libc_a-fwalk.o)
 .debug_loclists
                0x00000000       0x79 /usr/lib/gcc/arm-none-eabi/14.2.1/../../../arm-none-eabi/lib/thumb/v7-m/nofp/libg_nano.a(libc_a-fwalk.o)
 .debug_aranges
                0x00000000       0x20 /usr/lib/gcc/arm-none-eabi/14.2.1/../../../arm-none-eabi/lib/thumb/v7-m/nofp/libg_nano.a(libc_a-fwalk.o)
 .debug_line    0x00000000      0x1d1 /usr/lib/gcc/arm-none-eabi/14.2.1/../../../arm-none-eabi/lib/thumb/v7-m/nofp/libg_nano.a(libc_a-fwalk.o)
 .debug_str     0x00000000      0x4c8 /usr/lib/gcc/arm-none-eabi/14.2.1/../../../arm-none-eabi/lib/thumb/v7-m/nofp/libg_nano.a(libc_a-fwalk.o)
 .comment       0x00000000       0x27 /usr/lib/gcc/arm-none-eabi/14.2.1/../../../arm-none-eabi/lib/thumb/v7-m/nofp/libg_nano.a(libc_a-fwalk.o)
 .debug_frame   0x00000000       0x34 /usr/lib/gcc/arm-none-eabi/14.2.1/../../../arm-none-eabi/lib/thumb/v7-m/nofp/libg_nano.a(libc_a-fwalk.o)
 .ARM.attributes
                0x00000000       0x2d /usr/lib/gcc/arm-none-eabi/14.2.1/../../../arm-none-eabi/lib/thumb/v7-m/nofp/libg_nano.a(libc_a-fwalk.o)
 .text          0x00000000       0xa4 /usr/lib/gcc/arm-none-eabi/14.2.1/../../../arm-none-eabi/lib/thumb/v7-m/nofp/libg_nano.a(libc_a-__atexit.o)
 .data          0x00000000        0x4 /usr/lib/gcc/arm-none-eabi/14.2.1/../../../arm-none-eabi/lib/thumb/v7-m/nofp/libg_nano.a(libc_a-__atexit.o)
 .bss           0x00000000       0x8c /usr/lib/gcc/arm-none-eabi/14.2.1/../../../arm-none-eabi/lib/thumb/v7-m/nofp/libg_nano.a(libc_a-__atexit.o)
 .debug_info    0x00000000      0x284 /usr/lib/gcc/arm-none-eabi/14.2.1/../../../arm-none-eabi/lib/thumb/v7-m/nofp/libg_nano.a(libc_a-__atexit.o)
 .debug_abbrev  0x00000000      0x1d4 /usr/lib/gcc/arm-none-eabi/14.2.1/../../../arm-none-eabi/lib/thumb/v7-m/nofp/libg_nano.a(libc_a-__atexit.o)
 .debug_loclists
                0x00000000       0xf3 /usr/lib/gcc/arm-none-eabi/14.2.1/../../../arm-none-eabi/lib/thumb/v7-m/nofp/libg_nano.a(libc_a-__atexit.o)
 .debug_aranges
                0x00000000       0x20 /usr/lib/gcc/arm-none-eabi/14.2.1/../../../arm-none-eabi/lib/thumb/v7-m/nofp/libg_nano.a(libc_a-__atexit.o)
 .debug_line    0x00000000      0x24a /usr/lib/gcc/arm-none-eabi/14.2.1/../../../arm-none-eabi/lib/thumb/v7-m/nofp/libg_nano.a(libc_a-__atexit.o)
 .debug_str     0x00000000      0x28c /usr/lib/gcc/arm-none-eabi/14.2.1/../../../arm-none-eabi/lib/thumb/v7-m/nofp/libg_nano.a(libc_a-__atexit.o)
 .comment       0x00000000       0x27 /usr/lib/gcc/arm-none-eabi/14.2.1/../../../arm-none-eabi/lib/thumb/v7-m/nofp/libg_nano.a(libc_a-__atexit.o)
 .debug_frame   0x00000000       0x38 /usr/lib/gcc/arm-none-eabi/14.2.1/../../../arm-none-eabi/lib/thumb/v7-m/nofp/libg_nano.a(libc_a-__atexit.o)
 .ARM.attributes
                0x00000000       0x2d /usr/lib/gcc/arm-none-eabi/14.2.1/../../../arm-none-eabi/lib/thumb/v7-m/nofp/libg_nano.a(libc_a-__atexit.o)
 .text          0x00000000        0x0 /usr/lib/gcc/arm-none-eabi/14.2.1/../../../arm-none-eabi/lib/thumb/v7-m/nofp/libg_nano.a(libc_a-impure.o)
 .data          0x00000000       0x50 /usr/lib/gcc/arm-none-eabi/14.2.1/../../../arm-none-eabi/lib/thumb/v7-m/nofp/libg_nano.a(libc_a-impure.o)
 .bss           0x00000000        0x0 /usr/lib/gcc/arm-none-eabi/14.2.1/../../../arm-none-eabi/lib/thumb/v7-m/nofp/libg_nano.a(libc_a-impure.o)
 .debug_info    0x00000000      0x70b /usr/lib/gcc/arm-none-eabi/14.2.1/../../../arm-none-eabi/lib/thumb/v7-m/nofp/libg_nano.a(libc_a-impure.o)
 .debug_abbrev  0x00000000      0x149 /usr/lib/gcc/arm-none-eabi/14.2.1/../../../arm-none-eabi/lib/thumb/v7-m/nofp/libg_nano.a(libc_a-impure.o)
 .debug_aranges
                0x00000000       0x18 /usr/lib/gcc/arm-none-eabi/14.2.1/../../../arm-none-eabi/lib/thumb/v7-m/nofp/libg_nano.a(libc_a-impure.o)
 .debug_line    0x00000000       0xeb /usr/lib/gcc/arm-none-eabi/14.2.1/../../../arm-none-eabi/lib/thumb/v7-m/nofp/libg_nano.a(libc_a-impure.o)
 .debug_str     0x00000000      0x4b8 /usr/lib/gcc/arm-none-eabi/14.2.1/../../../arm-none-eabi/lib/thumb/v7-m/nofp/libg_nano.a(libc_a-impure.o)
 .comment       0x00000000       0x27 /usr/lib/gcc/arm-none-eabi/14.2.1/../../../arm-none-eabi/lib/thumb/v7-m/nofp/libg_nano.a(libc_a-impure.o)
 .ARM.attributes
                0x00000000       0x2d /usr/lib/gcc/arm-none-eabi/14.2.1/../../../arm-none-eabi/lib/thumb/v7-m/nofp/libg_nano.a(libc_a-impure.o)
 .text          0x00000000        0x8 /usr/lib/gcc/arm-none-eabi/14.2.1/../../../arm-none-eabi/lib/thumb/v7-m/nofp/libg_nano.a(libc_a-mlock.o)
 .data          0x00000000        0x0 /usr/lib/gcc/arm-none-eabi/14.2.1/../../../arm-none-eabi/lib/thumb/v7-m/nofp/libg_nano.a(libc_a-mlock.o)
 .bss           0x00000000        0x0 /usr/lib/gcc/arm-none-eabi/14.2.1/../../../arm-none-eabi/lib/thumb/v7-m/nofp/libg_nano.a(libc_a-mlock.o)
 .debug_info    0x00000000      0x71c /usr/lib/gcc/arm-none-eabi/14.2.1/../../../arm-none-eabi/lib/thumb/v7-m/nofp/libg_nano.a(libc_a-mlock.o)
 .debug_abbrev  0x00000000      0x192 /usr/lib/gcc/arm-none-eabi/14.2.1/../../../arm-none-eabi/lib/thumb/v7-m/nofp/libg_nano.a(libc_a-mlock.o)
 .debug_aranges
                0x00000000       0x20 /usr/lib/gcc/arm-none-eabi/14.2.1/../../../arm-none-eabi/lib/thumb/v7-m/nofp/libg_nano.a(libc_a-mlock.o)
 .debug_line    0x00000000      0x15b /usr/lib/gcc/arm-none-eabi/14.2.1/../../../arm-none-eabi/lib/thumb/v7-m/nofp/libg_nano.a(libc_a-mlock.o)
 .debug_str     0x00000000      0x4d6 /usr/lib/gcc/arm-none-eabi/14.2.1/../../../arm-none-eabi/lib/thumb/v7-m/nofp/libg_nano.a(libc_a-mlock.o)
 .comment       0x00000000       0x27 /usr/lib/gcc/arm-none-eabi/14.2.1/../../../arm-none-eabi/lib/thumb/v7-m/nofp/libg_nano.a(libc_a-mlock.o)
 .debug_frame   0x00000000       0x30 /usr/lib/gcc/arm-none-eabi/14.2.1/../../../arm-none-eabi/lib/thumb/v7-m/nofp/libg_nano.a(libc_a-mlock.o)
 .ARM.attributes
                0x00000000       0x2d /usr/lib/gcc/arm-none-eabi/14.2.1/../../../arm-none-eabi/lib/thumb/v7-m/nofp/libg_nano.a(libc_a-mlock.o)
 .text          0x00000000       0x24 /usr/lib/gcc/arm-none-eabi/14.2.1/../../../arm-none-eabi/lib/thumb/v7-m/nofp/libg_nano.a(libc_a-sbrkr.o)
 .data          0x00000000        0x0 /usr/lib/gcc/arm-none-eabi/14.2.1/../../../arm-none-eabi/lib/thumb/v7-m/nofp/libg_nano.a(libc_a-sbrkr.o)
 .bss           0x00000000        0x0 /usr/lib/gcc/arm-none-eabi/14.2.1/../../../arm-none-eabi/lib/thumb/v7-m/nofp/libg_nano.a(libc_a-sbrkr.o)
 .debug_info    0x00000000      0x778 /usr/lib/gcc/arm-none-eabi/14.2.1/../../../arm-none-eabi/lib/thumb/v7-m/nofp/libg_nano.a(libc_a-sbrkr.o)
 .debug_abbrev  0x00000000      0x1da /usr/lib/gcc/arm-none-eabi/14.2.1/../../../arm-none-eabi/lib/thumb/v7-m/nofp/libg_nano.a(libc_a-sbrkr.o)
 .debug_loclists
                0x00000000       0x4b /usr/lib/gcc/arm-none-eabi/14.2.1/../../../arm-none-eabi/lib/thumb/v7-m/nofp/libg_nano.a(libc_a-sbrkr.o)
 .debug_aranges
                0x00000000       0x20 /usr/lib/gcc/arm-none-eabi/14.2.1/../../../arm-none-eabi/lib/thumb/v7-m/nofp/libg_nano.a(libc_a-sbrkr.o)
 .debug_line    0x00000000      0x19e /usr/lib/gcc/arm-none-eabi/14.2.1/../../../arm-none-eabi/lib/thumb/v7-m/nofp/libg_nano.a(libc_a-sbrkr.o)
 .debug_str     0x00000000      0x4c1 /usr/lib/gcc/arm-none-eabi/14.2.1/../../../arm-none-eabi/lib/thumb/v7-m/nofp/libg_nano.a(libc_a-sbrkr.o)
 .comment       0x00000000       0x27 /usr/lib/gcc/arm-none-eabi/14.2.1/../../../arm-none-eabi/lib/thumb/v7-m/nofp/libg_nano.a(libc_a-sbrkr.o)
 .debug_frame   0x00000000       0x2c /usr/lib/gcc/arm-none-eabi/14.2.1/../../../arm-none-eabi/lib/thumb/v7-m/nofp/libg_nano.a(libc_a-sbrkr.o)
 .ARM.attributes
                0x00000000       0x2d /usr/lib/gcc/arm-none-eabi/14.2.1/../../../arm-none-eabi/lib/thumb/v7-m/nofp/libg_nano.a(libc_a-sbrkr.o)
 .text          0x00000000       0x94 /usr/lib/gcc/arm-none-eabi/14.2.1/../../../arm-none-eabi/lib/thumb/v7-m/nofp/libg_nano.a(libc_a-stdio.o)
 .data          0x00000000        0x0 /usr/lib/gcc/arm-none-eabi/14.2.1/../../../arm-none-eabi/lib/thumb/v7-m/nofp/libg_nano.a(libc_a-stdio.o)
 .bss           0x00000000        0x0 /usr/lib/gcc/arm-none-eabi/14.2.1/../../../arm-none-eabi/lib/thumb/v7-m/nofp/libg_nano.a(libc_a-stdio.o)
 .debug_info    0x00000000      0xa80 /usr/lib/gcc/arm-none-eabi/14.2.1/../../../arm-none-eabi/lib/thumb/v7-m/nofp/libg_nano.a(libc_a-stdio.o)
 .debug_abbrev  0x00000000      0x224 /usr/lib/gcc/arm-none-eabi/14.2.1/../../../arm-none-eabi/lib/thumb/v7-m/nofp/libg_nano.a(libc_a-stdio.o)
 .debug_loclists
                0x00000000      0x23b /usr/lib/gcc/arm-none-eabi/14.2.1/../../../arm-none-eabi/lib/thumb/v7-m/nofp/libg_nano.a(libc_a-stdio.o)
 .debug_aranges
                0x00000000       0x20 /usr/lib/gcc/arm-none-eabi/14.2.1/../../../arm-none-eabi/lib/thumb/v7-m/nofp/libg_nano.a(libc_a-stdio.o)
 .debug_line    0x00000000      0x233 /usr/lib/gcc/arm-none-eabi/14.2.1/../../../arm-none-eabi/lib/thumb/v7-m/nofp/libg_nano.a(libc_a-stdio.o)
 .debug_str     0x00000000      0x525 /usr/lib/gcc/arm-none-eabi/14.2.1/../../../arm-none-eabi/lib/thumb/v7-m/nofp/libg_nano.a(libc_a-stdio.o)
 .comment       0x00000000       0x27 /usr/lib/gcc/arm-none-eabi/14.2.1/../../../arm-none-eabi/lib/thumb/v7-m/nofp/libg_nano.a(libc_a-stdio.o)
 .debug_frame   0x00000000       0x8c /usr/lib/gcc/arm-none-eabi/14.2.1/../../../arm-none-eabi/lib/thumb/v7-m/nofp/libg_nano.a(libc_a-stdio.o)
 .ARM.attributes
                0x00000000       0x2d /usr/lib/gcc/arm-none-eabi/14.2.1/../../../arm-none-eabi/lib/thumb/v7-m/nofp/libg_nano.a(libc_a-stdio.o)
 .text          0x00000000       0x2c /usr/lib/gcc/arm-none-eabi/14.2.1/../../../arm-none-eabi/lib/thumb/v7-m/nofp/libg_nano.a(libc_a-readr.o)
 .data          0x00000000        0x0 /usr/lib/gcc/arm-none-eabi/14.2.1/../../../arm-none-eabi/lib/thumb/v7-m/nofp/libg_nano.a(libc_a-readr.o)
 .bss           0x00000000        0x0 /usr/lib/gcc/arm-none-eabi/14.2.1/../../../arm-none-eabi/lib/thumb/v7-m/nofp/libg_nano.a(libc_a-readr.o)
 .debug_info    0x00000000      0x7b5 /usr/lib/gcc/arm-none-eabi/14.2.1/../../../arm-none-eabi/lib/thumb/v7-m/nofp/libg_nano.a(libc_a-readr.o)
 .debug_abbrev  0x00000000      0x1b0 /usr/lib/gcc/arm-none-eabi/14.2.1/../../../arm-none-eabi/lib/thumb/v7-m/nofp/libg_nano.a(libc_a-readr.o)
 .debug_loclists
                0x00000000       0x97 /usr/lib/gcc/arm-none-eabi/14.2.1/../../../arm-none-eabi/lib/thumb/v7-m/nofp/libg_nano.a(libc_a-readr.o)
 .debug_aranges
                0x00000000       0x20 /usr/lib/gcc/arm-none-eabi/14.2.1/../../../arm-none-eabi/lib/thumb/v7-m/nofp/libg_nano.a(libc_a-readr.o)
 .debug_line    0x00000000      0x1a4 /usr/lib/gcc/arm-none-eabi/14.2.1/../../../arm-none-eabi/lib/thumb/v7-m/nofp/libg_nano.a(libc_a-readr.o)
 .debug_str     0x00000000      0x4bc /usr/lib/gcc/arm-none-eabi/14.2.1/../../../arm-none-eabi/lib/thumb/v7-m/nofp/libg_nano.a(libc_a-readr.o)
 .comment       0x00000000       0x27 /usr/lib/gcc/arm-none-eabi/14.2.1/../../../arm-none-eabi/lib/thumb/v7-m/nofp/libg_nano.a(libc_a-readr.o)
 .debug_frame   0x00000000       0x2c /usr/lib/gcc/arm-none-eabi/14.2.1/../../../arm-none-eabi/lib/thumb/v7-m/nofp/libg_nano.a(libc_a-readr.o)
 .ARM.attributes
                0x00000000       0x2d /usr/lib/gcc/arm-none-eabi/14.2.1/../../../arm-none-eabi/lib/thumb/v7-m/nofp/libg_nano.a(libc_a-readr.o)
 .text          0x00000000       0x2c /usr/lib/gcc/arm-none-eabi/14.2.1/../../../arm-none-eabi/lib/thumb/v7-m/nofp/libg_nano.a(libc_a-writer.o)
 .data          0x00000000        0x0 /usr/lib/gcc/arm-none-eabi/14.2.1/../../../arm-none-eabi/lib/thumb/v7-m/nofp/libg_nano.a(libc_a-writer.o)
 .bss           0x00000000        0x0 /usr/lib/gcc/arm-none-eabi/14.2.1/../../../arm-none-eabi/lib/thumb/v7-m/nofp/libg_nano.a(libc_a-writer.o)
 .debug_info    0x00000000      0x7bb /usr/lib/gcc/arm-none-eabi/14.2.1/../../../arm-none-eabi/lib/thumb/v7-m/nofp/libg_nano.a(libc_a-writer.o)
 .debug_abbrev  0x00000000      0x1b5 /usr/lib/gcc/arm-none-eabi/14.2.1/../../../arm-none-eabi/lib/thumb/v7-m/nofp/libg_nano.a(libc_a-writer.o)
 .debug_loclists
                0x00000000       0x97 /usr/lib/gcc/arm-none-eabi/14.2.1/../../../arm-none-eabi/lib/thumb/v7-m/nofp/libg_nano.a(libc_a-writer.o)
 .debug_aranges
                0x00000000       0x20 /usr/lib/gcc/arm-none-eabi/14.2.1/../../../arm-none-eabi/lib/thumb/v7-m/nofp/libg_nano.a(libc_a-writer.o)
 .debug_line    0x00000000      0x1a5 /usr/lib/gcc/arm-none-eabi/14.2.1/../../../arm-none-eabi/lib/thumb/v7-m/nofp/libg_nano.a(libc_a-writer.o)
 .debug_str     0x00000000      0x4be /usr/lib/gcc/arm-none-eabi/14.2.1/../../../arm-none-eabi/lib/thumb/v7-m/nofp/libg_nano.a(libc_a-writer.o)
 .comment       0x00000000       0x27 /usr/lib/gcc/arm-none-eabi/14.2.1/../../../arm-none-eabi/lib/thumb/v7-m/nofp/libg_nano.a(libc_a-writer.o)
 .debug_frame   0x00000000       0x2c /usr/lib/gcc/arm-none-eabi/14.2.1/../../../arm-none-eabi/lib/thumb/v7-m/nofp/libg_nano.a(libc_a-writer.o)
 .ARM.attributes
                0x00000000       0x2d /usr/lib/gcc/arm-none-eabi/14.2.1/../../../arm-none-eabi/lib/thumb/v7-m/nofp/libg_nano.a(libc_a-writer.o)
 .text          0x00000000       0x24 /usr/lib/gcc/arm-none-eabi/14.2.1/../../../arm-none-eabi/lib/thumb/v7-m/nofp/libg_nano.a(libc_a-closer.o)
 .data          0x00000000        0x0 /usr/lib/gcc/arm-none-eabi/14.2.1/../../../arm-none-eabi/lib/thumb/v7-m/nofp/libg_nano.a(libc_a-closer.o)
 .bss           0x00000000        0x0 /usr/lib/gcc/arm-none-eabi/14.2.1/../../../arm-none-eabi/lib/thumb/v7-m/nofp/libg_nano.a(libc_a-closer.o)
 .debug_info    0x00000000      0x753 /usr/lib/gcc/arm-none-eabi/14.2.1/../../../arm-none-eabi/lib/thumb/v7-m/nofp/libg_nano.a(libc_a-closer.o)
 .debug_abbrev  0x00000000      0x1b0 /usr/lib/gcc/arm-none-eabi/14.2.1/../../../arm-none-eabi/lib/thumb/v7-m/nofp/libg_nano.a(libc_a-closer.o)
 .debug_loclists
                0x00000000       0x4b /usr/lib/gcc/arm-none-eabi/14.2.1/../../../arm-none-eabi/lib/thumb/v7-m/nofp/libg_nano.a(libc_a-closer.o)
 .debug_aranges
                0x00000000       0x20 /usr/lib/gcc/arm-none-eabi/14.2.1/../../../arm-none-eabi/lib/thumb/v7-m/nofp/libg_nano.a(libc_a-closer.o)
 .debug_line    0x00000000      0x19e /usr/lib/gcc/arm-none-eabi/14.2.1/../../../arm-none-eabi/lib/thumb/v7-m/nofp/libg_nano.a(libc_a-closer.o)
 .debug_str     0x00000000      0x4ae /usr/lib/gcc/arm-none-eabi/14.2.1/../../../arm-none-eabi/lib/thumb/v7-m/nofp/libg_nano.a(libc_a-closer.o)
 .comment       0x00000000       0x27 /usr/lib/gcc/arm-none-eabi/14.2.1/../../../arm-none-eabi/lib/thumb/v7-m/nofp/libg_nano.a(libc_a-closer.o)
 .debug_frame   0x00000000       0x2c /usr/lib/gcc/arm-none-eabi/14.2.1/../../../arm-none-eabi/lib/thumb/v7-m/nofp/libg_nano.a(libc_a-closer.o)
 .ARM.attributes
                0x00000000       0x2d /usr/lib/gcc/arm-none-eabi/14.2.1/../../../arm-none-eabi/lib/thumb/v7-m/nofp/libg_nano.a(libc_a-closer.o)
 .text          0x00000000       0x2c /usr/lib/gcc/arm-none-eabi/14.2.1/../../../arm-none-eabi/lib/thumb/v7-m/nofp/libg_nano.a(libc_a-lseekr.o)
 .data          0x00000000        0x0 /usr/lib/gcc/arm-none-eabi/14.2.1/../../../arm-none-eabi/lib/thumb/v7-m/nofp/libg_nano.a(libc_a-lseekr.o)
 .bss           0x00000000        0x0 /usr/lib/gcc/arm-none-eabi/14.2.1/../../../arm-none-eabi/lib/thumb/v7-m/nofp/libg_nano.a(libc_a-lseekr.o)
 .debug_info    0x00000000      0x79e /usr/lib/gcc/arm-none-eabi/14.2.1/../../../arm-none-eabi/lib/thumb/v7-m/nofp/libg_nano.a(libc_a-lseekr.o)
 .debug_abbrev  0x00000000      0x1c4 /usr/lib/gcc/arm-none-eabi/14.2.1/../../../arm-none-eabi/lib/thumb/v7-m/nofp/libg_nano.a(libc_a-lseekr.o)
 .debug_loclists
                0x00000000       0x97 /usr/lib/gcc/arm-none-eabi/14.2.1/../../../arm-none-eabi/lib/thumb/v7-m/nofp/libg_nano.a(libc_a-lseekr.o)
 .debug_aranges
                0x00000000       0x20 /usr/lib/gcc/arm-none-eabi/14.2.1/../../../arm-none-eabi/lib/thumb/v7-m/nofp/libg_nano.a(libc_a-lseekr.o)
 .debug_line    0x00000000      0x1a5 /usr/lib/gcc/arm-none-eabi/14.2.1/../../../arm-none-eabi/lib/thumb/v7-m/nofp/libg_nano.a(libc_a-lseekr.o)
 .debug_str     0x00000000      0x4bc /usr/lib/gcc/arm-none-eabi/14.2.1/../../../arm-none-eabi/lib/thumb/v7-m/nofp/libg_nano.a(libc_a-lseekr.o)
 .comment       0x00000000       0x27 /usr/lib/gcc/arm-none-eabi/14.2.1/../../../arm-none-eabi/lib/thumb/v7-m/nofp/libg_nano.a(libc_a-lseekr.o)
 .debug_frame   0x00000000       0x2c /usr/lib/gcc/arm-none-eabi/14.2.1/../../../arm-none-eabi/lib/thumb/v7-m/nofp/libg_nano.a(libc_a-lseekr.o)
 .ARM.attributes
                0x00000000       0x2d /usr/lib/gcc/arm-none-eabi/14.2.1/../../../arm-none-eabi/lib/thumb/v7-m/nofp/libg_nano.a(libc_a-lseekr.o)
 .text          0x00000000       0xc4 /usr/lib/gcc/arm-none-eabi/14.2.1/../../../arm-none-eabi/lib/thumb/v7-m/nofp/libg_nano.a(libc_a-__call_atexit.o)
 .data          0x00000000        0x0 /usr/lib/gcc/arm-none-eabi/14.2.1/../../../arm-none-eabi/lib/thumb/v7-m/nofp/libg_nano.a(libc_a-__call_atexit.o)
 .bss           0x00000000        0x4 /usr/lib/gcc/arm-none-eabi/14.2.1/../../../arm-none-eabi/lib/thumb/v7-m/nofp/libg_nano.a(libc_a-__call_atexit.o)
 .debug_info    0x00000000      0x235 /usr/lib/gcc/arm-none-eabi/14.2.1/../../../arm-none-eabi/lib/thumb/v7-m/nofp/libg_nano.a(libc_a-__call_atexit.o)
 .debug_abbrev  0x00000000      0x179 /usr/lib/gcc/arm-none-eabi/14.2.1/../../../arm-none-eabi/lib/thumb/v7-m/nofp/libg_nano.a(libc_a-__call_atexit.o)
 .debug_loclists
                0x00000000       0xff /usr/lib/gcc/arm-none-eabi/14.2.1/../../../arm-none-eabi/lib/thumb/v7-m/nofp/libg_nano.a(libc_a-__call_atexit.o)
 .debug_aranges
                0x00000000       0x20 /usr/lib/gcc/arm-none-eabi/14.2.1/../../../arm-none-eabi/lib/thumb/v7-m/nofp/libg_nano.a(libc_a-__call_atexit.o)
 .debug_rnglists
                0x00000000       0x2c /usr/lib/gcc/arm-none-eabi/14.2.1/../../../arm-none-eabi/lib/thumb/v7-m/nofp/libg_nano.a(libc_a-__call_atexit.o)
 .debug_line    0x00000000      0x24f /usr/lib/gcc/arm-none-eabi/14.2.1/../../../arm-none-eabi/lib/thumb/v7-m/nofp/libg_nano.a(libc_a-__call_atexit.o)
 .debug_str     0x00000000      0x23e /usr/lib/gcc/arm-none-eabi/14.2.1/../../../arm-none-eabi/lib/thumb/v7-m/nofp/libg_nano.a(libc_a-__call_atexit.o)
 .comment       0x00000000       0x27 /usr/lib/gcc/arm-none-eabi/14.2.1/../../../arm-none-eabi/lib/thumb/v7-m/nofp/libg_nano.a(libc_a-__call_atexit.o)
 .debug_frame   0x00000000       0x40 /usr/lib/gcc/arm-none-eabi/14.2.1/../../../arm-none-eabi/lib/thumb/v7-m/nofp/libg_nano.a(libc_a-__call_atexit.o)
 .ARM.attributes
                0x00000000       0x2d /usr/lib/gcc/arm-none-eabi/14.2.1/../../../arm-none-eabi/lib/thumb/v7-m/nofp/libg_nano.a(libc_a-__call_atexit.o)
 .text          0x00000000       0xd4 /usr/lib/gcc/arm-none-eabi/14.2.1/../../../arm-none-eabi/lib/thumb/v7-m/nofp/libg_nano.a(libc_a-reent.o)
 .data          0x00000000        0x0 /usr/lib/gcc/arm-none-eabi/14.2.1/../../../arm-none-eabi/lib/thumb/v7-m/nofp/libg_nano.a(libc_a-reent.o)
 .bss           0x00000000        0x4 /usr/lib/gcc/arm-none-eabi/14.2.1/../../../arm-none-eabi/lib/thumb/v7-m/nofp/libg_nano.a(libc_a-reent.o)
 .debug_info    0x00000000      0x89f /usr/lib/gcc/arm-none-eabi/14.2.1/../../../arm-none-eabi/lib/thumb/v7-m/nofp/libg_nano.a(libc_a-reent.o)
 .debug_abbrev  0x00000000      0x1ee /usr/lib/gcc/arm-none-eabi/14.2.1/../../../arm-none-eabi/lib/thumb/v7-m/nofp/libg_nano.a(libc_a-reent.o)
 .debug_loclists
                0x00000000       0x80 /usr/lib/gcc/arm-none-eabi/14.2.1/../../../arm-none-eabi/lib/thumb/v7-m/nofp/libg_nano.a(libc_a-reent.o)
 .debug_aranges
                0x00000000       0x20 /usr/lib/gcc/arm-none-eabi/14.2.1/../../../arm-none-eabi/lib/thumb/v7-m/nofp/libg_nano.a(libc_a-reent.o)
 .debug_line    0x00000000      0x283 /usr/lib/gcc/arm-none-eabi/14.2.1/../../../arm-none-eabi/lib/thumb/v7-m/nofp/libg_nano.a(libc_a-reent.o)
 .debug_str     0x00000000      0x4d7 /usr/lib/gcc/arm-none-eabi/14.2.1/../../../arm-none-eabi/lib/thumb/v7-m/nofp/libg_nano.a(libc_a-reent.o)
 .comment       0x00000000       0x27 /usr/lib/gcc/arm-none-eabi/14.2.1/../../../arm-none-eabi/lib/thumb/v7-m/nofp/libg_nano.a(libc_a-reent.o)
 .debug_frame   0x00000000       0x40 /usr/lib/gcc/arm-none-eabi/14.2.1/../../../arm-none-eabi/lib/thumb/v7-m/nofp/libg_nano.a(libc_a-reent.o)
 .ARM.attributes
                0x00000000       0x2d /usr/lib/gcc/arm-none-eabi/14.2.1/../../../arm-none-eabi/lib/thumb/v7-m/nofp/libg_nano.a(libc_a-reent.o)
 .text          0x00000000        0x0 /usr/lib/gcc/arm-none-eabi/14.2.1/thumb/v7-m/nofp/crtend.o
 .data          0x00000000        0x0 /usr/lib/gcc/arm-none-eabi/14.2.1/thumb/v7-m/nofp/crtend.o
 .bss           0x00000000        0x0 /usr/lib/gcc/arm-none-eabi/14.2.1/thumb/v7-m/nofp/crtend.o
 .rodata        0x00000000       0x24 /usr/lib/gcc/arm-none-eabi/14.2.1/thumb/v7-m/nofp/crtend.o
 .eh_frame      0x00000000        0x4 /usr/lib/gcc/arm-none-eabi/14.2.1/thumb/v7-m/nofp/crtend.o
 .tm_clone_table
                0x00000000        0x0 /usr/lib/gcc/arm-none-eabi/14.2.1/thumb/v7-m/nofp/crtend.o
 .comment       0x00000000       0x27 /usr/lib/gcc/arm-none-eabi/14.2.1/thumb/v7-m/nofp/crtend.o
 .ARM.attributes
                0x00000000       0x2d /usr/lib/gcc/arm-none-eabi/14.2.1/thumb/v7-m/nofp/crtend.o
 .text          0x00000000        0x0 /usr/lib/gcc/arm-none-eabi/14.2.1/thumb/v7-m/nofp/crtn.o
 .data          0x00000000        0x0 /usr/lib/gcc/arm-none-eabi/14.2.1/thumb/v7-m/nofp/crtn.o
 .bss           0x00000000        0x0 /usr/lib/gcc/arm-none-eabi/14.2.1/thumb/v7-m/nofp/crtn.o

Memory Configuration

Name             Origin             Length             Attributes
FLASH            0x08000000         0x00010000         xr
RAM              0x20000000         0x00005000         xrw
*default*        0x00000000         0xffffffff

Linker script and memory map

LOAD /usr/lib/gcc/arm-none-eabi/14.2.1/thumb/v7-m/nofp/crti.o
LOAD /usr/lib/gcc/arm-none-eabi/14.2.1/thumb/v7-m/nofp/crtbegin.o
LOAD /usr/lib/gcc/arm-none-eabi/14.2.1/../../../arm-none-eabi/lib/thumb/v7-m/nofp/crt0.o
LOAD /tmp/cciwPRk6.o
LOAD /tmp/ccXSz0LC.o
LOAD /tmp/ccpJlTxr.o
LOAD /tmp/ccG7Zbi9.o
LOAD /tmp/cc7AuLU3.o
LOAD /tmp/ccuF6den.o
LOAD /tmp/ccnV5GXD.o
LOAD /tmp/ccpQDonU.o
LOAD /tmp/ccR4wnz4.o
LOAD /tmp/ccaB4WO2.o
LOAD /tmp/ccfK9cPW.o
LOAD /tmp/ccz1UJhH.o
LOAD /tmp/ccT83TLQ.o
LOAD /tmp/ccuMYQOf.o
LOAD /tmp/ccS1R1Nl.o
LOAD /tmp/cczapJug.o
LOAD /tmp/ccC9SwJ3.o
LOAD /tmp/ccFAT5Iv.o
LOAD /tmp/cca3Qm7O.o
LOAD /tmp/cc8ozrXS.o
LOAD /tmp/ccdPlMCA.o
LOAD /tmp/ccdseFGM.o
LOAD /tmp/ccrAsmJL.o
LOAD /tmp/ccKuPvmW.o
LOAD /tmp/ccqz6P5O.o
LOAD /tmp/ccpM5kLn.o
LOAD /tmp/ccQFTs8K.o
LOAD /tmp/ccgz8vUb.o
LOAD /tmp/ccn6FzDy.o
LOAD /tmp/ccjbCodR.o
LOAD /tmp/ccO7Weni.o
LOAD /tmp/cctzR8jy.o
START GROUP
LOAD /usr/lib/gcc/arm-none-eabi/14.2.1/thumb/v7-m/nofp/libgcc.a
LOAD /usr/lib/gcc/arm-none-eabi/14.2.1/../../../arm-none-eabi/lib/thumb/v7-m/nofp/libg_nano.a
LOAD /usr/lib/gcc/arm-none-eabi/14.2.1/../../../arm-none-eabi/lib/thumb/v7-m/nofp/libc_nano.a
END GROUP
START GROUP
LOAD /usr/lib/gcc/arm-none-eabi/14.2.1/thumb/v7-m/nofp/libgcc.a
LOAD /usr/lib/gcc/arm-none-eabi/14.2.1/../../../arm-none-eabi/lib/thumb/v7-m/nofp/libc_nano.a
END GROUP
LOAD /usr/lib/gcc/arm-none-eabi/14.2.1/thumb/v7-m/nofp/crtend.o
LOAD /usr/lib/gcc/arm-none-eabi/14.2.1/thumb/v7-m/nofp/crtn.o
                0x20005000                        _estack = (ORIGIN (RAM) + LENGTH (RAM))

.isr_vector     0x08000000      0x10c
                0x08000000                        . = ALIGN (0x4)
 *(.isr_vector)
 .isr_vector    0x08000000      0x10c /tmp/cctzR8jy.o
                0x08000000                g_pfnVectors
                0x0800010c                        . = ALIGN (0x4)

.text           0x0800010c      0x500
                0x0800010c                        . = ALIGN (0x4)
 *(.text)
 .text          0x0800010c      0x15c /tmp/ccXSz0LC.o
                0x0800010c                SystemInit
                0x0800020c                SystemCoreClockUpdate
 .text          0x08000268       0x24 /tmp/ccpM5kLn.o
                0x08000268                NMI_Handler
                0x0800026c                HardFault_Handler
                0x08000270                MemManage_Handler
                0x08000274                BusFault_Handler
                0x08000278                UsageFault_Handler
                0x0800027c                SVC_Handler
                0x08000280                DebugMon_Handler
                0x08000284                PendSV_Handler
                0x08000288                SysTick_Handler
 .text          0x0800028c       0xc4 /tmp/ccQFTs8K.o
                0x0800028c                key_init
                0x080002a0                key_machine
 .text          0x08000350       0x98 /tmp/ccgz8vUb.o
                0x08000350                led_init
                0x08000388                led_on
                0x080003ac                led_off
                0x080003d0                led_toggle
 .text          0x080003e8       0x38 /tmp/ccjbCodR.o
                0x080003e8                osal_delay_ms
 .text          0x08000420       0xfc /tmp/ccO7Weni.o
 .text          0x0800051c       0x50 /usr/lib/gcc/arm-none-eabi/14.2.1/../../../arm-none-eabi/lib/thumb/v7-m/nofp/libg_nano.a(libc_a-init.o)
                0x0800051c                __libc_init_array
 *(.text*)
 .text.startup  0x0800056c       0x3c /tmp/ccn6FzDy.o
                0x0800056c                main
 .text.Reset_Handler
                0x080005a8       0x48 /tmp/cctzR8jy.o
                0x080005a8                Reset_Handler
 .text.Default_Handler
                0x080005f0        0x2 /tmp/cctzR8jy.o
                0x080005f0                EXTI2_IRQHandler
                0x080005f0                TIM1_CC_IRQHandler
                0x080005f0                PVD_IRQHandler
                0x080005f0                EXTI3_IRQHandler
                0x080005f0                EXTI0_IRQHandler
                0x080005f0                I2C2_EV_IRQHandler
                0x080005f0                ADC1_2_IRQHandler
                0x080005f0                SPI1_IRQHandler
                0x080005f0                TAMPER_IRQHandler
                0x080005f0                DMA1_Channel4_IRQHandler
                0x080005f0                USART3_IRQHandler
                0x080005f0                RTC_IRQHandler
                0x080005f0                DMA1_Channel7_IRQHandler
                0x080005f0                CAN1_RX1_IRQHandler
                0x080005f0                TIM4_IRQHandler
                0x080005f0                I2C1_EV_IRQHandler
                0x080005f0                DMA1_Channel6_IRQHandler
                0x080005f0                TIM3_IRQHandler
                0x080005f0                RCC_IRQHandler
                0x080005f0                TIM1_TRG_COM_IRQHandler
                0x080005f0                DMA1_Channel1_IRQHandler
                0x080005f0                Default_Handler
                0x080005f0                EXTI15_10_IRQHandler
                0x080005f0                EXTI9_5_IRQHandler
                0x080005f0                SPI2_IRQHandler
                0x080005f0                DMA1_Channel5_IRQHandler
                0x080005f0                EXTI4_IRQHandler
                0x080005f0                USB_LP_CAN1_RX0_IRQHandler
                0x080005f0                USB_HP_CAN1_TX_IRQHandler
                0x080005f0                DMA1_Channel3_IRQHandler
                0x080005f0                TIM1_UP_IRQHandler
                0x080005f0                WWDG_IRQHandler
                0x080005f0                TIM2_IRQHandler
                0x080005f0                TIM1_BRK_IRQHandler
                0x080005f0                EXTI1_IRQHandler
                0x080005f0                RTCAlarm_IRQHandler
                0x080005f0                USART2_IRQHandler
                0x080005f0                I2C2_ER_IRQHandler
                0x080005f0                DMA1_Channel2_IRQHandler
                0x080005f0                CAN1_SCE_IRQHandler
                0x080005f0                FLASH_IRQHandler
                0x080005f0                USART1_IRQHandler
                0x080005f0                I2C1_ER_IRQHandler
                0x080005f0                USBWakeUp_IRQHandler
 *(.init)
 *fill*         0x080005f2        0x2 
 .init          0x080005f4        0x4 /usr/lib/gcc/arm-none-eabi/14.2.1/thumb/v7-m/nofp/crti.o
                0x080005f4                _init
 .init          0x080005f8        0x8 /usr/lib/gcc/arm-none-eabi/14.2.1/thumb/v7-m/nofp/crtn.o
 *(.fini)
 .fini          0x08000600        0x4 /usr/lib/gcc/arm-none-eabi/14.2.1/thumb/v7-m/nofp/crti.o
                0x08000600                _fini
 .fini          0x08000604        0x8 /usr/lib/gcc/arm-none-eabi/14.2.1/thumb/v7-m/nofp/crtn.o
                0x0800060c                        . = ALIGN (0x4)

.glue_7         0x0800060c        0x0
 .glue_7        0x0800060c        0x0 linker stubs

.glue_7t        0x0800060c        0x0
 .glue_7t       0x0800060c        0x0 linker stubs

.vfp11_veneer   0x0800060c        0x0
 .vfp11_veneer  0x0800060c        0x0 linker stubs

.v4_bx          0x0800060c        0x0
 .v4_bx         0x0800060c        0x0 linker stubs

.iplt           0x0800060c        0x0
 .iplt          0x0800060c        0x0 /tmp/ccXSz0LC.o

.rodata         0x0800060c       0x20
                0x0800060c                        . = ALIGN (0x4)
 *(.rodata)
 .rodata        0x0800060c       0x10 /tmp/ccXSz0LC.o
                0x0800060c                AHBPrescTable
 .rodata        0x0800061c       0x10 /tmp/ccO7Weni.o
                0x0800061c                stm32_gpio_ops
 *(.rodata*)
                0x0800062c                        . = ALIGN (0x4)
                0x0800062c                        _sidata = LOADADDR (.data)

.rel.dyn        0x0800062c        0x0
 .rel.iplt      0x0800062c        0x0 /tmp/ccXSz0LC.o

.data           0x20000000       0x40 load address 0x0800062c
                0x20000000                        . = ALIGN (0x4)
                0x20000000                        _sdata = .
 *(.data)
 .data          0x20000000        0x4 /tmp/ccXSz0LC.o
                0x20000000                SystemCoreClock
 .data          0x20000004       0x3c /tmp/ccn6FzDy.o
                0x20000004                LED_USE_PINS
 *(.data*)
                0x20000040                        . = ALIGN (0x4)
                0x20000040                        _edata = .

.igot.plt       0x20000040        0x0 load address 0x0800066c
 .igot.plt      0x20000040        0x0 /tmp/ccXSz0LC.o

.bss            0x20000040        0x0 load address 0x0800066c
                0x20000040                        . = ALIGN (0x4)
                0x20000040                        _sbss = .
                0x20000040                        __bss_start__ = _sbss
 *(.bss)
 *(.bss*)
 *(COMMON)
                0x20000040                        . = ALIGN (0x4)
                0x20000040                        _ebss = .
                0x20000040                        __bss_end__ = _ebss
OUTPUT(main.elf elf32-littlearm)
LOAD linker stubs

.ARM.attributes
                0x00000000       0x29
 .ARM.attributes
                0x00000000       0x1d /usr/lib/gcc/arm-none-eabi/14.2.1/thumb/v7-m/nofp/crti.o
 .ARM.attributes
                0x0000001d       0x2d /tmp/ccXSz0LC.o
 .ARM.attributes
                0x0000004a       0x2d /tmp/ccpM5kLn.o
 .ARM.attributes
                0x00000077       0x2d /tmp/ccQFTs8K.o
 .ARM.attributes
                0x000000a4       0x2d /tmp/ccgz8vUb.o
 .ARM.attributes
                0x000000d1       0x2d /tmp/ccn6FzDy.o
 .ARM.attributes
                0x000000fe       0x2d /tmp/ccjbCodR.o
 .ARM.attributes
                0x0000012b       0x2d /tmp/ccO7Weni.o
 .ARM.attributes
                0x00000158       0x21 /tmp/cctzR8jy.o
 .ARM.attributes
                0x00000179       0x2d /usr/lib/gcc/arm-none-eabi/14.2.1/../../../arm-none-eabi/lib/thumb/v7-m/nofp/libg_nano.a(libc_a-init.o)
 .ARM.attributes
                0x000001a6       0x1d /usr/lib/gcc/arm-none-eabi/14.2.1/thumb/v7-m/nofp/crtn.o

.comment        0x00000000       0x4c
 .comment       0x00000000       0x4c /tmp/ccXSz0LC.o
                                 0x27 (size before relaxing)
 .comment       0x0000004c       0x27 /tmp/ccpM5kLn.o
 .comment       0x0000004c       0x27 /tmp/ccQFTs8K.o
 .comment       0x0000004c       0x27 /tmp/ccgz8vUb.o
 .comment       0x0000004c       0x27 /tmp/ccn6FzDy.o
 .comment       0x0000004c       0x27 /tmp/ccjbCodR.o
 .comment       0x0000004c       0x27 /tmp/ccO7Weni.o
 .comment       0x0000004c       0x27 /usr/lib/gcc/arm-none-eabi/14.2.1/../../../arm-none-eabi/lib/thumb/v7-m/nofp/libg_nano.a(libc_a-init.o)

.debug_info     0x00000000     0x1a04
 .debug_info    0x00000000      0x422 /tmp/ccXSz0LC.o
 .debug_info    0x00000422       0xdd /tmp/ccpM5kLn.o
 .debug_info    0x000004ff      0x518 /tmp/ccQFTs8K.o
 .debug_info    0x00000a17      0x43d /tmp/ccgz8vUb.o
 .debug_info    0x00000e54      0x490 /tmp/ccn6FzDy.o
 .debug_info    0x000012e4       0xb4 /tmp/ccjbCodR.o
 .debug_info    0x00001398      0x531 /tmp/ccO7Weni.o
 .debug_info    0x000018c9       0x30 /tmp/cctzR8jy.o
 .debug_info    0x000018f9      0x10b /usr/lib/gcc/arm-none-eabi/14.2.1/../../../arm-none-eabi/lib/thumb/v7-m/nofp/libg_nano.a(libc_a-init.o)

.debug_abbrev   0x00000000      0xb76
 .debug_abbrev  0x00000000      0x1eb /tmp/ccXSz0LC.o
 .debug_abbrev  0x000001eb       0x7a /tmp/ccpM5kLn.o
 .debug_abbrev  0x00000265      0x200 /tmp/ccQFTs8K.o
 .debug_abbrev  0x00000465      0x1df /tmp/ccgz8vUb.o
 .debug_abbrev  0x00000644      0x14c /tmp/ccn6FzDy.o
 .debug_abbrev  0x00000790       0x7d /tmp/ccjbCodR.o
 .debug_abbrev  0x0000080d      0x27c /tmp/ccO7Weni.o
 .debug_abbrev  0x00000a89       0x24 /tmp/cctzR8jy.o
 .debug_abbrev  0x00000aad       0xc9 /usr/lib/gcc/arm-none-eabi/14.2.1/../../../arm-none-eabi/lib/thumb/v7-m/nofp/libg_nano.a(libc_a-init.o)

.debug_loclists
                0x00000000      0x6a4
 .debug_loclists
                0x00000000       0x99 /tmp/ccXSz0LC.o
 .debug_loclists
                0x00000099      0x224 /tmp/ccQFTs8K.o
 .debug_loclists
                0x000002bd      0x1ba /tmp/ccgz8vUb.o
 .debug_loclists
                0x00000477      0x1c8 /tmp/ccO7Weni.o
 .debug_loclists
                0x0000063f       0x65 /usr/lib/gcc/arm-none-eabi/14.2.1/../../../arm-none-eabi/lib/thumb/v7-m/nofp/libg_nano.a(libc_a-init.o)

.debug_aranges  0x00000000      0x128
 .debug_aranges
                0x00000000       0x20 /tmp/ccXSz0LC.o
 .debug_aranges
                0x00000020       0x20 /tmp/ccpM5kLn.o
 .debug_aranges
                0x00000040       0x20 /tmp/ccQFTs8K.o
 .debug_aranges
                0x00000060       0x20 /tmp/ccgz8vUb.o
 .debug_aranges
                0x00000080       0x20 /tmp/ccn6FzDy.o
 .debug_aranges
                0x000000a0       0x20 /tmp/ccjbCodR.o
 .debug_aranges
                0x000000c0       0x20 /tmp/ccO7Weni.o
 .debug_aranges
                0x000000e0       0x28 /tmp/cctzR8jy.o
 .debug_aranges
                0x00000108       0x20 /usr/lib/gcc/arm-none-eabi/14.2.1/../../../arm-none-eabi/lib/thumb/v7-m/nofp/libg_nano.a(libc_a-init.o)

.debug_rnglists
                0x00000000       0xc9
 .debug_rnglists
                0x00000000       0x18 /tmp/ccXSz0LC.o
 .debug_rnglists
                0x00000018       0x3b /tmp/ccgz8vUb.o
 .debug_rnglists
                0x00000053       0x13 /tmp/ccn6FzDy.o
 .debug_rnglists
                0x00000066       0x4a /tmp/ccO7Weni.o
 .debug_rnglists
                0x000000b0       0x19 /tmp/cctzR8jy.o

.debug_line     0x00000000      0xf45
 .debug_line    0x00000000      0x308 /tmp/ccXSz0LC.o
 .debug_line    0x00000308       0x95 /tmp/ccpM5kLn.o
 .debug_line    0x0000039d      0x2c4 /tmp/ccQFTs8K.o
 .debug_line    0x00000661      0x266 /tmp/ccgz8vUb.o
 .debug_line    0x000008c7      0x143 /tmp/ccn6FzDy.o
 .debug_line    0x00000a0a       0xbf /tmp/ccjbCodR.o
 .debug_line    0x00000ac9      0x2e8 /tmp/ccO7Weni.o
 .debug_line    0x00000db1       0x76 /tmp/cctzR8jy.o
 .debug_line    0x00000e27      0x11e /usr/lib/gcc/arm-none-eabi/14.2.1/../../../arm-none-eabi/lib/thumb/v7-m/nofp/libg_nano.a(libc_a-init.o)

.debug_str      0x00000000      0x73d
 .debug_str     0x00000000      0x73d /tmp/ccXSz0LC.o
                                0x26b (size before relaxing)
 .debug_str     0x0000073d      0x19a /tmp/ccpM5kLn.o
 .debug_str     0x0000073d      0x23c /tmp/ccQFTs8K.o
 .debug_str     0x0000073d      0x1df /tmp/ccgz8vUb.o
 .debug_str     0x0000073d      0x2d5 /tmp/ccn6FzDy.o
 .debug_str     0x0000073d      0x11e /tmp/ccjbCodR.o
 .debug_str     0x0000073d      0x295 /tmp/ccO7Weni.o
 .debug_str     0x0000073d       0x52 /tmp/cctzR8jy.o
 .debug_str     0x0000073d      0x1f6 /usr/lib/gcc/arm-none-eabi/14.2.1/../../../arm-none-eabi/lib/thumb/v7-m/nofp/libg_nano.a(libc_a-init.o)

.debug_frame    0x00000000      0x2b4
 .debug_frame   0x00000000       0x44 /tmp/ccXSz0LC.o
 .debug_frame   0x00000044       0xa0 /tmp/ccpM5kLn.o
 .debug_frame   0x000000e4       0x3c /tmp/ccQFTs8K.o
 .debug_frame   0x00000120       0x94 /tmp/ccgz8vUb.o
 .debug_frame   0x000001b4       0x28 /tmp/ccn6FzDy.o
 .debug_frame   0x000001dc       0x28 /tmp/ccjbCodR.o
 .debug_frame   0x00000204       0x84 /tmp/ccO7Weni.o
 .debug_frame   0x00000288       0x2c /usr/lib/gcc/arm-none-eabi/14.2.1/../../../arm-none-eabi/lib/thumb/v7-m/nofp/libg_nano.a(libc_a-init.o)

.debug_line_str
                0x00000000       0x38
 .debug_line_str
                0x00000000       0x38 /tmp/cctzR8jy.o
